Archive member included because of file (symbol)

C:\Program Files (x86)\VEX Robotics\VEXcode Pro V5\sdk/vexv5\libv5rt.a(v5_startup.c.obj)
                              (vexStartup)
C:\Program Files (x86)\VEX Robotics\VEXcode Pro V5\sdk/vexv5\libv5rt.a(v5_util.c.obj)
                              C:\Program Files (x86)\VEX Robotics\VEXcode Pro V5\sdk/vexv5\libv5rt.a(v5_startup.c.obj) (vexStdlibVersionLinked)
C:\Program Files (x86)\VEX Robotics\VEXcode Pro V5\sdk/vexv5\libv5rt.a(v5_apijump.c.obj)
                              C:\Program Files (x86)\VEX Robotics\VEXcode Pro V5\sdk/vexv5\libv5rt.a(v5_startup.c.obj) (vexPrivateApiEnable)
C:\Program Files (x86)\VEX Robotics\VEXcode Pro V5\sdk/vexv5\libv5rt.a(v5_apiversions.c.obj)
                              C:\Program Files (x86)\VEX Robotics\VEXcode Pro V5\sdk/vexv5\libv5rt.a(v5_apijump.c.obj) (vexSystemVersion)
C:\Program Files (x86)\VEX Robotics\VEXcode Pro V5\sdk/vexv5\libv5rt.a(vex_global.cpp.obj)
                              build/src/main.o (vex::wait(double, vex::timeUnits))
C:\Program Files (x86)\VEX Robotics\VEXcode Pro V5\sdk/vexv5\libv5rt.a(vex_device.cpp.obj)
                              build/src/main.o (vtable for vex::device)
C:\Program Files (x86)\VEX Robotics\VEXcode Pro V5\sdk/vexv5\libv5rt.a(vex_motor.cpp.obj)
                              build/src/main.o (vex::motor::~motor())
C:\Program Files (x86)\VEX Robotics\VEXcode Pro V5\sdk/vexv5\libv5rt.a(vex_controller.cpp.obj)
                              build/src/main.o (vex::controller::_getIndex())
C:\Program Files (x86)\VEX Robotics\VEXcode Pro V5\sdk/vexv5\libv5rt.a(vex_thread.cpp.obj)
                              build/src/main.o (vex::thread::thread(int (*)()))
C:\Program Files (x86)\VEX Robotics\VEXcode Pro V5\sdk/vexv5\libv5rt.a(vex_event.cpp.obj)
                              C:\Program Files (x86)\VEX Robotics\VEXcode Pro V5\sdk/vexv5\libv5rt.a(vex_controller.cpp.obj) (vex::event::init(unsigned long, unsigned long, void (*)()))
C:\Program Files (x86)\VEX Robotics\VEXcode Pro V5\sdk/vexv5\libv5rt.a(vex_mevent.cpp.obj)
                              build/src/main.o (vex::mevent::mevent(unsigned long, unsigned long))
C:\Program Files (x86)\VEX Robotics\VEXcode Pro V5\sdk/vexv5\libv5rt.a(vex_brain.cpp.obj)
                              build/src/robot-config.o (vex::brain::brain())
C:\Program Files (x86)\VEX Robotics\VEXcode Pro V5\sdk/vexv5\libv5rt.a(vex_competition.cpp.obj)
                              build/src/main.o (vex::competition::competition())
C:\Program Files (x86)\VEX Robotics\VEXcode Pro V5\sdk/vexv5\libv5rt.a(vex_triport.cpp.obj)
                              C:\Program Files (x86)\VEX Robotics\VEXcode Pro V5\sdk/vexv5\libv5rt.a(vex_brain.cpp.obj) (vex::triport::~triport())
C:\Program Files (x86)\VEX Robotics\VEXcode Pro V5\sdk/vexv5\libv5rt.a(vex_color.cpp.obj)
                              build/src/main.o (vex::color::~color())
C:\Program Files (x86)\VEX Robotics\VEXcode Pro V5\sdk/vexv5\libv5rt.a(vex_timer.cpp.obj)
                              C:\Program Files (x86)\VEX Robotics\VEXcode Pro V5\sdk/vexv5\libv5rt.a(vex_brain.cpp.obj) (vex::timer::~timer())
C:\Program Files (x86)\VEX Robotics\VEXcode Pro V5\sdk/vexv5\libv5rt.a(vex_motorgroup.cpp.obj)
                              build/src/robot-config.o (vex::motor_group::motor_group())
C:\Program Files (x86)\VEX Robotics\VEXcode Pro V5\sdk/vexv5\libv5rt.a(vex_drivetrain.cpp.obj)
                              build/src/robot-config.o (vex::drivetrain::~drivetrain())
C:\Program Files (x86)\VEX Robotics\VEXcode Pro V5\sdk/vexv5\libv5rt.a(v5_apiuser.c.obj)
                              C:\Program Files (x86)\VEX Robotics\VEXcode Pro V5\sdk/vexv5\libv5rt.a(vex_triport.cpp.obj) (vexAdiPortConfigSet)
C:\Program Files (x86)\VEX Robotics\VEXcode Pro V5\sdk/vexv5\libv5rt.a(vex_task.cpp.obj)
                              C:\Program Files (x86)\VEX Robotics\VEXcode Pro V5\sdk/vexv5\libv5rt.a(vex_competition.cpp.obj) (vex::task::task(int (*)()))
C:\Program Files (x86)\VEX Robotics\VEXcode Pro V5\sdk/vexv5/gcc/libs\libstdc++.a(sstream-inst.o)
                              build/src/main.o (VTT for std::basic_stringstream<char, std::char_traits<char>, std::allocator<char> >)
C:\Program Files (x86)\VEX Robotics\VEXcode Pro V5\sdk/vexv5/gcc/libs\libstdc++.a(streambuf-inst.o)
                              C:\Program Files (x86)\VEX Robotics\VEXcode Pro V5\sdk/vexv5/gcc/libs\libstdc++.a(sstream-inst.o) (vtable for std::basic_streambuf<char, std::char_traits<char> >)
C:\Program Files (x86)\VEX Robotics\VEXcode Pro V5\sdk/vexv5/gcc/libs\libstdc++.a(class_type_info.o)
                              C:\Program Files (x86)\VEX Robotics\VEXcode Pro V5\sdk/vexv5/gcc/libs\libstdc++.a(streambuf-inst.o) (vtable for __cxxabiv1::__class_type_info)
C:\Program Files (x86)\VEX Robotics\VEXcode Pro V5\sdk/vexv5/gcc/libs\libstdc++.a(si_class_type_info.o)
[...]
Memory Configuration

Name             Origin             Length             Attributes
ps7_ddr_0_S_AXI_BASEADDR 0x03800000         0x04800000
*default*        0x00000000         0xffffffff

Linker script and memory map

                0x00002000                _STACK_SIZE = DEFINED (_STACK_SIZE)?_STACK_SIZE:0x2000
                0x00100000                _HEAP_SIZE = DEFINED (_HEAP_SIZE)?_HEAP_SIZE:0x100000
                0x00000400                _ABORT_STACK_SIZE = DEFINED (_ABORT_STACK_SIZE)?_ABORT_STACK_SIZE:0x400
                0x00000800                _SUPERVISOR_STACK_SIZE = DEFINED (_SUPERVISOR_STACK_SIZE)?_SUPERVISOR_STACK_SIZE:0x800
                0x00000400                _IRQ_STACK_SIZE = DEFINED (_IRQ_STACK_SIZE)?_IRQ_STACK_SIZE:0x400
                0x00000400                _FIQ_STACK_SIZE = DEFINED (_FIQ_STACK_SIZE)?_FIQ_STACK_SIZE:0x400
                0x00000400                _UNDEF_STACK_SIZE = DEFINED (_UNDEF_STACK_SIZE)?_UNDEF_STACK_SIZE:0x400

.text           0x03800000    0x11d90
 *(.vectors)
 *(.boot_data)
 .boot_data     0x03800000       0x20 C:\Program Files (x86)\VEX Robotics\VEXcode Pro V5\sdk/vexv5\libv5rt.a(v5_startup.c.obj)
                0x03800000                vexCodeSig
                0x00000020                . = 0x20
 *(.boot)
 .boot          0x03800020       0xbc C:\Program Files (x86)\VEX Robotics\VEXcode Pro V5\sdk/vexv5\libv5rt.a(v5_startup.c.obj)
                0x03800020                vexStartup
                0x03800100                . = ALIGN (0x40)
 *fill*         0x038000dc       0x24 
 *(.freertos_vectors)
 *(.text)
 .text          0x03800100       0x3a C:\Program Files (x86)\VEX Robotics\VEXcode Pro V5\sdk/vexv5/gcc/libs\libc.a(lib_a-aeabi_memmove-soft.o)
                0x03800100                __aeabi_memmove4
                0x03800100                __aeabi_memmove
                0x03800100                __aeabi_memmove8
 .text          0x0380013a       0x9a C:\Program Files (x86)\VEX Robotics\VEXcode Pro V5\sdk/vexv5/gcc/libs\libc.a(lib_a-aeabi_memset-soft.o)
                0x0380013a                __aeabi_memset8
                0x0380013a                __aeabi_memset
                0x0380013a                __aeabi_memset4
 *(.text.*)
 .text._Z10Initialise4side
                0x038001d4       0xbc build/src/main.o
                0x038001d4                Initialise(side)
 .text._Z11ResetTogglePv
                0x03800290       0x18 build/src/main.o
                0x03800290                ResetToggle(void*)
 .text.__cxx_global_array_dtor
                0x038002a8       0x2c build/src/main.o
 .text._Z10str_to_intRKSs
                0x038002d4       0x50 build/src/main.o
                0x038002d4                str_to_int(std::string const&)
 .text._Z7resplitRKSsSs
                0x03800324      0x1c8 build/src/main.o
                0x03800324                resplit(std::string const&, std::string)
 .text._ZNSt20regex_token_iteratorIN9__gnu_cxx17__normal_iteratorIPKcSsEEcSt12regex_traitsIcEEC2ES4_S4_RKSt11basic_regexIcS6_EiNSt15regex_constants15match_flag_typeE
                0x038004ec       0x84 build/src/main.o
                0x038004ec                std::regex_token_iterator<__gnu_cxx::__normal_iterator<char const*, std::string>, char, std::regex_traits<char> >::regex_token_iterator(__gnu_cxx::__normal_iterator<char const*, std::string>, __gnu_cxx::__normal_iterator<char const*, std::string>, std::basic_regex<char, std::regex_traits<char> > const&, int, std::regex_constants::match_flag_type)
 .text._ZNSt20regex_token_iteratorIN9__gnu_cxx17__normal_iteratorIPKcSsEEcSt12regex_traitsIcEEppEv
                0x03800570      0x260 build/src/main.o
                0x03800570                std::regex_token_iterator<__gnu_cxx::__normal_iterator<char const*, std::string>, char, std::regex_traits<char> >::operator++()
 .text._ZNSt11basic_regexIcSt12regex_traitsIcEED2Ev
                0x038007d0       0x70 build/src/main.o
                0x038007d0                std::basic_regex<char, std::regex_traits<char> >::~basic_regex()
 .text._ZNSt6vectorISsSaISsEED2Ev
                0x03800840       0x44 build/src/main.o
                0x03800840                std::vector<std::string, std::allocator<std::string> >::~vector()
 .text._Z10DisplayImgv
                0x03800884      0x5bc build/src/main.o
                0x03800884                DisplayImg()
 .text._ZN11BetterMotorD2Ev
                0x03800e40        0x4 build/src/main.o
                0x03800e40                BetterMotor::~BetterMotor()
 .text._Z14AutonSelectionv
                0x03800e44      0x1dc build/src/main.o
                0x03800e44                AutonSelection()
 .text._Z9pre_autonv
                0x03801020       0xa0 build/src/main.o
                0x03801020                pre_auton()
 .text._Z10autonomousv
                0x038010c0       0x10 build/src/main.o
                0x038010c0                autonomous()
 .text._Z11DisplayLoopv
                0x038010d0       0xd4 build/src/main.o
                0x038010d0                DisplayLoop()
 .text._Z17ControlDriveSpeedv
                0x038011a4       0xfc build/src/main.o
                0x038011a4                ControlDriveSpeed()
 .text._Z11usercontrolv
                0x038012a0      0x134 build/src/main.o
                0x038012a0                usercontrol()
 .text._ZN7bindingC2EN3vex10controller6buttonES2_11BetterMotorib
                0x038013d4       0xd4 build/src/main.o
                0x038013d4                binding::binding(vex::controller::button, vex::controller::button, BetterMotor, int, bool)
 .text._ZN16BetterDrivetrain5DriveE7Vector2
                0x038014a8      0x15c build/src/main.o
                0x038014a8                BetterDrivetrain::Drive(Vector2)
 .text._ZN7binding7RunCtrlEv
                0x03801604      0x138 build/src/main.o
                0x03801604                binding::RunCtrl()
 *fill*         0x0380173c        0x4 
 .text.main     0x03801740       0x78 build/src/main.o
                0x03801740                main
 .text._ZN3vex10controller6buttonC2Ev
                0x038017b8       0x6c build/src/main.o
                0x038017b8                vex::controller::button::button()
 .text._ZN11BetterMotor5DriveEf
                0x03801824       0xc0 build/src/main.o
                0x03801824                BetterMotor::Drive(float)
 .text._ZNKSt5ctypeIcE5widenEc
                0x038018e4       0x48 build/src/main.o
                0x038018e4                std::ctype<char>::widen(char) const
 .text._ZNSt11basic_regexIcSt12regex_traitsIcEEC2IN9__gnu_cxx17__normal_iteratorIPKcSsEEEET_S9_NSt15regex_constants18syntax_option_typeE
                0x0380192c       0x68 build/src/main.o
                0x0380192c                std::basic_regex<char, std::regex_traits<char> >::basic_regex<__gnu_cxx::__normal_iterator<char const*, std::string> >(__gnu_cxx::__normal_iterator<char const*, std::string>, __gnu_cxx::__normal_iterator<char const*, std::string>, std::regex_constants::syntax_option_type)
 .text._ZNSt8__detail13__compile_nfaISt12regex_traitsIcEEESt10shared_ptrINS_4_NFAIT_EEEPKNS5_9char_typeESA_RKS5_NSt15regex_constants18syntax_option_typeE
                0x03801994       0xc4 build/src/main.o
                0x03801994                std::shared_ptr<std::__detail::_NFA<std::regex_traits<char> > > std::__detail::__compile_nfa<std::regex_traits<char> >(std::regex_traits<char>::char_type const*, std::regex_traits<char>::char_type const*, std::regex_traits<char> const&, std::regex_constants::syntax_option_type)
 .text._ZNSs12_S_constructIN9__gnu_cxx17__normal_iteratorIPKcSsEEEEPcT_S6_RKSaIcESt20forward_iterator_tag
                0x03801a58       0x84 build/src/main.o
                0x03801a58                char* std::string::_S_construct<__gnu_cxx::__normal_iterator<char const*, std::string> >(__gnu_cxx::__normal_iterator<char const*, std::string>, __gnu_cxx::__normal_iterator<char const*, std::string>, std::allocator<char> const&, std::forward_iterator_tag)
 .text._ZNSt8__detail9_CompilerISt12regex_traitsIcEEC2EPKcS5_RKS2_NSt15regex_constants18syntax_option_typeE
                0x03801adc      0x1d8 build/src/main.o
                0x03801adc                std::__detail::_Compiler<std::regex_traits<char> >::_Compiler(char const*, char const*, std::regex_traits<char> const&, std::regex_constants::syntax_option_type)
 .text._ZNSt8__detail8_ScannerIcEC2EPKcS3_NSt15regex_constants18syntax_option_typeESt6locale
                0x03801cb4       0x74 build/src/main.o
                0x03801cb4                std::__detail::_Scanner<char>::_Scanner(char const*, char const*, std::regex_constants::syntax_option_type, std::locale)
 .text._ZNSt8__detail4_NFAISt12regex_traitsIcEE23_M_insert_subexpr_beginEv
                0x03801d28      0x124 build/src/main.o
                0x03801d28                std::__detail::_NFA<std::regex_traits<char> >::_M_insert_subexpr_begin()
 .text._ZNSt8__detail9_CompilerISt12regex_traitsIcEE14_M_disjunctionEv
                0x03801e4c      0x118 build/src/main.o
                0x03801e4c                std::__detail::_Compiler<std::regex_traits<char> >::_M_disjunction()
 .text._ZNSt8__detail9_CompilerISt12regex_traitsIcEE14_M_match_tokenENS_12_ScannerBase7_TokenTE
                0x03801f64       0x38 build/src/main.o
                0x03801f64                std::__detail::_Compiler<std::regex_traits<char> >::_M_match_token(std::__detail::_ScannerBase::_TokenT)
 .text._ZNSt8__detail9_CompilerISt12regex_traitsIcEE6_M_popEv
                0x03801f9c       0x7c build/src/main.o
                0x03801f9c                std::__detail::_Compiler<std::regex_traits<char> >::_M_pop()
 .text._ZNSt8__detail4_NFAISt12regex_traitsIcEE21_M_insert_subexpr_endEv
                0x03802018       0xd0 build/src/main.o
                0x03802018                std::__detail::_NFA<std::regex_traits<char> >::_M_insert_subexpr_end()
 .text._ZNSt8__detail4_NFAISt12regex_traitsIcEE16_M_insert_acceptEv
                0x038020e8       0x80 build/src/main.o
                0x038020e8                std::__detail::_NFA<std::regex_traits<char> >::_M_insert_accept()
 .text._ZNSt8__detail4_NFAISt12regex_traitsIcEE18_M_eliminate_dummyEv
                0x03802168       0x98 build/src/main.o
                0x03802168                std::__detail::_NFA<std::regex_traits<char> >::_M_eliminate_dummy()
 .text._ZNSt8__detail12_ScannerBaseC2ENSt15regex_constants18syntax_option_typeE
                0x03802200      0x110 build/src/main.o
                0x03802200                std::__detail::_ScannerBase::_ScannerBase(std::regex_constants::syntax_option_type)
 .text._ZSt9use_facetIKSt5ctypeIcEERKT_RKSt6locale
                0x03802310       0x3c build/src/main.o
                0x03802310                std::ctype<char> const& std::use_facet<std::ctype<char> const>(std::locale const&)
 .text._ZNSt8__detail8_ScannerIcE18_M_eat_escape_ecmaEv
                0x0380234c      0x2dc build/src/main.o
                0x0380234c                std::__detail::_Scanner<char>::_M_eat_escape_ecma()
 .text._ZNSt8__detail8_ScannerIcE19_M_eat_escape_posixEv
                0x03802628      0x108 build/src/main.o
                0x03802628                std::__detail::_Scanner<char>::_M_eat_escape_posix()
 .text._ZNSt8__detail8_ScannerIcE10_M_advanceEv
                0x03802730       0x44 build/src/main.o
                0x03802730                std::__detail::_Scanner<char>::_M_advance()
 .text._ZNSt8__detail8_ScannerIcE17_M_eat_escape_awkEv
                0x03802774      0x164 build/src/main.o
                0x03802774                std::__detail::_Scanner<char>::_M_eat_escape_awk()
 .text._ZNSt8__detail8_ScannerIcE14_M_scan_normalEv
                0x038028d8      0x2f8 build/src/main.o
                0x038028d8                std::__detail::_Scanner<char>::_M_scan_normal()
 .text._ZNSt8__detail8_ScannerIcE18_M_scan_in_bracketEv
                0x03802bd0      0x16c build/src/main.o
                0x03802bd0                std::__detail::_Scanner<char>::_M_scan_in_bracket()
 .text._ZNSt8__detail8_ScannerIcE16_M_scan_in_braceEv
                0x03802d3c      0x138 build/src/main.o
                0x03802d3c                std::__detail::_Scanner<char>::_M_scan_in_brace()
 .text._ZNSt8__detail8_ScannerIcE12_M_eat_classEc
                0x03802e74       0xac build/src/main.o
                0x03802e74                std::__detail::_Scanner<char>::_M_eat_class(char)
 .text._ZNSt11_Deque_baseINSt8__detail9_StateSeqISt12regex_traitsIcEEESaIS4_EE17_M_initialize_mapEj
                0x03802f20       0xcc build/src/main.o
                0x03802f20                std::_Deque_base<std::__detail::_StateSeq<std::regex_traits<char> >, std::allocator<std::__detail::_StateSeq<std::regex_traits<char> > > >::_M_initialize_map(unsigned int)
 .text._ZNSt11_Deque_baseINSt8__detail9_StateSeqISt12regex_traitsIcEEESaIS4_EEC2EOS6_
                0x03802fec       0xa4 build/src/main.o
                0x03802fec                std::_Deque_base<std::__detail::_StateSeq<std::regex_traits<char> >, std::allocator<std::__detail::_StateSeq<std::regex_traits<char> > > >::_Deque_base(std::_Deque_base<std::__detail::_StateSeq<std::regex_traits<char> >, std::allocator<std::__detail::_StateSeq<std::regex_traits<char> > > >&&)
 .text._ZNSt11_Deque_baseINSt8__detail9_StateSeqISt12regex_traitsIcEEESaIS4_EED2Ev
                0x03803090       0x50 build/src/main.o
                0x03803090                std::_Deque_base<std::__detail::_StateSeq<std::regex_traits<char> >, std::allocator<std::__detail::_StateSeq<std::regex_traits<char> > > >::~_Deque_base()
 .text._ZNSt6vectorIjSaIjEE19_M_emplace_back_auxIJRKjEEEvDpOT_
                0x038030e0       0x80 build/src/main.o
                0x038030e0                void std::vector<unsigned int, std::allocator<unsigned int> >::_M_emplace_back_aux<unsigned int const&>(unsigned int const&)
 .text._ZNKSt6vectorIjSaIjEE12_M_check_lenEjPKc
                0x03803160       0x54 build/src/main.o
                0x03803160                std::vector<unsigned int, std::allocator<unsigned int> >::_M_check_len(unsigned int, char const*) const
 .text._ZNSt12_Vector_baseIjSaIjEE11_M_allocateEj
                0x038031b4       0x30 build/src/main.o
                0x038031b4                std::_Vector_base<unsigned int, std::allocator<unsigned int> >::_M_allocate(unsigned int)
 .text._ZNSt6vectorINSt8__detail6_StateISt12regex_traitsIcEEESaIS4_EE12emplace_backIJS4_EEEvDpOT_
                0x038031e4       0x8c build/src/main.o
                0x038031e4                void std::vector<std::__detail::_State<std::regex_traits<char> >, std::allocator<std::__detail::_State<std::regex_traits<char> > > >::emplace_back<std::__detail::_State<std::regex_traits<char> > >(std::__detail::_State<std::regex_traits<char> >&&)
 .text._ZNSt6vectorINSt8__detail6_StateISt12regex_traitsIcEEESaIS4_EE19_M_emplace_back_auxIJS4_EEEvDpOT_
                0x03803270      0x1a8 build/src/main.o
                0x03803270                void std::vector<std::__detail::_State<std::regex_traits<char> >, std::allocator<std::__detail::_State<std::regex_traits<char> > > >::_M_emplace_back_aux<std::__detail::_State<std::regex_traits<char> > >(std::__detail::_State<std::regex_traits<char> >&&)
 .text._ZNKSt6vectorINSt8__detail6_StateISt12regex_traitsIcEEESaIS4_EE12_M_check_lenEjPKc
                0x03803418       0x64 build/src/main.o
                0x03803418                std::vector<std::__detail::_State<std::regex_traits<char> >, std::allocator<std::__detail::_State<std::regex_traits<char> > > >::_M_check_len(unsigned int, char const*) const
 .text._ZNSt12_Vector_baseINSt8__detail6_StateISt12regex_traitsIcEEESaIS4_EE11_M_allocateEj
                0x0380347c       0x3c build/src/main.o
                0x0380347c                std::_Vector_base<std::__detail::_State<std::regex_traits<char> >, std::allocator<std::__detail::_State<std::regex_traits<char> > > >::_M_allocate(unsigned int)
 .text._ZNSt8__detail9_CompilerISt12regex_traitsIcEE14_M_alternativeEv
                0x038034b8       0xe4 build/src/main.o
                0x038034b8                std::__detail::_Compiler<std::regex_traits<char> >::_M_alternative()
 .text._ZNSt8__detail4_NFAISt12regex_traitsIcEE15_M_insert_dummyEv
                0x0380359c       0x80 build/src/main.o
                0x0380359c                std::__detail::_NFA<std::regex_traits<char> >::_M_insert_dummy()
 .text._ZNSt8__detail4_NFAISt12regex_traitsIcEE13_M_insert_altEllb
                0x0380361c       0xd4 build/src/main.o
                0x0380361c                std::__detail::_NFA<std::regex_traits<char> >::_M_insert_alt(long, long, bool)
 .text._ZNSt8__detail9_CompilerISt12regex_traitsIcEE7_M_termEv
                0x038036f0       0x48 build/src/main.o
                0x038036f0                std::__detail::_Compiler<std::regex_traits<char> >::_M_term()
 .text._ZNSt8__detail9_CompilerISt12regex_traitsIcEE12_M_assertionEv
                0x03803738      0x1e4 build/src/main.o
                0x03803738                std::__detail::_Compiler<std::regex_traits<char> >::_M_assertion()
 .text._ZNSt8__detail9_CompilerISt12regex_traitsIcEE7_M_atomEv
                0x0380391c      0x360 build/src/main.o
                0x0380391c                std::__detail::_Compiler<std::regex_traits<char> >::_M_atom()
 .text._ZNSt8__detail9_CompilerISt12regex_traitsIcEE13_M_quantifierEv
                0x03803c7c      0x5e0 build/src/main.o
                0x03803c7c                std::__detail::_Compiler<std::regex_traits<char> >::_M_quantifier()
 .text._ZNSt8__detail4_NFAISt12regex_traitsIcEE20_M_insert_line_beginEv
                0x0380425c       0x80 build/src/main.o
                0x0380425c                std::__detail::_NFA<std::regex_traits<char> >::_M_insert_line_begin()
 .text._ZNSt8__detail4_NFAISt12regex_traitsIcEE18_M_insert_line_endEv
                0x038042dc       0x80 build/src/main.o
                0x038042dc                std::__detail::_NFA<std::regex_traits<char> >::_M_insert_line_end()
 .text._ZNSt8__detail4_NFAISt12regex_traitsIcEE20_M_insert_word_boundEb
                0x0380435c       0xc4 build/src/main.o
                0x0380435c                std::__detail::_NFA<std::regex_traits<char> >::_M_insert_word_bound(bool)
 .text._ZNSt8__detail4_NFAISt12regex_traitsIcEE19_M_insert_lookaheadElb
                0x03804420       0xc8 build/src/main.o
                0x03804420                std::__detail::_NFA<std::regex_traits<char> >::_M_insert_lookahead(long, bool)
 .text._ZNSt8__detail9_CompilerISt12regex_traitsIcEE27_M_insert_any_matcher_posixILb0ELb0EEEvv
                0x038044e8       0xb4 build/src/main.o
                0x038044e8                void std::__detail::_Compiler<std::regex_traits<char> >::_M_insert_any_matcher_posix<false, false>()
 .text._ZNSt8__detail9_CompilerISt12regex_traitsIcEE27_M_insert_any_matcher_posixILb0ELb1EEEvv
                0x0380459c       0xbc build/src/main.o
                0x0380459c                void std::__detail::_Compiler<std::regex_traits<char> >::_M_insert_any_matcher_posix<false, true>()
 .text._ZNSt8__detail9_CompilerISt12regex_traitsIcEE27_M_insert_any_matcher_posixILb1ELb0EEEvv
                0x03804658       0xbc build/src/main.o
                0x03804658                void std::__detail::_Compiler<std::regex_traits<char> >::_M_insert_any_matcher_posix<true, false>()
 .text._ZNSt8__detail9_CompilerISt12regex_traitsIcEE27_M_insert_any_matcher_posixILb1ELb1EEEvv
                0x03804714       0xbc build/src/main.o
                0x03804714                void std::__detail::_Compiler<std::regex_traits<char> >::_M_insert_any_matcher_posix<true, true>()
 .text._ZNSt8__detail9_CompilerISt12regex_traitsIcEE26_M_insert_any_matcher_ecmaILb0ELb0EEEvv
                0x038047d0       0xb4 build/src/main.o
                0x038047d0                void std::__detail::_Compiler<std::regex_traits<char> >::_M_insert_any_matcher_ecma<false, false>()
 .text._ZNSt8__detail9_CompilerISt12regex_traitsIcEE26_M_insert_any_matcher_ecmaILb0ELb1EEEvv
                0x03804884       0xbc build/src/main.o
                0x03804884                void std::__detail::_Compiler<std::regex_traits<char> >::_M_insert_any_matcher_ecma<false, true>()
 .text._ZNSt8__detail9_CompilerISt12regex_traitsIcEE26_M_insert_any_matcher_ecmaILb1ELb0EEEvv
                0x03804940       0xbc build/src/main.o
                0x03804940                void std::__detail::_Compiler<std::regex_traits<char> >::_M_insert_any_matcher_ecma<true, false>()
 .text._ZNSt8__detail9_CompilerISt12regex_traitsIcEE26_M_insert_any_matcher_ecmaILb1ELb1EEEvv
                0x038049fc       0xbc build/src/main.o
                0x038049fc                void std::__detail::_Compiler<std::regex_traits<char> >::_M_insert_any_matcher_ecma<true, true>()
 .text._ZNSt8__detail9_CompilerISt12regex_traitsIcEE11_M_try_charEv
                0x03804ab8       0x8c build/src/main.o
                0x03804ab8                std::__detail::_Compiler<std::regex_traits<char> >::_M_try_char()
 .text._ZNSt8__detail9_CompilerISt12regex_traitsIcEE22_M_insert_char_matcherILb0ELb0EEEvv
                0x03804b44       0xe0 build/src/main.o
                0x03804b44                void std::__detail::_Compiler<std::regex_traits<char> >::_M_insert_char_matcher<false, false>()
 .text._ZNSt8__detail9_CompilerISt12regex_traitsIcEE22_M_insert_char_matcherILb0ELb1EEEvv
                0x03804c24       0xe0 build/src/main.o
                0x03804c24                void std::__detail::_Compiler<std::regex_traits<char> >::_M_insert_char_matcher<false, true>()
 .text._ZNSt8__detail9_CompilerISt12regex_traitsIcEE22_M_insert_char_matcherILb1ELb0EEEvv
                0x03804d04       0xfc build/src/main.o
                0x03804d04                void std::__detail::_Compiler<std::regex_traits<char> >::_M_insert_char_matcher<true, false>()
 .text._ZNSt8__detail9_CompilerISt12regex_traitsIcEE22_M_insert_char_matcherILb1ELb1EEEvv
                0x03804e00       0xfc build/src/main.o
                0x03804e00                void std::__detail::_Compiler<std::regex_traits<char> >::_M_insert_char_matcher<true, true>()
 .text._ZNSt8__detail4_NFAISt12regex_traitsIcEE17_M_insert_backrefEj
                0x03804efc      0x110 build/src/main.o
                0x03804efc                std::__detail::_NFA<std::regex_traits<char> >::_M_insert_backref(unsigned int)
 .text._ZNSt8__detail9_CompilerISt12regex_traitsIcEE16_M_cur_int_valueEi
                0x0380500c       0x80 build/src/main.o
                0x0380500c                std::__detail::_Compiler<std::regex_traits<char> >::_M_cur_int_value(int)
 .text._ZNSt8__detail9_CompilerISt12regex_traitsIcEE33_M_insert_character_class_matcherILb0ELb0EEEvv
                0x0380508c      0x258 build/src/main.o
                0x0380508c                void std::__detail::_Compiler<std::regex_traits<char> >::_M_insert_character_class_matcher<false, false>()
 .text._ZNSt8__detail9_CompilerISt12regex_traitsIcEE33_M_insert_character_class_matcherILb0ELb1EEEvv
                0x038052e4      0x260 build/src/main.o
                0x038052e4                void std::__detail::_Compiler<std::regex_traits<char> >::_M_insert_character_class_matcher<false, true>()
 .text._ZNSt8__detail9_CompilerISt12regex_traitsIcEE33_M_insert_character_class_matcherILb1ELb0EEEvv
                0x03805544      0x264 build/src/main.o
                0x03805544                void std::__detail::_Compiler<std::regex_traits<char> >::_M_insert_character_class_matcher<true, false>()
 .text._ZNSt8__detail9_CompilerISt12regex_traitsIcEE33_M_insert_character_class_matcherILb1ELb1EEEvv
                0x038057a8      0x260 build/src/main.o
                0x038057a8                void std::__detail::_Compiler<std::regex_traits<char> >::_M_insert_character_class_matcher<true, true>()
 .text._ZNSt8__detail9_CompilerISt12regex_traitsIcEE21_M_bracket_expressionEv
                0x03805a08       0xa0 build/src/main.o
                0x03805a08                std::__detail::_Compiler<std::regex_traits<char> >::_M_bracket_expression()
 .text._ZNSt8__detail4_NFAISt12regex_traitsIcEE17_M_insert_matcherESt8functionIFbcEE
                0x03805aa8       0xdc build/src/main.o
                0x03805aa8                std::__detail::_NFA<std::regex_traits<char> >::_M_insert_matcher(std::function<bool (char)>)
 .text._ZNSt17_Function_handlerIFbcENSt8__detail11_AnyMatcherISt12regex_traitsIcELb0ELb0ELb0EEEE9_M_invokeERKSt9_Any_datac
                0x03805b84       0x48 build/src/main.o
                0x03805b84                std::_Function_handler<bool (char), std::__detail::_AnyMatcher<std::regex_traits<char>, false, false, false> >::_M_invoke(std::_Any_data const&, char)
 .text._ZNSt14_Function_base13_Base_managerINSt8__detail11_AnyMatcherISt12regex_traitsIcELb0ELb0ELb0EEEE10_M_managerERSt9_Any_dataRKS7_St18_Manager_operation
                0x03805bcc       0x64 build/src/main.o
                0x03805bcc                std::_Function_base::_Base_manager<std::__detail::_AnyMatcher<std::regex_traits<char>, false, false, false> >::_M_manager(std::_Any_data&, std::_Any_data const&, std::_Manager_operation)
 .text._ZNSt17_Function_handlerIFbcENSt8__detail11_AnyMatcherISt12regex_traitsIcELb0ELb0ELb1EEEE9_M_invokeERKSt9_Any_datac
                0x03805c30       0x48 build/src/main.o
                0x03805c30                std::_Function_handler<bool (char), std::__detail::_AnyMatcher<std::regex_traits<char>, false, false, true> >::_M_invoke(std::_Any_data const&, char)
 .text._ZNSt14_Function_base13_Base_managerINSt8__detail11_AnyMatcherISt12regex_traitsIcELb0ELb0ELb1EEEE10_M_managerERSt9_Any_dataRKS7_St18_Manager_operation
                0x03805c78       0x64 build/src/main.o
                0x03805c78                std::_Function_base::_Base_manager<std::__detail::_AnyMatcher<std::regex_traits<char>, false, false, true> >::_M_manager(std::_Any_data&, std::_Any_data const&, std::_Manager_operation)
 .text._ZNSt17_Function_handlerIFbcENSt8__detail11_AnyMatcherISt12regex_traitsIcELb0ELb1ELb0EEEE9_M_invokeERKSt9_Any_datac
                0x03805cdc        0x8 build/src/main.o
                0x03805cdc                std::_Function_handler<bool (char), std::__detail::_AnyMatcher<std::regex_traits<char>, false, true, false> >::_M_invoke(std::_Any_data const&, char)
 .text._ZNSt14_Function_base13_Base_managerINSt8__detail11_AnyMatcherISt12regex_traitsIcELb0ELb1ELb0EEEE10_M_managerERSt9_Any_dataRKS7_St18_Manager_operation
                0x03805ce4       0x64 build/src/main.o
                0x03805ce4                std::_Function_base::_Base_manager<std::__detail::_AnyMatcher<std::regex_traits<char>, false, true, false> >::_M_manager(std::_Any_data&, std::_Any_data const&, std::_Manager_operation)
 .text._ZNKSt8__detail11_AnyMatcherISt12regex_traitsIcELb0ELb1ELb0EEclEc
                0x03805d48       0x84 build/src/main.o
                0x03805d48                std::__detail::_AnyMatcher<std::regex_traits<char>, false, true, false>::operator()(char) const
 .text._ZNSt17_Function_handlerIFbcENSt8__detail11_AnyMatcherISt12regex_traitsIcELb0ELb1ELb1EEEE9_M_invokeERKSt9_Any_datac
                0x03805dcc        0x8 build/src/main.o
                0x03805dcc                std::_Function_handler<bool (char), std::__detail::_AnyMatcher<std::regex_traits<char>, false, true, true> >::_M_invoke(std::_Any_data const&, char)
 .text._ZNSt14_Function_base13_Base_managerINSt8__detail11_AnyMatcherISt12regex_traitsIcELb0ELb1ELb1EEEE10_M_managerERSt9_Any_dataRKS7_St18_Manager_operation
                0x03805dd4       0x64 build/src/main.o
                0x03805dd4                std::_Function_base::_Base_manager<std::__detail::_AnyMatcher<std::regex_traits<char>, false, true, true> >::_M_manager(std::_Any_data&, std::_Any_data const&, std::_Manager_operation)
 .text._ZNKSt8__detail11_AnyMatcherISt12regex_traitsIcELb0ELb1ELb1EEclEc
                0x03805e38       0x84 build/src/main.o
                0x03805e38                std::__detail::_AnyMatcher<std::regex_traits<char>, false, true, true>::operator()(char) const
 .text._ZNSt17_Function_handlerIFbcENSt8__detail11_AnyMatcherISt12regex_traitsIcELb1ELb0ELb0EEEE9_M_invokeERKSt9_Any_datac
                0x03805ebc       0x18 build/src/main.o
                0x03805ebc                std::_Function_handler<bool (char), std::__detail::_AnyMatcher<std::regex_traits<char>, true, false, false> >::_M_invoke(std::_Any_data const&, char)
 .text._ZNSt14_Function_base13_Base_managerINSt8__detail11_AnyMatcherISt12regex_traitsIcELb1ELb0ELb0EEEE10_M_managerERSt9_Any_dataRKS7_St18_Manager_operation
                0x03805ed4       0x64 build/src/main.o
                0x03805ed4                std::_Function_base::_Base_manager<std::__detail::_AnyMatcher<std::regex_traits<char>, true, false, false> >::_M_manager(std::_Any_data&, std::_Any_data const&, std::_Manager_operation)
 .text._ZNSt17_Function_handlerIFbcENSt8__detail11_AnyMatcherISt12regex_traitsIcELb1ELb0ELb1EEEE9_M_invokeERKSt9_Any_datac
                0x03805f38       0x18 build/src/main.o
                0x03805f38                std::_Function_handler<bool (char), std::__detail::_AnyMatcher<std::regex_traits<char>, true, false, true> >::_M_invoke(std::_Any_data const&, char)
 .text._ZNSt14_Function_base13_Base_managerINSt8__detail11_AnyMatcherISt12regex_traitsIcELb1ELb0ELb1EEEE10_M_managerERSt9_Any_dataRKS7_St18_Manager_operation
                0x03805f50       0x64 build/src/main.o
                0x03805f50                std::_Function_base::_Base_manager<std::__detail::_AnyMatcher<std::regex_traits<char>, true, false, true> >::_M_manager(std::_Any_data&, std::_Any_data const&, std::_Manager_operation)
 .text._ZNSt17_Function_handlerIFbcENSt8__detail11_AnyMatcherISt12regex_traitsIcELb1ELb1ELb0EEEE9_M_invokeERKSt9_Any_datac
                0x03805fb4        0x8 build/src/main.o
                0x03805fb4                std::_Function_handler<bool (char), std::__detail::_AnyMatcher<std::regex_traits<char>, true, true, false> >::_M_invoke(std::_Any_data const&, char)
 .text._ZNSt14_Function_base13_Base_managerINSt8__detail11_AnyMatcherISt12regex_traitsIcELb1ELb1ELb0EEEE10_M_managerERSt9_Any_dataRKS7_St18_Manager_operation
                0x03805fbc       0x64 build/src/main.o
                0x03805fbc                std::_Function_base::_Base_manager<std::__detail::_AnyMatcher<std::regex_traits<char>, true, true, false> >::_M_manager(std::_Any_data&, std::_Any_data const&, std::_Manager_operation)
 .text._ZNKSt8__detail11_AnyMatcherISt12regex_traitsIcELb1ELb1ELb0EE8_M_applyEcSt17integral_constantIbLb1EE
                0x03806020       0x78 build/src/main.o
                0x03806020                std::__detail::_AnyMatcher<std::regex_traits<char>, true, true, false>::_M_apply(char, std::integral_constant<bool, true>) const
 .text._ZNSt17_Function_handlerIFbcENSt8__detail11_AnyMatcherISt12regex_traitsIcELb1ELb1ELb1EEEE9_M_invokeERKSt9_Any_datac
                0x03806098        0x8 build/src/main.o
                0x03806098                std::_Function_handler<bool (char), std::__detail::_AnyMatcher<std::regex_traits<char>, true, true, true> >::_M_invoke(std::_Any_data const&, char)
 .text._ZNSt14_Function_base13_Base_managerINSt8__detail11_AnyMatcherISt12regex_traitsIcELb1ELb1ELb1EEEE10_M_managerERSt9_Any_dataRKS7_St18_Manager_operation
                0x038060a0       0x64 build/src/main.o
                0x038060a0                std::_Function_base::_Base_manager<std::__detail::_AnyMatcher<std::regex_traits<char>, true, true, true> >::_M_manager(std::_Any_data&, std::_Any_data const&, std::_Manager_operation)
 .text._ZNKSt8__detail11_AnyMatcherISt12regex_traitsIcELb1ELb1ELb1EE8_M_applyEcSt17integral_constantIbLb1EE
                0x03806104       0x78 build/src/main.o
                0x03806104                std::__detail::_AnyMatcher<std::regex_traits<char>, true, true, true>::_M_apply(char, std::integral_constant<bool, true>) const
 .text._ZNSt17_Function_handlerIFbcENSt8__detail12_CharMatcherISt12regex_traitsIcELb0ELb0EEEE9_M_invokeERKSt9_Any_datac
                0x0380617c       0x18 build/src/main.o
                0x0380617c                std::_Function_handler<bool (char), std::__detail::_CharMatcher<std::regex_traits<char>, false, false> >::_M_invoke(std::_Any_data const&, char)
 .text._ZNSt14_Function_base13_Base_managerINSt8__detail12_CharMatcherISt12regex_traitsIcELb0ELb0EEEE10_M_managerERSt9_Any_dataRKS7_St18_Manager_operation
                0x03806194       0x6c build/src/main.o
                0x03806194                std::_Function_base::_Base_manager<std::__detail::_CharMatcher<std::regex_traits<char>, false, false> >::_M_manager(std::_Any_data&, std::_Any_data const&, std::_Manager_operation)
 .text._ZNSt17_Function_handlerIFbcENSt8__detail12_CharMatcherISt12regex_traitsIcELb0ELb1EEEE9_M_invokeERKSt9_Any_datac
                0x03806200       0x18 build/src/main.o
                0x03806200                std::_Function_handler<bool (char), std::__detail::_CharMatcher<std::regex_traits<char>, false, true> >::_M_invoke(std::_Any_data const&, char)
 .text._ZNSt14_Function_base13_Base_managerINSt8__detail12_CharMatcherISt12regex_traitsIcELb0ELb1EEEE10_M_managerERSt9_Any_dataRKS7_St18_Manager_operation
                0x03806218       0x64 build/src/main.o
                0x03806218                std::_Function_base::_Base_manager<std::__detail::_CharMatcher<std::regex_traits<char>, false, true> >::_M_manager(std::_Any_data&, std::_Any_data const&, std::_Manager_operation)
 .text._ZNSt17_Function_handlerIFbcENSt8__detail12_CharMatcherISt12regex_traitsIcELb1ELb0EEEE9_M_invokeERKSt9_Any_datac
                0x0380627c       0x3c build/src/main.o
                0x0380627c                std::_Function_handler<bool (char), std::__detail::_CharMatcher<std::regex_traits<char>, true, false> >::_M_invoke(std::_Any_data const&, char)
 .text._ZNSt14_Function_base13_Base_managerINSt8__detail12_CharMatcherISt12regex_traitsIcELb1ELb0EEEE10_M_managerERSt9_Any_dataRKS7_St18_Manager_operation
                0x038062b8       0x64 build/src/main.o
                0x038062b8                std::_Function_base::_Base_manager<std::__detail::_CharMatcher<std::regex_traits<char>, true, false> >::_M_manager(std::_Any_data&, std::_Any_data const&, std::_Manager_operation)
 .text._ZNSt17_Function_handlerIFbcENSt8__detail12_CharMatcherISt12regex_traitsIcELb1ELb1EEEE9_M_invokeERKSt9_Any_datac
                0x0380631c       0x3c build/src/main.o
                0x0380631c                std::_Function_handler<bool (char), std::__detail::_CharMatcher<std::regex_traits<char>, true, true> >::_M_invoke(std::_Any_data const&, char)
 .text._ZNSt14_Function_base13_Base_managerINSt8__detail12_CharMatcherISt12regex_traitsIcELb1ELb1EEEE10_M_managerERSt9_Any_dataRKS7_St18_Manager_operation
                0x03806358       0x64 build/src/main.o
                0x03806358                std::_Function_base::_Base_manager<std::__detail::_CharMatcher<std::regex_traits<char>, true, true> >::_M_manager(std::_Any_data&, std::_Any_data const&, std::_Manager_operation)
 .text._ZNKSt12regex_traitsIcE5valueEci
                0x038063bc       0xf4 build/src/main.o
                0x038063bc                std::regex_traits<char>::value(char, int) const
 .text._ZNSt8ios_base4setfESt13_Ios_FmtflagsS0_
                0x038064b0       0x1c build/src/main.o
                0x038064b0                std::ios_base::setf(std::_Ios_Fmtflags, std::_Ios_Fmtflags)
 .text._ZNSt8__detail15_BracketMatcherISt12regex_traitsIcELb0ELb0EE22_M_add_character_classERKSsb
                0x038064cc       0xb4 build/src/main.o
                0x038064cc                std::__detail::_BracketMatcher<std::regex_traits<char>, false, false>::_M_add_character_class(std::string const&, bool)
 .text._ZNKSt12regex_traitsIcE16lookup_classnameIPKcEENS0_10_RegexMaskET_S5_b
                0x03806580      0x154 build/src/main.o
                0x03806580                std::regex_traits<char>::_RegexMask std::regex_traits<char>::lookup_classname<char const*>(char const*, char const*, bool) const
 .text._ZNSt6vectorINSt12regex_traitsIcE10_RegexMaskESaIS2_EE19_M_emplace_back_auxIJRKS2_EEEvDpOT_
                0x038066d4       0xa4 build/src/main.o
                0x038066d4                void std::vector<std::regex_traits<char>::_RegexMask, std::allocator<std::regex_traits<char>::_RegexMask> >::_M_emplace_back_aux<std::regex_traits<char>::_RegexMask const&>(std::regex_traits<char>::_RegexMask const&)
 .text._ZNKSt6vectorINSt12regex_traitsIcE10_RegexMaskESaIS2_EE12_M_check_lenEjPKc
                0x03806778       0x54 build/src/main.o
                0x03806778                std::vector<std::regex_traits<char>::_RegexMask, std::allocator<std::regex_traits<char>::_RegexMask> >::_M_check_len(unsigned int, char const*) const
 .text._ZNSt12_Vector_baseINSt12regex_traitsIcE10_RegexMaskESaIS2_EE11_M_allocateEj
                0x038067cc       0x30 build/src/main.o
                0x038067cc                std::_Vector_base<std::regex_traits<char>::_RegexMask, std::allocator<std::regex_traits<char>::_RegexMask> >::_M_allocate(unsigned int)
 .text._ZNSt8__detail15_BracketMatcherISt12regex_traitsIcELb0ELb0EE13_M_make_cacheESt17integral_constantIbLb1EE
                0x038067fc       0x50 build/src/main.o
                0x038067fc                std::__detail::_BracketMatcher<std::regex_traits<char>, false, false>::_M_make_cache(std::integral_constant<bool, true>)
 .text._ZNKSt8__detail15_BracketMatcherISt12regex_traitsIcELb0ELb0EE8_M_applyEcSt17integral_constantIbLb0EE
                0x0380684c      0x18c build/src/main.o
                0x0380684c                std::__detail::_BracketMatcher<std::regex_traits<char>, false, false>::_M_apply(char, std::integral_constant<bool, false>) const
 .text._ZNKSt12regex_traitsIcE7isctypeEcNS0_10_RegexMaskE
                0x038069d8      0x100 build/src/main.o
                0x038069d8                std::regex_traits<char>::isctype(char, std::regex_traits<char>::_RegexMask) const
 .text._ZNKSt12regex_traitsIcE17transform_primaryIPcEESsT_S3_
                0x03806ad8       0x94 build/src/main.o
                0x03806ad8                std::string std::regex_traits<char>::transform_primary<char*>(char*, char*) const
 .text._ZSt9__find_ifIN9__gnu_cxx17__normal_iteratorIPKcSt6vectorIcSaIcEEEENS0_5__ops16_Iter_equals_valIS2_EEET_SB_SB_T0_St26random_access_iterator_tag
                0x03806b6c       0xd4 build/src/main.o
                0x03806b6c                __gnu_cxx::__normal_iterator<char const*, std::vector<char, std::allocator<char> > > std::__find_if<__gnu_cxx::__normal_iterator<char const*, std::vector<char, std::allocator<char> > >, __gnu_cxx::__ops::_Iter_equals_val<char const> >(__gnu_cxx::__normal_iterator<char const*, std::vector<char, std::allocator<char> > >, __gnu_cxx::__normal_iterator<char const*, std::vector<char, std::allocator<char> > >, __gnu_cxx::__ops::_Iter_equals_val<char const>, std::random_access_iterator_tag)
 .text._ZSt9__find_ifIN9__gnu_cxx17__normal_iteratorIPKSsSt6vectorISsSaISsEEEENS0_5__ops16_Iter_equals_valIS2_EEET_SB_SB_T0_St26random_access_iterator_tag
                0x03806c40      0x19c build/src/main.o
                0x03806c40                __gnu_cxx::__normal_iterator<std::string const*, std::vector<std::string, std::allocator<std::string> > > std::__find_if<__gnu_cxx::__normal_iterator<std::string const*, std::vector<std::string, std::allocator<std::string> > >, __gnu_cxx::__ops::_Iter_equals_val<std::string const> >(__gnu_cxx::__normal_iterator<std::string const*, std::vector<std::string, std::allocator<std::string> > >, __gnu_cxx::__normal_iterator<std::string const*, std::vector<std::string, std::allocator<std::string> > >, __gnu_cxx::__ops::_Iter_equals_val<std::string const>, std::random_access_iterator_tag)
 .text._ZNKSt12regex_traitsIcE9transformIPcEESsT_S3_
                0x03806ddc       0x98 build/src/main.o
                0x03806ddc                std::string std::regex_traits<char>::transform<char*>(char*, char*) const
 .text._ZNSt17_Function_handlerIFbcENSt8__detail15_BracketMatcherISt12regex_traitsIcELb0ELb0EEEE9_M_invokeERKSt9_Any_datac
                0x03806e74       0x24 build/src/main.o
                0x03806e74                std::_Function_handler<bool (char), std::__detail::_BracketMatcher<std::regex_traits<char>, false, false> >::_M_invoke(std::_Any_data const&, char)
 .text._ZNSt14_Function_base13_Base_managerINSt8__detail15_BracketMatcherISt12regex_traitsIcELb0ELb0EEEE10_M_managerERSt9_Any_dataRKS7_St18_Manager_operation
                0x03806e98       0xbc build/src/main.o
                0x03806e98                std::_Function_base::_Base_manager<std::__detail::_BracketMatcher<std::regex_traits<char>, false, false> >::_M_manager(std::_Any_data&, std::_Any_data const&, std::_Manager_operation)
 .text._ZNSt14_Function_base13_Base_managerINSt8__detail15_BracketMatcherISt12regex_traitsIcELb0ELb0EEEE10_M_destroyERSt9_Any_dataSt17integral_constantIbLb0EE
                0x03806f54       0x5c build/src/main.o
                0x03806f54                std::_Function_base::_Base_manager<std::__detail::_BracketMatcher<std::regex_traits<char>, false, false> >::_M_destroy(std::_Any_data&, std::integral_constant<bool, false>)
 .text._ZNSt6vectorIcSaIcEEC2ERKS1_
                0x03806fb0       0x74 build/src/main.o
                0x03806fb0                std::vector<char, std::allocator<char> >::vector(std::vector<char, std::allocator<char> > const&)
 .text._ZNSt6vectorISsSaISsEEC2ERKS1_
                0x03807024       0x74 build/src/main.o
                0x03807024                std::vector<std::string, std::allocator<std::string> >::vector(std::vector<std::string, std::allocator<std::string> > const&)
 .text._ZNSt6vectorISt4pairIccESaIS1_EEC2ERKS3_
                0x03807098       0x78 build/src/main.o
                0x03807098                std::vector<std::pair<char, char>, std::allocator<std::pair<char, char> > >::vector(std::vector<std::pair<char, char>, std::allocator<std::pair<char, char> > > const&)
 .text._ZNSt6vectorINSt12regex_traitsIcE10_RegexMaskESaIS2_EEC2ERKS4_
                0x03807110       0x78 build/src/main.o
                0x03807110                std::vector<std::regex_traits<char>::_RegexMask, std::allocator<std::regex_traits<char>::_RegexMask> >::vector(std::vector<std::regex_traits<char>::_RegexMask, std::allocator<std::regex_traits<char>::_RegexMask> > const&)
 .text._ZNSt12_Vector_baseISsSaISsEE11_M_allocateEj
                0x03807188       0x30 build/src/main.o
                0x03807188                std::_Vector_base<std::string, std::allocator<std::string> >::_M_allocate(unsigned int)
 .text._ZNSt12_Vector_baseISt4pairIccESaIS1_EE11_M_allocateEj
                0x038071b8       0x30 build/src/main.o
                0x038071b8                std::_Vector_base<std::pair<char, char>, std::allocator<std::pair<char, char> > >::_M_allocate(unsigned int)
 .text._ZNSt8__detail15_BracketMatcherISt12regex_traitsIcELb0ELb1EE22_M_add_character_classERKSsb
                0x038071e8       0xb4 build/src/main.o
                0x038071e8                std::__detail::_BracketMatcher<std::regex_traits<char>, false, true>::_M_add_character_class(std::string const&, bool)
 .text._ZNSt8__detail15_BracketMatcherISt12regex_traitsIcELb0ELb1EE13_M_make_cacheESt17integral_constantIbLb1EE
                0x0380729c       0x50 build/src/main.o
                0x0380729c                std::__detail::_BracketMatcher<std::regex_traits<char>, false, true>::_M_make_cache(std::integral_constant<bool, true>)
 .text._ZNKSt8__detail15_BracketMatcherISt12regex_traitsIcELb0ELb1EE8_M_applyEcSt17integral_constantIbLb0EE
                0x038072ec      0x22c build/src/main.o
                0x038072ec                std::__detail::_BracketMatcher<std::regex_traits<char>, false, true>::_M_apply(char, std::integral_constant<bool, false>) const
 .text._ZNKSt8__detail16_RegexTranslatorISt12regex_traitsIcELb0ELb1EE17_M_transform_implEcSt17integral_constantIbLb1EE
                0x03807518       0xbc build/src/main.o
                0x03807518                std::__detail::_RegexTranslator<std::regex_traits<char>, false, true>::_M_transform_impl(char, std::integral_constant<bool, true>) const
 .text._ZNKSt12regex_traitsIcE9transformIN9__gnu_cxx17__normal_iteratorIPcSsEEEESsT_S6_
                0x038075d4       0x98 build/src/main.o
                0x038075d4                std::string std::regex_traits<char>::transform<__gnu_cxx::__normal_iterator<char*, std::string> >(__gnu_cxx::__normal_iterator<char*, std::string>, __gnu_cxx::__normal_iterator<char*, std::string>) const
 .text._ZNSt17_Function_handlerIFbcENSt8__detail15_BracketMatcherISt12regex_traitsIcELb0ELb1EEEE9_M_invokeERKSt9_Any_datac
                0x0380766c       0x24 build/src/main.o
                0x0380766c                std::_Function_handler<bool (char), std::__detail::_BracketMatcher<std::regex_traits<char>, false, true> >::_M_invoke(std::_Any_data const&, char)
 .text._ZNSt14_Function_base13_Base_managerINSt8__detail15_BracketMatcherISt12regex_traitsIcELb0ELb1EEEE10_M_managerERSt9_Any_dataRKS7_St18_Manager_operation
                0x03807690       0xbc build/src/main.o
                0x03807690                std::_Function_base::_Base_manager<std::__detail::_BracketMatcher<std::regex_traits<char>, false, true> >::_M_manager(std::_Any_data&, std::_Any_data const&, std::_Manager_operation)
 .text._ZNSt14_Function_base13_Base_managerINSt8__detail15_BracketMatcherISt12regex_traitsIcELb0ELb1EEEE10_M_destroyERSt9_Any_dataSt17integral_constantIbLb0EE
                0x0380774c       0x54 build/src/main.o
                0x0380774c                std::_Function_base::_Base_manager<std::__detail::_BracketMatcher<std::regex_traits<char>, false, true> >::_M_destroy(std::_Any_data&, std::integral_constant<bool, false>)
 .text._ZNSt6vectorISt4pairISsSsESaIS1_EEC2ERKS3_
                0x038077a0       0x60 build/src/main.o
                0x038077a0                std::vector<std::pair<std::string, std::string>, std::allocator<std::pair<std::string, std::string> > >::vector(std::vector<std::pair<std::string, std::string>, std::allocator<std::pair<std::string, std::string> > > const&)
 .text._ZNSt12_Vector_baseISt4pairISsSsESaIS1_EE11_M_allocateEj
                0x03807800       0x30 build/src/main.o
                0x03807800                std::_Vector_base<std::pair<std::string, std::string>, std::allocator<std::pair<std::string, std::string> > >::_M_allocate(unsigned int)
 .text._ZNSt20__uninitialized_copyILb0EE13__uninit_copyIN9__gnu_cxx17__normal_iteratorIPKSt4pairISsSsESt6vectorIS5_SaIS5_EEEEPS5_EET0_T_SE_SD_
                0x03807830       0x4c build/src/main.o
                0x03807830                std::pair<std::string, std::string>* std::__uninitialized_copy<false>::__uninit_copy<__gnu_cxx::__normal_iterator<std::pair<std::string, std::string> const*, std::vector<std::pair<std::string, std::string>, std::allocator<std::pair<std::string, std::string> > > >, std::pair<std::string, std::string>*>(__gnu_cxx::__normal_iterator<std::pair<std::string, std::string> const*, std::vector<std::pair<std::string, std::string>, std::allocator<std::pair<std::string, std::string> > > >, __gnu_cxx::__normal_iterator<std::pair<std::string, std::string> const*, std::vector<std::pair<std::string, std::string>, std::allocator<std::pair<std::string, std::string> > > >, std::pair<std::string, std::string>*)
 .text._ZNSt6vectorISt4pairISsSsESaIS1_EED2Ev
                0x0380787c       0x30 build/src/main.o
                0x0380787c                std::vector<std::pair<std::string, std::string>, std::allocator<std::pair<std::string, std::string> > >::~vector()
 .text._ZNSt12_Destroy_auxILb0EE9__destroyIPSt4pairISsSsEEEvT_S5_
                0x038078ac       0x38 build/src/main.o
                0x038078ac                void std::_Destroy_aux<false>::__destroy<std::pair<std::string, std::string>*>(std::pair<std::string, std::string>*, std::pair<std::string, std::string>*)
 .text._ZNSt8__detail15_BracketMatcherISt12regex_traitsIcELb1ELb0EE22_M_add_character_classERKSsb
                0x038078e4       0xb4 build/src/main.o
                0x038078e4                std::__detail::_BracketMatcher<std::regex_traits<char>, true, false>::_M_add_character_class(std::string const&, bool)
 .text._ZNSt8__detail15_BracketMatcherISt12regex_traitsIcELb1ELb0EE13_M_make_cacheESt17integral_constantIbLb1EE
                0x03807998       0x50 build/src/main.o
                0x03807998                std::__detail::_BracketMatcher<std::regex_traits<char>, true, false>::_M_make_cache(std::integral_constant<bool, true>)
 .text._ZNKSt8__detail15_BracketMatcherISt12regex_traitsIcELb1ELb0EE8_M_applyEcSt17integral_constantIbLb0EE
                0x038079e8      0x1ac build/src/main.o
                0x038079e8                std::__detail::_BracketMatcher<std::regex_traits<char>, true, false>::_M_apply(char, std::integral_constant<bool, false>) const
 .text._ZNSt17_Function_handlerIFbcENSt8__detail15_BracketMatcherISt12regex_traitsIcELb1ELb0EEEE9_M_invokeERKSt9_Any_datac
                0x03807b94       0x24 build/src/main.o
                0x03807b94                std::_Function_handler<bool (char), std::__detail::_BracketMatcher<std::regex_traits<char>, true, false> >::_M_invoke(std::_Any_data const&, char)
 .text._ZNSt14_Function_base13_Base_managerINSt8__detail15_BracketMatcherISt12regex_traitsIcELb1ELb0EEEE10_M_managerERSt9_Any_dataRKS7_St18_Manager_operation
                0x03807bb8       0xbc build/src/main.o
                0x03807bb8                std::_Function_base::_Base_manager<std::__detail::_BracketMatcher<std::regex_traits<char>, true, false> >::_M_manager(std::_Any_data&, std::_Any_data const&, std::_Manager_operation)
 .text._ZNSt14_Function_base13_Base_managerINSt8__detail15_BracketMatcherISt12regex_traitsIcELb1ELb0EEEE10_M_destroyERSt9_Any_dataSt17integral_constantIbLb0EE
                0x03807c74       0x5c build/src/main.o
                0x03807c74                std::_Function_base::_Base_manager<std::__detail::_BracketMatcher<std::regex_traits<char>, true, false> >::_M_destroy(std::_Any_data&, std::integral_constant<bool, false>)
 .text._ZNSt8__detail15_BracketMatcherISt12regex_traitsIcELb1ELb1EE22_M_add_character_classERKSsb
                0x03807cd0       0xb4 build/src/main.o
                0x03807cd0                std::__detail::_BracketMatcher<std::regex_traits<char>, true, true>::_M_add_character_class(std::string const&, bool)
 .text._ZNSt8__detail15_BracketMatcherISt12regex_traitsIcELb1ELb1EE13_M_make_cacheESt17integral_constantIbLb1EE
                0x03807d84       0x50 build/src/main.o
                0x03807d84                std::__detail::_BracketMatcher<std::regex_traits<char>, true, true>::_M_make_cache(std::integral_constant<bool, true>)
 .text._ZNKSt8__detail15_BracketMatcherISt12regex_traitsIcELb1ELb1EE8_M_applyEcSt17integral_constantIbLb0EE
                0x03807dd4      0x250 build/src/main.o
                0x03807dd4                std::__detail::_BracketMatcher<std::regex_traits<char>, true, true>::_M_apply(char, std::integral_constant<bool, false>) const
 .text._ZNKSt8__detail16_RegexTranslatorISt12regex_traitsIcELb1ELb1EE17_M_transform_implEcSt17integral_constantIbLb1EE
                0x03808024       0xdc build/src/main.o
                0x03808024                std::__detail::_RegexTranslator<std::regex_traits<char>, true, true>::_M_transform_impl(char, std::integral_constant<bool, true>) const
 .text._ZNSt17_Function_handlerIFbcENSt8__detail15_BracketMatcherISt12regex_traitsIcELb1ELb1EEEE9_M_invokeERKSt9_Any_datac
                0x03808100       0x24 build/src/main.o
                0x03808100                std::_Function_handler<bool (char), std::__detail::_BracketMatcher<std::regex_traits<char>, true, true> >::_M_invoke(std::_Any_data const&, char)
 .text._ZNSt14_Function_base13_Base_managerINSt8__detail15_BracketMatcherISt12regex_traitsIcELb1ELb1EEEE10_M_managerERSt9_Any_dataRKS7_St18_Manager_operation
                0x03808124       0xbc build/src/main.o
                0x03808124                std::_Function_base::_Base_manager<std::__detail::_BracketMatcher<std::regex_traits<char>, true, true> >::_M_manager(std::_Any_data&, std::_Any_data const&, std::_Manager_operation)
 .text._ZNSt14_Function_base13_Base_managerINSt8__detail15_BracketMatcherISt12regex_traitsIcELb1ELb1EEEE10_M_destroyERSt9_Any_dataSt17integral_constantIbLb0EE
                0x038081e0       0x54 build/src/main.o
                0x038081e0                std::_Function_base::_Base_manager<std::__detail::_BracketMatcher<std::regex_traits<char>, true, true> >::_M_destroy(std::_Any_data&, std::integral_constant<bool, false>)
 .text._ZNSt8__detail9_CompilerISt12regex_traitsIcEE25_M_insert_bracket_matcherILb0ELb0EEEvb
                0x03808234      0x250 build/src/main.o
                0x03808234                void std::__detail::_Compiler<std::regex_traits<char> >::_M_insert_bracket_matcher<false, false>(bool)
 .text._ZNSt8__detail9_CompilerISt12regex_traitsIcEE25_M_insert_bracket_matcherILb0ELb1EEEvb
                0x03808484      0x258 build/src/main.o
                0x03808484                void std::__detail::_Compiler<std::regex_traits<char> >::_M_insert_bracket_matcher<false, true>(bool)
 .text._ZNSt8__detail9_CompilerISt12regex_traitsIcEE25_M_insert_bracket_matcherILb1ELb0EEEvb
                0x038086dc      0x25c build/src/main.o
                0x038086dc                void std::__detail::_Compiler<std::regex_traits<char> >::_M_insert_bracket_matcher<true, false>(bool)
 .text._ZNSt8__detail9_CompilerISt12regex_traitsIcEE25_M_insert_bracket_matcherILb1ELb1EEEvb
                0x03808938      0x258 build/src/main.o
                0x03808938                void std::__detail::_Compiler<std::regex_traits<char> >::_M_insert_bracket_matcher<true, true>(bool)
 .text._ZNSt8__detail9_CompilerISt12regex_traitsIcEE18_M_expression_termILb0ELb0EEEvRNS_15_BracketMatcherIS2_XT_EXT0_EEE
                0x03808b90      0x240 build/src/main.o
                0x03808b90                void std::__detail::_Compiler<std::regex_traits<char> >::_M_expression_term<false, false>(std::__detail::_BracketMatcher<std::regex_traits<char>, false, false>&)
 .text._ZNSt8__detail15_BracketMatcherISt12regex_traitsIcELb0ELb0EE24_M_add_collating_elementERKSs
                0x03808dd0       0xd4 build/src/main.o
                0x03808dd0                std::__detail::_BracketMatcher<std::regex_traits<char>, false, false>::_M_add_collating_element(std::string const&)
 .text._ZNSt8__detail15_BracketMatcherISt12regex_traitsIcELb0ELb0EE24_M_add_equivalence_classERKSs
                0x03808ea4       0xe4 build/src/main.o
                0x03808ea4                std::__detail::_BracketMatcher<std::regex_traits<char>, false, false>::_M_add_equivalence_class(std::string const&)
 .text._ZNSt8__detail15_BracketMatcherISt12regex_traitsIcELb0ELb0EE13_M_make_rangeEcc
                0x03808f88       0x54 build/src/main.o
                0x03808f88                std::__detail::_BracketMatcher<std::regex_traits<char>, false, false>::_M_make_range(char, char)
 .text._ZNKSt12regex_traitsIcE18lookup_collatenameIPKcEESsT_S4_
                0x03808fdc      0x130 build/src/main.o
                0x03808fdc                std::string std::regex_traits<char>::lookup_collatename<char const*>(char const*, char const*) const
 .text._ZNSt6vectorIcSaIcEE19_M_emplace_back_auxIJcEEEvDpOT_
                0x0380910c       0xb4 build/src/main.o
                0x0380910c                void std::vector<char, std::allocator<char> >::_M_emplace_back_aux<char>(char&&)
 .text._ZNKSt12regex_traitsIcE17transform_primaryIPKcEESsT_S4_
                0x038091c0       0x94 build/src/main.o
                0x038091c0                std::string std::regex_traits<char>::transform_primary<char const*>(char const*, char const*) const
 .text._ZNSt6vectorISsSaISsEE9push_backERKSs
                0x03809254       0x3c build/src/main.o
                0x03809254                std::vector<std::string, std::allocator<std::string> >::push_back(std::string const&)
 .text._ZNSt6vectorISsSaISsEE19_M_emplace_back_auxIJRKSsEEEvDpOT_
                0x03809290       0xb0 build/src/main.o
                0x03809290                void std::vector<std::string, std::allocator<std::string> >::_M_emplace_back_aux<std::string const&>(std::string const&)
 .text._ZNKSt6vectorISsSaISsEE12_M_check_lenEjPKc
                0x03809340       0x54 build/src/main.o
                0x03809340                std::vector<std::string, std::allocator<std::string> >::_M_check_len(unsigned int, char const*) const
 .text._ZNSt6vectorISt4pairIccESaIS1_EE19_M_emplace_back_auxIJS1_EEEvDpOT_
                0x03809394       0xa4 build/src/main.o
                0x03809394                void std::vector<std::pair<char, char>, std::allocator<std::pair<char, char> > >::_M_emplace_back_aux<std::pair<char, char> >(std::pair<char, char>&&)
 .text._ZNKSt6vectorISt4pairIccESaIS1_EE12_M_check_lenEjPKc
                0x03809438       0x54 build/src/main.o
                0x03809438                std::vector<std::pair<char, char>, std::allocator<std::pair<char, char> > >::_M_check_len(unsigned int, char const*) const
 .text._ZNSt8__detail9_CompilerISt12regex_traitsIcEE18_M_expression_termILb0ELb1EEEvRNS_15_BracketMatcherIS2_XT_EXT0_EEE
                0x0380948c      0x240 build/src/main.o
                0x0380948c                void std::__detail::_Compiler<std::regex_traits<char> >::_M_expression_term<false, true>(std::__detail::_BracketMatcher<std::regex_traits<char>, false, true>&)
 .text._ZNSt8__detail15_BracketMatcherISt12regex_traitsIcELb0ELb1EE24_M_add_collating_elementERKSs
                0x038096cc       0xd4 build/src/main.o
                0x038096cc                std::__detail::_BracketMatcher<std::regex_traits<char>, false, true>::_M_add_collating_element(std::string const&)
 .text._ZNSt8__detail15_BracketMatcherISt12regex_traitsIcELb0ELb1EE24_M_add_equivalence_classERKSs
                0x038097a0       0xe4 build/src/main.o
                0x038097a0                std::__detail::_BracketMatcher<std::regex_traits<char>, false, true>::_M_add_equivalence_class(std::string const&)
 .text._ZNSt8__detail15_BracketMatcherISt12regex_traitsIcELb0ELb1EE13_M_make_rangeEcc
                0x03809884      0x12c build/src/main.o
                0x03809884                std::__detail::_BracketMatcher<std::regex_traits<char>, false, true>::_M_make_range(char, char)
 .text._ZNSt6vectorISt4pairISsSsESaIS1_EE12emplace_backIJS1_EEEvDpOT_
                0x038099b0       0x48 build/src/main.o
                0x038099b0                void std::vector<std::pair<std::string, std::string>, std::allocator<std::pair<std::string, std::string> > >::emplace_back<std::pair<std::string, std::string> >(std::pair<std::string, std::string>&&)
 .text._ZNSt6vectorISt4pairISsSsESaIS1_EE19_M_emplace_back_auxIJS1_EEEvDpOT_
                0x038099f8       0xc4 build/src/main.o
                0x038099f8                void std::vector<std::pair<std::string, std::string>, std::allocator<std::pair<std::string, std::string> > >::_M_emplace_back_aux<std::pair<std::string, std::string> >(std::pair<std::string, std::string>&&)
 .text._ZNKSt6vectorISt4pairISsSsESaIS1_EE12_M_check_lenEjPKc
                0x03809abc       0x54 build/src/main.o
                0x03809abc                std::vector<std::pair<std::string, std::string>, std::allocator<std::pair<std::string, std::string> > >::_M_check_len(unsigned int, char const*) const
 .text._ZNSt8__detail9_CompilerISt12regex_traitsIcEE18_M_expression_termILb1ELb0EEEvRNS_15_BracketMatcherIS2_XT_EXT0_EEE
                0x03809b10      0x1d4 build/src/main.o
                0x03809b10                void std::__detail::_Compiler<std::regex_traits<char> >::_M_expression_term<true, false>(std::__detail::_BracketMatcher<std::regex_traits<char>, true, false>&)
 .text._ZNSt8__detail15_BracketMatcherISt12regex_traitsIcELb1ELb0EE24_M_add_collating_elementERKSs
                0x03809ce4       0xec build/src/main.o
                0x03809ce4                std::__detail::_BracketMatcher<std::regex_traits<char>, true, false>::_M_add_collating_element(std::string const&)
 .text._ZNSt8__detail15_BracketMatcherISt12regex_traitsIcELb1ELb0EE24_M_add_equivalence_classERKSs
                0x03809dd0       0xe4 build/src/main.o
                0x03809dd0                std::__detail::_BracketMatcher<std::regex_traits<char>, true, false>::_M_add_equivalence_class(std::string const&)
 .text._ZNSt8__detail15_BracketMatcherISt12regex_traitsIcELb1ELb0EE13_M_make_rangeEcc
                0x03809eb4       0x54 build/src/main.o
                0x03809eb4                std::__detail::_BracketMatcher<std::regex_traits<char>, true, false>::_M_make_range(char, char)
 .text._ZNSt8__detail15_BracketMatcherISt12regex_traitsIcELb1ELb0EE11_M_add_charEc
                0x03809f08       0x68 build/src/main.o
                0x03809f08                std::__detail::_BracketMatcher<std::regex_traits<char>, true, false>::_M_add_char(char)
 .text._ZNSt8__detail9_CompilerISt12regex_traitsIcEE18_M_expression_termILb1ELb1EEEvRNS_15_BracketMatcherIS2_XT_EXT0_EEE
                0x03809f70      0x1d4 build/src/main.o
                0x03809f70                void std::__detail::_Compiler<std::regex_traits<char> >::_M_expression_term<true, true>(std::__detail::_BracketMatcher<std::regex_traits<char>, true, true>&)
 .text._ZNSt8__detail15_BracketMatcherISt12regex_traitsIcELb1ELb1EE24_M_add_collating_elementERKSs
                0x0380a144       0xec build/src/main.o
                0x0380a144                std::__detail::_BracketMatcher<std::regex_traits<char>, true, true>::_M_add_collating_element(std::string const&)
 .text._ZNSt8__detail15_BracketMatcherISt12regex_traitsIcELb1ELb1EE24_M_add_equivalence_classERKSs
                0x0380a230       0xe4 build/src/main.o
                0x0380a230                std::__detail::_BracketMatcher<std::regex_traits<char>, true, true>::_M_add_equivalence_class(std::string const&)
 .text._ZNSt8__detail15_BracketMatcherISt12regex_traitsIcELb1ELb1EE13_M_make_rangeEcc
                0x0380a314      0x12c build/src/main.o
                0x0380a314                std::__detail::_BracketMatcher<std::regex_traits<char>, true, true>::_M_make_range(char, char)
 .text._ZNSt8__detail15_BracketMatcherISt12regex_traitsIcELb1ELb1EE11_M_add_charEc
                0x0380a440       0x68 build/src/main.o
                0x0380a440                std::__detail::_BracketMatcher<std::regex_traits<char>, true, true>::_M_add_char(char)
 .text._ZNSt8__detail9_StateSeqISt12regex_traitsIcEE8_M_cloneEv
                0x0380a4a8      0x414 build/src/main.o
                0x0380a4a8                std::__detail::_StateSeq<std::regex_traits<char> >::_M_clone()
 .text._ZNSt6vectorIlSaIlEEC2EjRKlRKS0_
                0x0380a8bc       0x5c build/src/main.o
                0x0380a8bc                std::vector<long, std::allocator<long> >::vector(unsigned int, long const&, std::allocator<long> const&)
 .text._ZNSt12_Vector_baseIlSaIlEE11_M_allocateEj
                0x0380a918       0x30 build/src/main.o
                0x0380a918                std::_Vector_base<long, std::allocator<long> >::_M_allocate(unsigned int)
 .text._ZNSt11_Deque_baseIlSaIlEE17_M_initialize_mapEj
                0x0380a948       0xac build/src/main.o
                0x0380a948                std::_Deque_base<long, std::allocator<long> >::_M_initialize_map(unsigned int)
 .text._ZNSt11_Deque_baseIlSaIlEEC2EOS1_
                0x0380a9f4       0xa4 build/src/main.o
                0x0380a9f4                std::_Deque_base<long, std::allocator<long> >::_Deque_base(std::_Deque_base<long, std::allocator<long> >&&)
 .text._ZNSt11_Deque_baseIlSaIlEED2Ev
                0x0380aa98       0x50 build/src/main.o
                0x0380aa98                std::_Deque_base<long, std::allocator<long> >::~_Deque_base()
 .text._ZNSt5dequeIlSaIlEE16_M_push_back_auxIJRKlEEEvDpOT_
                0x0380aae8       0x7c build/src/main.o
                0x0380aae8                void std::deque<long, std::allocator<long> >::_M_push_back_aux<long const&>(long const&)
 .text._ZNSt5dequeIlSaIlEE17_M_reallocate_mapEjb
                0x0380ab64      0x12c build/src/main.o
                0x0380ab64                std::deque<long, std::allocator<long> >::_M_reallocate_map(unsigned int, bool)
 .text._ZNSt5dequeINSt8__detail9_StateSeqISt12regex_traitsIcEEESaIS4_EE16_M_push_back_auxIJRKS4_EEEvDpOT_
                0x0380ac90       0x84 build/src/main.o
                0x0380ac90                void std::deque<std::__detail::_StateSeq<std::regex_traits<char> >, std::allocator<std::__detail::_StateSeq<std::regex_traits<char> > > >::_M_push_back_aux<std::__detail::_StateSeq<std::regex_traits<char> > const&>(std::__detail::_StateSeq<std::regex_traits<char> > const&)
 .text._ZNSt5dequeINSt8__detail9_StateSeqISt12regex_traitsIcEEESaIS4_EE17_M_reallocate_mapEjb
                0x0380ad14      0x12c build/src/main.o
                0x0380ad14                std::deque<std::__detail::_StateSeq<std::regex_traits<char> >, std::allocator<std::__detail::_StateSeq<std::regex_traits<char> > > >::_M_reallocate_map(unsigned int, bool)
 .text._ZNSt5dequeINSt8__detail9_StateSeqISt12regex_traitsIcEEESaIS4_EE16_M_push_back_auxIJS4_EEEvDpOT_
                0x0380ae40       0x84 build/src/main.o
                0x0380ae40                void std::deque<std::__detail::_StateSeq<std::regex_traits<char> >, std::allocator<std::__detail::_StateSeq<std::regex_traits<char> > > >::_M_push_back_aux<std::__detail::_StateSeq<std::regex_traits<char> > >(std::__detail::_StateSeq<std::regex_traits<char> >&&)
 .text._ZNSt12__shared_ptrINSt8__detail4_NFAISt12regex_traitsIcEEELN9__gnu_cxx12_Lock_policyE0EEC2ISaIS4_EJS4_EEESt19_Sp_make_shared_tagRKT_DpOT0_
                0x0380aec4       0xb4 build/src/main.o
                0x0380aec4                std::__shared_ptr<std::__detail::_NFA<std::regex_traits<char> >, (__gnu_cxx::_Lock_policy)0>::__shared_ptr<std::allocator<std::__detail::_NFA<std::regex_traits<char> > >, std::__detail::_NFA<std::regex_traits<char> > >(std::_Sp_make_shared_tag, std::allocator<std::__detail::_NFA<std::regex_traits<char> > > const&, std::__detail::_NFA<std::regex_traits<char> >&&)
 .text._ZNSt8__detail4_NFAISt12regex_traitsIcEEC2EOS3_
                0x0380af78       0x90 build/src/main.o
                0x0380af78                std::__detail::_NFA<std::regex_traits<char> >::_NFA(std::__detail::_NFA<std::regex_traits<char> >&&)
 .text._ZNSt19_Sp_counted_deleterIPNSt8__detail4_NFAISt12regex_traitsIcEEENSt12__shared_ptrIS4_LN9__gnu_cxx12_Lock_policyE0EE8_DeleterISaIS4_EEESB_LS8_0EED2Ev
                0x0380b008        0x4 build/src/main.o
                0x0380b008                std::_Sp_counted_deleter<std::__detail::_NFA<std::regex_traits<char> >*, std::__shared_ptr<std::__detail::_NFA<std::regex_traits<char> >, (__gnu_cxx::_Lock_policy)0>::_Deleter<std::allocator<std::__detail::_NFA<std::regex_traits<char> > > >, std::allocator<std::__detail::_NFA<std::regex_traits<char> > >, (__gnu_cxx::_Lock_policy)0>::~_Sp_counted_deleter()
 .text._ZNSt19_Sp_counted_deleterIPNSt8__detail4_NFAISt12regex_traitsIcEEENSt12__shared_ptrIS4_LN9__gnu_cxx12_Lock_policyE0EE8_DeleterISaIS4_EEESB_LS8_0EED0Ev
                0x0380b00c        0x4 build/src/main.o
                0x0380b00c                std::_Sp_counted_deleter<std::__detail::_NFA<std::regex_traits<char> >*, std::__shared_ptr<std::__detail::_NFA<std::regex_traits<char> >, (__gnu_cxx::_Lock_policy)0>::_Deleter<std::allocator<std::__detail::_NFA<std::regex_traits<char> > > >, std::allocator<std::__detail::_NFA<std::regex_traits<char> > >, (__gnu_cxx::_Lock_policy)0>::~_Sp_counted_deleter()
 .text._ZNSt19_Sp_counted_deleterIPNSt8__detail4_NFAISt12regex_traitsIcEEENSt12__shared_ptrIS4_LN9__gnu_cxx12_Lock_policyE0EE8_DeleterISaIS4_EEESB_LS8_0EE10_M_disposeEv
                0x0380b010        0xc build/src/main.o
                0x0380b010                std::_Sp_counted_deleter<std::__detail::_NFA<std::regex_traits<char> >*, std::__shared_ptr<std::__detail::_NFA<std::regex_traits<char> >, (__gnu_cxx::_Lock_policy)0>::_Deleter<std::allocator<std::__detail::_NFA<std::regex_traits<char> > > >, std::allocator<std::__detail::_NFA<std::regex_traits<char> > >, (__gnu_cxx::_Lock_policy)0>::_M_dispose()
 .text._ZNSt19_Sp_counted_deleterIPNSt8__detail4_NFAISt12regex_traitsIcEEENSt12__shared_ptrIS4_LN9__gnu_cxx12_Lock_policyE0EE8_DeleterISaIS4_EEESB_LS8_0EE10_M_destroyEv
                0x0380b01c        0x4 build/src/main.o
                0x0380b01c                std::_Sp_counted_deleter<std::__detail::_NFA<std::regex_traits<char> >*, std::__shared_ptr<std::__detail::_NFA<std::regex_traits<char> >, (__gnu_cxx::_Lock_policy)0>::_Deleter<std::allocator<std::__detail::_NFA<std::regex_traits<char> > > >, std::allocator<std::__detail::_NFA<std::regex_traits<char> > >, (__gnu_cxx::_Lock_policy)0>::_M_destroy()
 .text._ZNSt19_Sp_counted_deleterIPNSt8__detail4_NFAISt12regex_traitsIcEEENSt12__shared_ptrIS4_LN9__gnu_cxx12_Lock_policyE0EE8_DeleterISaIS4_EEESB_LS8_0EE14_M_get_deleterERKSt9type_info
                0x0380b020        0x8 build/src/main.o
                0x0380b020                std::_Sp_counted_deleter<std::__detail::_NFA<std::regex_traits<char> >*, std::__shared_ptr<std::__detail::_NFA<std::regex_traits<char> >, (__gnu_cxx::_Lock_policy)0>::_Deleter<std::allocator<std::__detail::_NFA<std::regex_traits<char> > > >, std::allocator<std::__detail::_NFA<std::regex_traits<char> > >, (__gnu_cxx::_Lock_policy)0>::_M_get_deleter(std::type_info const&)
 .text._ZNSt12__shared_ptrINSt8__detail4_NFAISt12regex_traitsIcEEELN9__gnu_cxx12_Lock_policyE0EE8_DeleterISaIS4_EEclEPS4_
                0x0380b028       0x30 build/src/main.o
                0x0380b028                std::__shared_ptr<std::__detail::_NFA<std::regex_traits<char> >, (__gnu_cxx::_Lock_policy)0>::_Deleter<std::allocator<std::__detail::_NFA<std::regex_traits<char> > > >::operator()(std::__detail::_NFA<std::regex_traits<char> >*)
 .text._ZNSt6vectorINSt8__detail6_StateISt12regex_traitsIcEEESaIS4_EED2Ev
                0x0380b058       0x5c build/src/main.o
                0x0380b058                std::vector<std::__detail::_State<std::regex_traits<char> >, std::allocator<std::__detail::_State<std::regex_traits<char> > > >::~vector()
 .text._ZNSt14regex_iteratorIN9__gnu_cxx17__normal_iteratorIPKcSsEEcSt12regex_traitsIcEEC2ES4_S4_RKSt11basic_regexIcS6_ENSt15regex_constants15match_flag_typeE
                0x0380b0b4       0xa8 build/src/main.o
                0x0380b0b4                std::regex_iterator<__gnu_cxx::__normal_iterator<char const*, std::string>, char, std::regex_traits<char> >::regex_iterator(__gnu_cxx::__normal_iterator<char const*, std::string>, __gnu_cxx::__normal_iterator<char const*, std::string>, std::basic_regex<char, std::regex_traits<char> > const&, std::regex_constants::match_flag_type)
 .text._ZNSt20regex_token_iteratorIN9__gnu_cxx17__normal_iteratorIPKcSsEEcSt12regex_traitsIcEE7_M_initES4_S4_
                0x0380b15c       0xcc build/src/main.o
                0x0380b15c                std::regex_token_iterator<__gnu_cxx::__normal_iterator<char const*, std::string>, char, std::regex_traits<char> >::_M_init(__gnu_cxx::__normal_iterator<char const*, std::string>, __gnu_cxx::__normal_iterator<char const*, std::string>)
 .text._ZNSt8__detail17__regex_algo_implIN9__gnu_cxx17__normal_iteratorIPKcSsEESaISt9sub_matchIS5_EEcSt12regex_traitsIcELNS_20_RegexExecutorPolicyE0ELb0EEEbT_SC_RSt13match_resultsISC_T0_ERKSt11basic_regexIT1_T2_ENSt15regex_constants15match_flag_typeE
                0x0380b228      0x1fc build/src/main.o
                0x0380b228                bool std::__detail::__regex_algo_impl<__gnu_cxx::__normal_iterator<char const*, std::string>, std::allocator<std::sub_match<__gnu_cxx::__normal_iterator<char const*, std::string> > >, char, std::regex_traits<char>, (std::__detail::_RegexExecutorPolicy)0, false>(__gnu_cxx::__normal_iterator<char const*, std::string>, __gnu_cxx::__normal_iterator<char const*, std::string>, std::match_results<__gnu_cxx::__normal_iterator<char const*, std::string>, std::allocator<std::sub_match<__gnu_cxx::__normal_iterator<char const*, std::string> > > >&, std::basic_regex<char, std::regex_traits<char> > const&, std::regex_constants::match_flag_type)
 .text._ZNSt6vectorISt9sub_matchIN9__gnu_cxx17__normal_iteratorIPKcSsEEESaIS6_EE6resizeEj
                0x0380b424       0x3c build/src/main.o
                0x0380b424                std::vector<std::sub_match<__gnu_cxx::__normal_iterator<char const*, std::string> >, std::allocator<std::sub_match<__gnu_cxx::__normal_iterator<char const*, std::string> > > >::resize(unsigned int)
 .text._ZNSt8__detail9_ExecutorIN9__gnu_cxx17__normal_iteratorIPKcSsEESaISt9sub_matchIS5_EESt12regex_traitsIcELb0EEC2ES5_S5_RSt6vectorIS7_S8_ERKSt11basic_regexIcSA_ENSt15regex_constants15match_flag_typeE
                0x0380b460       0xe4 build/src/main.o
                0x0380b460                std::__detail::_Executor<__gnu_cxx::__normal_iterator<char const*, std::string>, std::allocator<std::sub_match<__gnu_cxx::__normal_iterator<char const*, std::string> > >, std::regex_traits<char>, false>::_Executor(__gnu_cxx::__normal_iterator<char const*, std::string>, __gnu_cxx::__normal_iterator<char const*, std::string>, std::vector<std::sub_match<__gnu_cxx::__normal_iterator<char const*, std::string> >, std::allocator<std::sub_match<__gnu_cxx::__normal_iterator<char const*, std::string> > > >&, std::basic_regex<char, std::regex_traits<char> > const&, std::regex_constants::match_flag_type)
 .text._ZNSt8__detail9_ExecutorIN9__gnu_cxx17__normal_iteratorIPKcSsEESaISt9sub_matchIS5_EESt12regex_traitsIcELb0EE9_M_searchEv
                0x0380b544       0x68 build/src/main.o
                0x0380b544                std::__detail::_Executor<__gnu_cxx::__normal_iterator<char const*, std::string>, std::allocator<std::sub_match<__gnu_cxx::__normal_iterator<char const*, std::string> > >, std::regex_traits<char>, false>::_M_search()
 .text._ZNSt8__detail9_ExecutorIN9__gnu_cxx17__normal_iteratorIPKcSsEESaISt9sub_matchIS5_EESt12regex_traitsIcELb1EE9_M_searchEv
                0x0380b5ac       0xa8 build/src/main.o
                0x0380b5ac                std::__detail::_Executor<__gnu_cxx::__normal_iterator<char const*, std::string>, std::allocator<std::sub_match<__gnu_cxx::__normal_iterator<char const*, std::string> > >, std::regex_traits<char>, true>::_M_search()
 .text._ZNSt6vectorISt9sub_matchIN9__gnu_cxx17__normal_iteratorIPKcSsEEESaIS6_EE17_M_default_appendEj
                0x0380b654      0x128 build/src/main.o
                0x0380b654                std::vector<std::sub_match<__gnu_cxx::__normal_iterator<char const*, std::string> >, std::allocator<std::sub_match<__gnu_cxx::__normal_iterator<char const*, std::string> > > >::_M_default_append(unsigned int)
 .text._ZNKSt6vectorISt9sub_matchIN9__gnu_cxx17__normal_iteratorIPKcSsEEESaIS6_EE12_M_check_lenEjS4_
                0x0380b77c       0x64 build/src/main.o
                0x0380b77c                std::vector<std::sub_match<__gnu_cxx::__normal_iterator<char const*, std::string> >, std::allocator<std::sub_match<__gnu_cxx::__normal_iterator<char const*, std::string> > > >::_M_check_len(unsigned int, char const*) const
 .text._ZNSt12_Vector_baseISt9sub_matchIN9__gnu_cxx17__normal_iteratorIPKcSsEEESaIS6_EE11_M_allocateEj
                0x0380b7e0       0x3c build/src/main.o
                0x0380b7e0                std::_Vector_base<std::sub_match<__gnu_cxx::__normal_iterator<char const*, std::string> >, std::allocator<std::sub_match<__gnu_cxx::__normal_iterator<char const*, std::string> > > >::_M_allocate(unsigned int)
 .text._ZNSt6vectorIbSaIbEE13_M_initializeEj
                0x0380b81c       0x64 build/src/main.o
                0x0380b81c                std::vector<bool, std::allocator<bool> >::_M_initialize(unsigned int)
 .text._ZNSt8__detail9_ExecutorIN9__gnu_cxx17__normal_iteratorIPKcSsEESaISt9sub_matchIS5_EESt12regex_traitsIcELb0EE7_M_mainILb0EEEbv
                0x0380b880      0x154 build/src/main.o
                0x0380b880                bool std::__detail::_Executor<__gnu_cxx::__normal_iterator<char const*, std::string>, std::allocator<std::sub_match<__gnu_cxx::__normal_iterator<char const*, std::string> > >, std::regex_traits<char>, false>::_M_main<false>()
 .text._ZNSt8__detail9_ExecutorIN9__gnu_cxx17__normal_iteratorIPKcSsEESaISt9sub_matchIS5_EESt12regex_traitsIcELb0EE6_M_dfsILb0EEEvl
                0x0380b9d4      0x530 build/src/main.o
                0x0380b9d4                void std::__detail::_Executor<__gnu_cxx::__normal_iterator<char const*, std::string>, std::allocator<std::sub_match<__gnu_cxx::__normal_iterator<char const*, std::string> > >, std::regex_traits<char>, false>::_M_dfs<false>(long)
 .text._ZNSt6vectorISt4pairIlS_ISt9sub_matchIN9__gnu_cxx17__normal_iteratorIPKcSsEEESaIS7_EEESaISA_EED2Ev
                0x0380bf04       0x50 build/src/main.o
                0x0380bf04                std::vector<std::pair<long, std::vector<std::sub_match<__gnu_cxx::__normal_iterator<char const*, std::string> >, std::allocator<std::sub_match<__gnu_cxx::__normal_iterator<char const*, std::string> > > > >, std::allocator<std::pair<long, std::vector<std::sub_match<__gnu_cxx::__normal_iterator<char const*, std::string> >, std::allocator<std::sub_match<__gnu_cxx::__normal_iterator<char const*, std::string> > > > > > >::~vector()
 .text._ZNSt6vectorISt4pairIlS_ISt9sub_matchIN9__gnu_cxx17__normal_iteratorIPKcSsEEESaIS7_EEESaISA_EE12emplace_backIJSA_EEEvDpOT_
                0x0380bf54       0x68 build/src/main.o
                0x0380bf54                void std::vector<std::pair<long, std::vector<std::sub_match<__gnu_cxx::__normal_iterator<char const*, std::string> >, std::allocator<std::sub_match<__gnu_cxx::__normal_iterator<char const*, std::string> > > > >, std::allocator<std::pair<long, std::vector<std::sub_match<__gnu_cxx::__normal_iterator<char const*, std::string> >, std::allocator<std::sub_match<__gnu_cxx::__normal_iterator<char const*, std::string> > > > > > >::emplace_back<std::pair<long, std::vector<std::sub_match<__gnu_cxx::__normal_iterator<char const*, std::string> >, std::allocator<std::sub_match<__gnu_cxx::__normal_iterator<char const*, std::string> > > > > >(std::pair<long, std::vector<std::sub_match<__gnu_cxx::__normal_iterator<char const*, std::string> >, std::allocator<std::sub_match<__gnu_cxx::__normal_iterator<char const*, std::string> > > > >&&)
 .text._ZNSt6vectorISt4pairIlS_ISt9sub_matchIN9__gnu_cxx17__normal_iteratorIPKcSsEEESaIS7_EEESaISA_EE19_M_emplace_back_auxIJSA_EEEvDpOT_
                0x0380bfbc       0xec build/src/main.o
                0x0380bfbc                void std::vector<std::pair<long, std::vector<std::sub_match<__gnu_cxx::__normal_iterator<char const*, std::string> >, std::allocator<std::sub_match<__gnu_cxx::__normal_iterator<char const*, std::string> > > > >, std::allocator<std::pair<long, std::vector<std::sub_match<__gnu_cxx::__normal_iterator<char const*, std::string> >, std::allocator<std::sub_match<__gnu_cxx::__normal_iterator<char const*, std::string> > > > > > >::_M_emplace_back_aux<std::pair<long, std::vector<std::sub_match<__gnu_cxx::__normal_iterator<char const*, std::string> >, std::allocator<std::sub_match<__gnu_cxx::__normal_iterator<char const*, std::string> > > > > >(std::pair<long, std::vector<std::sub_match<__gnu_cxx::__normal_iterator<char const*, std::string> >, std::allocator<std::sub_match<__gnu_cxx::__normal_iterator<char const*, std::string> > > > >&&)
 .text._ZNKSt6vectorISt4pairIlS_ISt9sub_matchIN9__gnu_cxx17__normal_iteratorIPKcSsEEESaIS7_EEESaISA_EE12_M_check_lenEjS5_
                0x0380c0a8       0x54 build/src/main.o
                0x0380c0a8                std::vector<std::pair<long, std::vector<std::sub_match<__gnu_cxx::__normal_iterator<char const*, std::string> >, std::allocator<std::sub_match<__gnu_cxx::__normal_iterator<char const*, std::string> > > > >, std::allocator<std::pair<long, std::vector<std::sub_match<__gnu_cxx::__normal_iterator<char const*, std::string> >, std::allocator<std::sub_match<__gnu_cxx::__normal_iterator<char const*, std::string> > > > > > >::_M_check_len(unsigned int, char const*) const
 .text._ZNSt12_Vector_baseISt4pairIlSt6vectorISt9sub_matchIN9__gnu_cxx17__normal_iteratorIPKcSsEEESaIS8_EEESaISB_EE11_M_allocateEj
                0x0380c0fc       0x30 build/src/main.o
                0x0380c0fc                std::_Vector_base<std::pair<long, std::vector<std::sub_match<__gnu_cxx::__normal_iterator<char const*, std::string> >, std::allocator<std::sub_match<__gnu_cxx::__normal_iterator<char const*, std::string> > > > >, std::allocator<std::pair<long, std::vector<std::sub_match<__gnu_cxx::__normal_iterator<char const*, std::string> >, std::allocator<std::sub_match<__gnu_cxx::__normal_iterator<char const*, std::string> > > > > > >::_M_allocate(unsigned int)
 .text._ZNSt20__uninitialized_copyILb0EE13__uninit_copyISt13move_iteratorIPSt4pairIlSt6vectorISt9sub_matchIN9__gnu_cxx17__normal_iteratorIPKcSsEEESaISB_EEEESF_EET0_T_SI_SH_
                0x0380c12c       0x6c build/src/main.o
                0x0380c12c                std::pair<long, std::vector<std::sub_match<__gnu_cxx::__normal_iterator<char const*, std::string> >, std::allocator<std::sub_match<__gnu_cxx::__normal_iterator<char const*, std::string> > > > >* std::__uninitialized_copy<false>::__uninit_copy<std::move_iterator<std::pair<long, std::vector<std::sub_match<__gnu_cxx::__normal_iterator<char const*, std::string> >, std::allocator<std::sub_match<__gnu_cxx::__normal_iterator<char const*, std::string> > > > >*>, std::pair<long, std::vector<std::sub_match<__gnu_cxx::__normal_iterator<char const*, std::string> >, std::allocator<std::sub_match<__gnu_cxx::__normal_iterator<char const*, std::string> > > > >*>(std::move_iterator<std::pair<long, std::vector<std::sub_match<__gnu_cxx::__normal_iterator<char const*, std::string> >, std::allocator<std::sub_match<__gnu_cxx::__normal_iterator<char const*, std::string> > > > >*>, std::move_iterator<std::pair<long, std::vector<std::sub_match<__gnu_cxx::__normal_iterator<char const*, std::string> >, std::allocator<std::sub_match<__gnu_cxx::__normal_iterator<char const*, std::string> > > > >*>, std::pair<long, std::vector<std::sub_match<__gnu_cxx::__normal_iterator<char const*, std::string> >, std::allocator<std::sub_match<__gnu_cxx::__normal_iterator<char const*, std::string> > > > >*)
 .text._ZNSt6vectorISt9sub_matchIN9__gnu_cxx17__normal_iteratorIPKcSsEEESaIS6_EEC2ERKS8_
                0x0380c198       0x80 build/src/main.o
                0x0380c198                std::vector<std::sub_match<__gnu_cxx::__normal_iterator<char const*, std::string> >, std::allocator<std::sub_match<__gnu_cxx::__normal_iterator<char const*, std::string> > > >::vector(std::vector<std::sub_match<__gnu_cxx::__normal_iterator<char const*, std::string> >, std::allocator<std::sub_match<__gnu_cxx::__normal_iterator<char const*, std::string> > > > const&)
 .text._ZNSt6vectorIbSaIbEE14_M_fill_assignEjb
                0x0380c218       0xd8 build/src/main.o
                0x0380c218                std::vector<bool, std::allocator<bool> >::_M_fill_assign(unsigned int, bool)
 .text._ZNSt6vectorIbSaIbEE6insertESt19_Bit_const_iteratorjRKb
                0x0380c2f0       0x8c build/src/main.o
                0x0380c2f0                std::vector<bool, std::allocator<bool> >::insert(std::_Bit_const_iterator, unsigned int, bool const&)
 .text._ZNSt6vectorIbSaIbEE14_M_fill_insertESt13_Bit_iteratorjb
                0x0380c37c      0x4bc build/src/main.o
                0x0380c37c                std::vector<bool, std::allocator<bool> >::_M_fill_insert(std::_Bit_iterator, unsigned int, bool)
 .text._ZNKSt6vectorIbSaIbEE12_M_check_lenEjPKc
                0x0380c838       0x60 build/src/main.o
                0x0380c838                std::vector<bool, std::allocator<bool> >::_M_check_len(unsigned int, char const*) const
 .text._ZNSt6vectorIbSaIbEE15_M_copy_alignedESt19_Bit_const_iteratorS2_St13_Bit_iterator
                0x0380c898       0x68 build/src/main.o
                0x0380c898                std::vector<bool, std::allocator<bool> >::_M_copy_aligned(std::_Bit_const_iterator, std::_Bit_const_iterator, std::_Bit_iterator)
 .text._ZNSt20__copy_move_backwardILb0ELb0ESt26random_access_iterator_tagE13__copy_move_bISt13_Bit_iteratorS3_EET0_T_S5_S4_
                0x0380c900       0x90 build/src/main.o
                0x0380c900                std::_Bit_iterator std::__copy_move_backward<false, false, std::random_access_iterator_tag>::__copy_move_b<std::_Bit_iterator, std::_Bit_iterator>(std::_Bit_iterator, std::_Bit_iterator, std::_Bit_iterator)
 .text._ZNSt11__copy_moveILb0ELb0ESt26random_access_iterator_tagE8__copy_mISt19_Bit_const_iteratorSt13_Bit_iteratorEET0_T_S6_S5_
                0x0380c990       0x8c build/src/main.o
                0x0380c990                std::_Bit_iterator std::__copy_move<false, false, std::random_access_iterator_tag>::__copy_m<std::_Bit_const_iterator, std::_Bit_iterator>(std::_Bit_const_iterator, std::_Bit_const_iterator, std::_Bit_iterator)
 .text._ZNSt11__copy_moveILb0ELb0ESt26random_access_iterator_tagE8__copy_mISt13_Bit_iteratorS3_EET0_T_S5_S4_
                0x0380ca1c       0x8c build/src/main.o
                0x0380ca1c                std::_Bit_iterator std::__copy_move<false, false, std::random_access_iterator_tag>::__copy_m<std::_Bit_iterator, std::_Bit_iterator>(std::_Bit_iterator, std::_Bit_iterator, std::_Bit_iterator)
 .text._ZNSt6vectorISt9sub_matchIN9__gnu_cxx17__normal_iteratorIPKcSsEEESaIS6_EE14_M_move_assignEOS8_St17integral_constantIbLb1EE
                0x0380caa8       0x5c build/src/main.o
                0x0380caa8                std::vector<std::sub_match<__gnu_cxx::__normal_iterator<char const*, std::string> >, std::allocator<std::sub_match<__gnu_cxx::__normal_iterator<char const*, std::string> > > >::_M_move_assign(std::vector<std::sub_match<__gnu_cxx::__normal_iterator<char const*, std::string> >, std::allocator<std::sub_match<__gnu_cxx::__normal_iterator<char const*, std::string> > > >&&, std::integral_constant<bool, true>)
 .text._ZNKSt8__detail9_ExecutorIN9__gnu_cxx17__normal_iteratorIPKcSsEESaISt9sub_matchIS5_EESt12regex_traitsIcELb0EE16_M_word_boundaryENS_6_StateISA_EE
                0x0380cb04      0x10c build/src/main.o
                0x0380cb04                std::__detail::_Executor<__gnu_cxx::__normal_iterator<char const*, std::string>, std::allocator<std::sub_match<__gnu_cxx::__normal_iterator<char const*, std::string> > >, std::regex_traits<char>, false>::_M_word_boundary(std::__detail::_State<std::regex_traits<char> >) const
 .text._ZNSt8__detail9_ExecutorIN9__gnu_cxx17__normal_iteratorIPKcSsEESaISt9sub_matchIS5_EESt12regex_traitsIcELb0EE12_M_lookaheadENS_6_StateISA_EE
                0x0380cc10      0x114 build/src/main.o
                0x0380cc10                std::__detail::_Executor<__gnu_cxx::__normal_iterator<char const*, std::string>, std::allocator<std::sub_match<__gnu_cxx::__normal_iterator<char const*, std::string> > >, std::regex_traits<char>, false>::_M_lookahead(std::__detail::_State<std::regex_traits<char> >)
 .text._ZNKSt12regex_traitsIcE9transformIN9__gnu_cxx17__normal_iteratorIPKcSsEEEESsT_S7_
                0x0380cd24       0x98 build/src/main.o
                0x0380cd24                std::string std::regex_traits<char>::transform<__gnu_cxx::__normal_iterator<char const*, std::string> >(__gnu_cxx::__normal_iterator<char const*, std::string>, __gnu_cxx::__normal_iterator<char const*, std::string>) const
 .text._ZNSt6vectorISt9sub_matchIN9__gnu_cxx17__normal_iteratorIPKcSsEEESaIS6_EEaSERKS8_
                0x0380cdbc      0x1a0 build/src/main.o
                0x0380cdbc                std::vector<std::sub_match<__gnu_cxx::__normal_iterator<char const*, std::string> >, std::allocator<std::sub_match<__gnu_cxx::__normal_iterator<char const*, std::string> > > >::operator=(std::vector<std::sub_match<__gnu_cxx::__normal_iterator<char const*, std::string> >, std::allocator<std::sub_match<__gnu_cxx::__normal_iterator<char const*, std::string> > > > const&)
 .text._ZNSt6vectorISt9sub_matchIN9__gnu_cxx17__normal_iteratorIPKcSsEEESaIS6_EEC2EjRKS7_
                0x0380cf5c       0x60 build/src/main.o
                0x0380cf5c                std::vector<std::sub_match<__gnu_cxx::__normal_iterator<char const*, std::string> >, std::allocator<std::sub_match<__gnu_cxx::__normal_iterator<char const*, std::string> > > >::vector(unsigned int, std::allocator<std::sub_match<__gnu_cxx::__normal_iterator<char const*, std::string> > > const&)
 .text._ZNSt10unique_ptrINSt8__detail9_ExecutorIN9__gnu_cxx17__normal_iteratorIPKcSsEESaISt9sub_matchIS6_EESt12regex_traitsIcELb0EEESt14default_deleteISC_EED2Ev
                0x0380cfbc       0x74 build/src/main.o
                0x0380cfbc                std::unique_ptr<std::__detail::_Executor<__gnu_cxx::__normal_iterator<char const*, std::string>, std::allocator<std::sub_match<__gnu_cxx::__normal_iterator<char const*, std::string> > >, std::regex_traits<char>, false>, std::default_delete<std::__detail::_Executor<__gnu_cxx::__normal_iterator<char const*, std::string>, std::allocator<std::sub_match<__gnu_cxx::__normal_iterator<char const*, std::string> > >, std::regex_traits<char>, false> > >::~unique_ptr()
 .text._ZNSt10unique_ptrISt6vectorISt4pairIlS0_ISt9sub_matchIN9__gnu_cxx17__normal_iteratorIPKcSsEEESaIS8_EEESaISB_EESt14default_deleteISD_EED2Ev
                0x0380d030       0x30 build/src/main.o
                0x0380d030                std::unique_ptr<std::vector<std::pair<long, std::vector<std::sub_match<__gnu_cxx::__normal_iterator<char const*, std::string> >, std::allocator<std::sub_match<__gnu_cxx::__normal_iterator<char const*, std::string> > > > >, std::allocator<std::pair<long, std::vector<std::sub_match<__gnu_cxx::__normal_iterator<char const*, std::string> >, std::allocator<std::sub_match<__gnu_cxx::__normal_iterator<char const*, std::string> > > > > > >, std::default_delete<std::vector<std::pair<long, std::vector<std::sub_match<__gnu_cxx::__normal_iterator<char const*, std::string> >, std::allocator<std::sub_match<__gnu_cxx::__normal_iterator<char const*, std::string> > > > >, std::allocator<std::pair<long, std::vector<std::sub_match<__gnu_cxx::__normal_iterator<char const*, std::string> >, std::allocator<std::sub_match<__gnu_cxx::__normal_iterator<char const*, std::string> > > > > > > > >::~unique_ptr()
 .text._ZNSt8__detail9_ExecutorIN9__gnu_cxx17__normal_iteratorIPKcSsEESaISt9sub_matchIS5_EESt12regex_traitsIcELb1EE6_M_dfsILb0EEEvl
                0x0380d060      0x4ec build/src/main.o
                0x0380d060                void std::__detail::_Executor<__gnu_cxx::__normal_iterator<char const*, std::string>, std::allocator<std::sub_match<__gnu_cxx::__normal_iterator<char const*, std::string> > >, std::regex_traits<char>, true>::_M_dfs<false>(long)
 .text._ZNKSt8__detail9_ExecutorIN9__gnu_cxx17__normal_iteratorIPKcSsEESaISt9sub_matchIS5_EESt12regex_traitsIcELb1EE16_M_word_boundaryENS_6_StateISA_EE
                0x0380d54c      0x10c build/src/main.o
                0x0380d54c                std::__detail::_Executor<__gnu_cxx::__normal_iterator<char const*, std::string>, std::allocator<std::sub_match<__gnu_cxx::__normal_iterator<char const*, std::string> > >, std::regex_traits<char>, true>::_M_word_boundary(std::__detail::_State<std::regex_traits<char> >) const
 .text._ZNSt8__detail9_ExecutorIN9__gnu_cxx17__normal_iteratorIPKcSsEESaISt9sub_matchIS5_EESt12regex_traitsIcELb1EE12_M_lookaheadENS_6_StateISA_EE
                0x0380d658      0x15c build/src/main.o
                0x0380d658                std::__detail::_Executor<__gnu_cxx::__normal_iterator<char const*, std::string>, std::allocator<std::sub_match<__gnu_cxx::__normal_iterator<char const*, std::string> > >, std::regex_traits<char>, true>::_M_lookahead(std::__detail::_State<std::regex_traits<char> >)
 .text._ZNSt10unique_ptrINSt8__detail9_ExecutorIN9__gnu_cxx17__normal_iteratorIPKcSsEESaISt9sub_matchIS6_EESt12regex_traitsIcELb1EEESt14default_deleteISC_EED2Ev
                0x0380d7b4       0x74 build/src/main.o
                0x0380d7b4                std::unique_ptr<std::__detail::_Executor<__gnu_cxx::__normal_iterator<char const*, std::string>, std::allocator<std::sub_match<__gnu_cxx::__normal_iterator<char const*, std::string> > >, std::regex_traits<char>, true>, std::default_delete<std::__detail::_Executor<__gnu_cxx::__normal_iterator<char const*, std::string>, std::allocator<std::sub_match<__gnu_cxx::__normal_iterator<char const*, std::string> > >, std::regex_traits<char>, true> > >::~unique_ptr()
 .text._ZNSt12_Vector_baseIiSaIiEE11_M_allocateEj
                0x0380d828       0x30 build/src/main.o
                0x0380d828                std::_Vector_base<int, std::allocator<int> >::_M_allocate(unsigned int)
 .text._ZNKSt20regex_token_iteratorIN9__gnu_cxx17__normal_iteratorIPKcSsEEcSt12regex_traitsIcEE16_M_current_matchEv
                0x0380d858       0x84 build/src/main.o
                0x0380d858                std::regex_token_iterator<__gnu_cxx::__normal_iterator<char const*, std::string>, char, std::regex_traits<char> >::_M_current_match() const
 .text._ZNKSt14regex_iteratorIN9__gnu_cxx17__normal_iteratorIPKcSsEEcSt12regex_traitsIcEEeqERKS7_
                0x0380d8dc      0x110 build/src/main.o
                0x0380d8dc                std::regex_iterator<__gnu_cxx::__normal_iterator<char const*, std::string>, char, std::regex_traits<char> >::operator==(std::regex_iterator<__gnu_cxx::__normal_iterator<char const*, std::string>, char, std::regex_traits<char> > const&) const
 .text._ZNKSt9sub_matchIN9__gnu_cxx17__normal_iteratorIPKcSsEEE7compareERKS5_
                0x0380d9ec      0x100 build/src/main.o