Archive member included because of file (symbol)

C:\Program Files (x86)\VEX Robotics\VEXcode Pro V5\sdk/vexv5\libv5rt.a(v5_startup.c.obj)
                              (vexStartup)
C:\Program Files (x86)\VEX Robotics\VEXcode Pro V5\sdk/vexv5\libv5rt.a(v5_util.c.obj)
                              C:\Program Files (x86)\VEX Robotics\VEXcode Pro V5\sdk/vexv5\libv5rt.a(v5_startup.c.obj) (vexStdlibVersionLinked)
C:\Program Files (x86)\VEX Robotics\VEXcode Pro V5\sdk/vexv5\libv5rt.a(v5_apijump.c.obj)
                              C:\Program Files (x86)\VEX Robotics\VEXcode Pro V5\sdk/vexv5\libv5rt.a(v5_startup.c.obj) (vexPrivateApiEnable)
C:\Program Files (x86)\VEX Robotics\VEXcode Pro V5\sdk/vexv5\libv5rt.a(v5_apiversions.c.obj)
                              C:\Program Files (x86)\VEX Robotics\VEXcode Pro V5\sdk/vexv5\libv5rt.a(v5_apijump.c.obj) (vexSystemVersion)
C:\Program Files (x86)\VEX Robotics\VEXcode Pro V5\sdk/vexv5\libv5rt.a(vex_global.cpp.obj)
                              build/src/main.o (vex::wait(double, vex::timeUnits))
C:\Program Files (x86)\VEX Robotics\VEXcode Pro V5\sdk/vexv5\libv5rt.a(vex_motor.cpp.obj)
                              build/src/main.o (vex::motor::~motor())
C:\Program Files (x86)\VEX Robotics\VEXcode Pro V5\sdk/vexv5\libv5rt.a(vex_controller.cpp.obj)
                              build/src/robot-config.o (vex::controller::~controller())
C:\Program Files (x86)\VEX Robotics\VEXcode Pro V5\sdk/vexv5\libv5rt.a(vex_task.cpp.obj)
                              build/src/main.o (vex::task::sleep(unsigned long))
C:\Program Files (x86)\VEX Robotics\VEXcode Pro V5\sdk/vexv5\libv5rt.a(vex_thread.cpp.obj)
                              C:\Program Files (x86)\VEX Robotics\VEXcode Pro V5\sdk/vexv5\libv5rt.a(vex_global.cpp.obj) (vex::this_thread::sleep_for(unsigned long))
C:\Program Files (x86)\VEX Robotics\VEXcode Pro V5\sdk/vexv5\libv5rt.a(vex_event.cpp.obj)
                              C:\Program Files (x86)\VEX Robotics\VEXcode Pro V5\sdk/vexv5\libv5rt.a(vex_controller.cpp.obj) (vex::event::init(unsigned long, unsigned long, void (*)()))
C:\Program Files (x86)\VEX Robotics\VEXcode Pro V5\sdk/vexv5\libv5rt.a(vex_mevent.cpp.obj)
                              C:\Program Files (x86)\VEX Robotics\VEXcode Pro V5\sdk/vexv5\libv5rt.a(vex_controller.cpp.obj) (vex::mevent::mevent(unsigned long, unsigned long))
C:\Program Files (x86)\VEX Robotics\VEXcode Pro V5\sdk/vexv5\libv5rt.a(vex_brain.cpp.obj)
                              build/src/robot-config.o (vex::brain::brain())
C:\Program Files (x86)\VEX Robotics\VEXcode Pro V5\sdk/vexv5\libv5rt.a(vex_competition.cpp.obj)
                              build/src/main.o (vex::competition::competition())
C:\Program Files (x86)\VEX Robotics\VEXcode Pro V5\sdk/vexv5\libv5rt.a(vex_triport.cpp.obj)
                              C:\Program Files (x86)\VEX Robotics\VEXcode Pro V5\sdk/vexv5\libv5rt.a(vex_brain.cpp.obj) (vex::triport::~triport())
C:\Program Files (x86)\VEX Robotics\VEXcode Pro V5\sdk/vexv5\libv5rt.a(vex_color.cpp.obj)
                              build/src/main.o (vex::color::~color())
C:\Program Files (x86)\VEX Robotics\VEXcode Pro V5\sdk/vexv5\libv5rt.a(vex_timer.cpp.obj)
                              C:\Program Files (x86)\VEX Robotics\VEXcode Pro V5\sdk/vexv5\libv5rt.a(vex_brain.cpp.obj) (vex::timer::~timer())
C:\Program Files (x86)\VEX Robotics\VEXcode Pro V5\sdk/vexv5\libv5rt.a(vex_motorgroup.cpp.obj)
                              build/src/robot-config.o (vex::motor_group::motor_group())
C:\Program Files (x86)\VEX Robotics\VEXcode Pro V5\sdk/vexv5\libv5rt.a(vex_drivetrain.cpp.obj)
                              build/src/robot-config.o (vex::drivetrain::~drivetrain())
C:\Program Files (x86)\VEX Robotics\VEXcode Pro V5\sdk/vexv5\libv5rt.a(v5_apiuser.c.obj)
                              C:\Program Files (x86)\VEX Robotics\VEXcode Pro V5\sdk/vexv5\libv5rt.a(vex_triport.cpp.obj) (vexAdiPortConfigSet)
C:\Program Files (x86)\VEX Robotics\VEXcode Pro V5\sdk/vexv5\libv5rt.a(vex_device.cpp.obj)
                              C:\Program Files (x86)\VEX Robotics\VEXcode Pro V5\sdk/vexv5\libv5rt.a(vex_motor.cpp.obj) (vex::device::~device())
C:\Program Files (x86)\VEX Robotics\VEXcode Pro V5\sdk/vexv5/gcc/libs\libstdc++.a(sstream-inst.o)
                              build/src/main.o (VTT for std::basic_stringstream<char, std::char_traits<char>, std::allocator<char> >)
C:\Program Files (x86)\VEX Robotics\VEXcode Pro V5\sdk/vexv5/gcc/libs\libstdc++.a(streambuf-inst.o)
                              C:\Program Files (x86)\VEX Robotics\VEXcode Pro V5\sdk/vexv5/gcc/libs\libstdc++.a(sstream-inst.o) (vtable for std::basic_streambuf<char, std::char_traits<char> >)
C:\Program Files (x86)\VEX Robotics\VEXcode Pro V5\sdk/vexv5/gcc/libs\libstdc++.a(class_type_info.o)
                              C:\Program Files (x86)\VEX Robotics\VEXcode Pro V5\sdk/vexv5/gcc/libs\libstdc++.a(streambuf-inst.o) (vtable for __cxxabiv1::__class_type_info)
[...]
Memory Configuration

Name             Origin             Length             Attributes
ps7_ddr_0_S_AXI_BASEADDR 0x03800000         0x04800000
*default*        0x00000000         0xffffffff

Linker script and memory map

                0x00002000                _STACK_SIZE = DEFINED (_STACK_SIZE)?_STACK_SIZE:0x2000
                0x00100000                _HEAP_SIZE = DEFINED (_HEAP_SIZE)?_HEAP_SIZE:0x100000
                0x00000400                _ABORT_STACK_SIZE = DEFINED (_ABORT_STACK_SIZE)?_ABORT_STACK_SIZE:0x400
                0x00000800                _SUPERVISOR_STACK_SIZE = DEFINED (_SUPERVISOR_STACK_SIZE)?_SUPERVISOR_STACK_SIZE:0x800
                0x00000400                _IRQ_STACK_SIZE = DEFINED (_IRQ_STACK_SIZE)?_IRQ_STACK_SIZE:0x400
                0x00000400                _FIQ_STACK_SIZE = DEFINED (_FIQ_STACK_SIZE)?_FIQ_STACK_SIZE:0x400
                0x00000400                _UNDEF_STACK_SIZE = DEFINED (_UNDEF_STACK_SIZE)?_UNDEF_STACK_SIZE:0x400

.text           0x03800000    0x12988
 *(.vectors)
 *(.boot_data)
 .boot_data     0x03800000       0x20 C:\Program Files (x86)\VEX Robotics\VEXcode Pro V5\sdk/vexv5\libv5rt.a(v5_startup.c.obj)
                0x03800000                vexCodeSig
                0x00000020                . = 0x20
 *(.boot)
 .boot          0x03800020       0xbc C:\Program Files (x86)\VEX Robotics\VEXcode Pro V5\sdk/vexv5\libv5rt.a(v5_startup.c.obj)
                0x03800020                vexStartup
                0x03800100                . = ALIGN (0x40)
 *fill*         0x038000dc       0x24 
 *(.freertos_vectors)
 *(.text)
 .text          0x03800100       0x3a C:\Program Files (x86)\VEX Robotics\VEXcode Pro V5\sdk/vexv5/gcc/libs\libc.a(lib_a-aeabi_memmove-soft.o)
                0x03800100                __aeabi_memmove4
                0x03800100                __aeabi_memmove
                0x03800100                __aeabi_memmove8
 .text          0x0380013a       0x9a C:\Program Files (x86)\VEX Robotics\VEXcode Pro V5\sdk/vexv5/gcc/libs\libc.a(lib_a-aeabi_memset-soft.o)
                0x0380013a                __aeabi_memset8
                0x0380013a                __aeabi_memset
                0x0380013a                __aeabi_memset4
 *(.text.*)
 .text.__cxx_global_array_dtor
                0x038001d4       0x3c build/src/main.o
 .text._Z10ButtonLoopN3vex11competitionE
                0x03800210       0xcc build/src/main.o
                0x03800210                ButtonLoop(vex::competition)
 .text._ZN6Button6renderEv
                0x038002dc       0x5c build/src/main.o
                0x038002dc                Button::render()
 .text._ZN6Button9isClickedEv
                0x03800338       0x98 build/src/main.o
                0x03800338                Button::isClicked()
 .text.__cxx_global_array_dtor.22
                0x038003d0       0x2c build/src/main.o
 .text._Z10str_to_intRKSs
                0x038003fc       0x50 build/src/main.o
                0x038003fc                str_to_int(std::string const&)
 .text._Z7resplitRKSsSs
                0x0380044c      0x1c8 build/src/main.o
                0x0380044c                resplit(std::string const&, std::string)
 .text._ZNSt20regex_token_iteratorIN9__gnu_cxx17__normal_iteratorIPKcSsEEcSt12regex_traitsIcEEC2ES4_S4_RKSt11basic_regexIcS6_EiNSt15regex_constants15match_flag_typeE
                0x03800614       0x84 build/src/main.o
                0x03800614                std::regex_token_iterator<__gnu_cxx::__normal_iterator<char const*, std::string>, char, std::regex_traits<char> >::regex_token_iterator(__gnu_cxx::__normal_iterator<char const*, std::string>, __gnu_cxx::__normal_iterator<char const*, std::string>, std::basic_regex<char, std::regex_traits<char> > const&, int, std::regex_constants::match_flag_type)
 .text._ZNSt20regex_token_iteratorIN9__gnu_cxx17__normal_iteratorIPKcSsEEcSt12regex_traitsIcEEppEv
                0x03800698      0x260 build/src/main.o
                0x03800698                std::regex_token_iterator<__gnu_cxx::__normal_iterator<char const*, std::string>, char, std::regex_traits<char> >::operator++()
 .text._ZNSt11basic_regexIcSt12regex_traitsIcEED2Ev
                0x038008f8       0x70 build/src/main.o
                0x038008f8                std::basic_regex<char, std::regex_traits<char> >::~basic_regex()
 .text._ZNSt6vectorISsSaISsEED2Ev
                0x03800968       0x44 build/src/main.o
                0x03800968                std::vector<std::string, std::allocator<std::string> >::~vector()
 .text._Z10DisplayImgv
                0x038009ac      0x5bc build/src/main.o
                0x038009ac                DisplayImg()
 .text._ZN11BetterMotorD2Ev
                0x03800f68        0x4 build/src/main.o
                0x03800f68                BetterMotor::~BetterMotor()
 .text._Z10autonomousv
                0x03800f6c      0x174 build/src/main.o
                0x03800f6c                autonomous()
 .text._ZN5auton6MoveToE7Vector2
                0x038010e0      0x118 build/src/main.o
                0x038010e0                auton::MoveTo(Vector2)
 .text._ZN5auton10TurnToTileE7Vector2
                0x038011f8       0xc0 build/src/main.o
                0x038011f8                auton::TurnToTile(Vector2)
 .text._Z11usercontrolv
                0x038012b8      0x15c build/src/main.o
                0x038012b8                usercontrol()
 .text._ZN16BetterDrivetrain5DriveE7Vector2
                0x03801414      0x17c build/src/main.o
                0x03801414                BetterDrivetrain::Drive(Vector2)
 .text._ZN11BetterMotor5DriveEf
                0x03801590       0xc0 build/src/main.o
                0x03801590                BetterMotor::Drive(float)
 .text.main     0x03801650      0x128 build/src/main.o
                0x03801650                main
 .text._ZN5auton12GeneratePathE7Vector2S0_
                0x03801778      0x318 build/src/main.o
                0x03801778                auton::GeneratePath(Vector2, Vector2)
 .text._ZN5auton11GetAdjacentE7Vector2
                0x03801a90      0x134 build/src/main.o
                0x03801a90                auton::GetAdjacent(Vector2)
 .text._ZN5auton8GetEdgesE7Vector2
                0x03801bc4       0xb0 build/src/main.o
                0x03801bc4                auton::GetEdges(Vector2)
 .text._ZNSt6vectorI7Vector2SaIS0_EE6insertEN9__gnu_cxx17__normal_iteratorIPKS0_S2_EERS5_
                0x03801c74       0x80 build/src/main.o
                0x03801c74                std::vector<Vector2, std::allocator<Vector2> >::insert(__gnu_cxx::__normal_iterator<Vector2 const*, std::vector<Vector2, std::allocator<Vector2> > >, Vector2 const&)
 .text._ZNSt12_Vector_baseI7Vector2SaIS0_EE11_M_allocateEj
                0x03801cf4       0x30 build/src/main.o
                0x03801cf4                std::_Vector_base<Vector2, std::allocator<Vector2> >::_M_allocate(unsigned int)
 .text._ZNSt6vectorI7Vector2SaIS0_EE7emplaceIJS0_EEEN9__gnu_cxx17__normal_iteratorIPS0_S2_EENS5_IPKS0_S2_EEDpOT_
                0x03801d24       0x60 build/src/main.o
                0x03801d24                __gnu_cxx::__normal_iterator<Vector2*, std::vector<Vector2, std::allocator<Vector2> > > std::vector<Vector2, std::allocator<Vector2> >::emplace<Vector2>(__gnu_cxx::__normal_iterator<Vector2 const*, std::vector<Vector2, std::allocator<Vector2> > >, Vector2&&)
 .text._ZNSt6vectorI7Vector2SaIS0_EE13_M_insert_auxIJS0_EEEvN9__gnu_cxx17__normal_iteratorIPS0_S2_EEDpOT_
                0x03801d84      0x128 build/src/main.o
                0x03801d84                void std::vector<Vector2, std::allocator<Vector2> >::_M_insert_aux<Vector2>(__gnu_cxx::__normal_iterator<Vector2*, std::vector<Vector2, std::allocator<Vector2> > >, Vector2&&)
 .text._ZNKSt6vectorI7Vector2SaIS0_EE12_M_check_lenEjPKc
                0x03801eac       0x54 build/src/main.o
                0x03801eac                std::vector<Vector2, std::allocator<Vector2> >::_M_check_len(unsigned int, char const*) const
 .text._ZNSt6vectorI7Vector2SaIS0_EE13_M_insert_auxIJRKS0_EEEvN9__gnu_cxx17__normal_iteratorIPS0_S2_EEDpOT_
                0x03801f00      0x128 build/src/main.o
                0x03801f00                void std::vector<Vector2, std::allocator<Vector2> >::_M_insert_aux<Vector2 const&>(__gnu_cxx::__normal_iterator<Vector2*, std::vector<Vector2, std::allocator<Vector2> > >, Vector2 const&)
 .text._ZNSt11basic_regexIcSt12regex_traitsIcEEC2IN9__gnu_cxx17__normal_iteratorIPKcSsEEEET_S9_NSt15regex_constants18syntax_option_typeE
                0x03802028       0x68 build/src/main.o
                0x03802028                std::basic_regex<char, std::regex_traits<char> >::basic_regex<__gnu_cxx::__normal_iterator<char const*, std::string> >(__gnu_cxx::__normal_iterator<char const*, std::string>, __gnu_cxx::__normal_iterator<char const*, std::string>, std::regex_constants::syntax_option_type)
 .text._ZNSt8__detail13__compile_nfaISt12regex_traitsIcEEESt10shared_ptrINS_4_NFAIT_EEEPKNS5_9char_typeESA_RKS5_NSt15regex_constants18syntax_option_typeE
                0x03802090       0xc4 build/src/main.o
                0x03802090                std::shared_ptr<std::__detail::_NFA<std::regex_traits<char> > > std::__detail::__compile_nfa<std::regex_traits<char> >(std::regex_traits<char>::char_type const*, std::regex_traits<char>::char_type const*, std::regex_traits<char> const&, std::regex_constants::syntax_option_type)
 .text._ZNSs12_S_constructIN9__gnu_cxx17__normal_iteratorIPKcSsEEEEPcT_S6_RKSaIcESt20forward_iterator_tag
                0x03802154       0x84 build/src/main.o
                0x03802154                char* std::string::_S_construct<__gnu_cxx::__normal_iterator<char const*, std::string> >(__gnu_cxx::__normal_iterator<char const*, std::string>, __gnu_cxx::__normal_iterator<char const*, std::string>, std::allocator<char> const&, std::forward_iterator_tag)
 .text._ZNSt8__detail9_CompilerISt12regex_traitsIcEEC2EPKcS5_RKS2_NSt15regex_constants18syntax_option_typeE
                0x038021d8      0x1d8 build/src/main.o
                0x038021d8                std::__detail::_Compiler<std::regex_traits<char> >::_Compiler(char const*, char const*, std::regex_traits<char> const&, std::regex_constants::syntax_option_type)
 .text._ZNSt8__detail8_ScannerIcEC2EPKcS3_NSt15regex_constants18syntax_option_typeESt6locale
                0x038023b0       0x74 build/src/main.o
                0x038023b0                std::__detail::_Scanner<char>::_Scanner(char const*, char const*, std::regex_constants::syntax_option_type, std::locale)
 .text._ZNSt8__detail4_NFAISt12regex_traitsIcEE23_M_insert_subexpr_beginEv
                0x03802424      0x124 build/src/main.o
                0x03802424                std::__detail::_NFA<std::regex_traits<char> >::_M_insert_subexpr_begin()
 .text._ZNSt8__detail9_CompilerISt12regex_traitsIcEE14_M_disjunctionEv
                0x03802548      0x118 build/src/main.o
                0x03802548                std::__detail::_Compiler<std::regex_traits<char> >::_M_disjunction()
 .text._ZNSt8__detail9_CompilerISt12regex_traitsIcEE14_M_match_tokenENS_12_ScannerBase7_TokenTE
                0x03802660       0x38 build/src/main.o
                0x03802660                std::__detail::_Compiler<std::regex_traits<char> >::_M_match_token(std::__detail::_ScannerBase::_TokenT)
 .text._ZNSt8__detail9_CompilerISt12regex_traitsIcEE6_M_popEv
                0x03802698       0x7c build/src/main.o
                0x03802698                std::__detail::_Compiler<std::regex_traits<char> >::_M_pop()
 .text._ZNSt8__detail4_NFAISt12regex_traitsIcEE21_M_insert_subexpr_endEv
                0x03802714       0xd0 build/src/main.o
                0x03802714                std::__detail::_NFA<std::regex_traits<char> >::_M_insert_subexpr_end()
 .text._ZNSt8__detail4_NFAISt12regex_traitsIcEE16_M_insert_acceptEv
                0x038027e4       0x80 build/src/main.o
                0x038027e4                std::__detail::_NFA<std::regex_traits<char> >::_M_insert_accept()
 .text._ZNSt8__detail4_NFAISt12regex_traitsIcEE18_M_eliminate_dummyEv
                0x03802864       0x98 build/src/main.o
                0x03802864                std::__detail::_NFA<std::regex_traits<char> >::_M_eliminate_dummy()
 *fill*         0x038028fc        0x4 
 .text._ZNSt8__detail12_ScannerBaseC2ENSt15regex_constants18syntax_option_typeE
                0x03802900      0x110 build/src/main.o
                0x03802900                std::__detail::_ScannerBase::_ScannerBase(std::regex_constants::syntax_option_type)
 .text._ZSt9use_facetIKSt5ctypeIcEERKT_RKSt6locale
                0x03802a10       0x3c build/src/main.o
                0x03802a10                std::ctype<char> const& std::use_facet<std::ctype<char> const>(std::locale const&)
 .text._ZNSt8__detail8_ScannerIcE18_M_eat_escape_ecmaEv
                0x03802a4c      0x2dc build/src/main.o
                0x03802a4c                std::__detail::_Scanner<char>::_M_eat_escape_ecma()
 .text._ZNSt8__detail8_ScannerIcE19_M_eat_escape_posixEv
                0x03802d28      0x108 build/src/main.o
                0x03802d28                std::__detail::_Scanner<char>::_M_eat_escape_posix()
 .text._ZNSt8__detail8_ScannerIcE10_M_advanceEv
                0x03802e30       0x44 build/src/main.o
                0x03802e30                std::__detail::_Scanner<char>::_M_advance()
 .text._ZNSt8__detail8_ScannerIcE17_M_eat_escape_awkEv
                0x03802e74      0x164 build/src/main.o
                0x03802e74                std::__detail::_Scanner<char>::_M_eat_escape_awk()
 .text._ZNSt8__detail8_ScannerIcE14_M_scan_normalEv
                0x03802fd8      0x2f8 build/src/main.o
                0x03802fd8                std::__detail::_Scanner<char>::_M_scan_normal()
 .text._ZNSt8__detail8_ScannerIcE18_M_scan_in_bracketEv
                0x038032d0      0x16c build/src/main.o
                0x038032d0                std::__detail::_Scanner<char>::_M_scan_in_bracket()
 .text._ZNSt8__detail8_ScannerIcE16_M_scan_in_braceEv
                0x0380343c      0x138 build/src/main.o
                0x0380343c                std::__detail::_Scanner<char>::_M_scan_in_brace()
 .text._ZNSt8__detail8_ScannerIcE12_M_eat_classEc
                0x03803574       0xac build/src/main.o
                0x03803574                std::__detail::_Scanner<char>::_M_eat_class(char)
 .text._ZNSt11_Deque_baseINSt8__detail9_StateSeqISt12regex_traitsIcEEESaIS4_EE17_M_initialize_mapEj
                0x03803620       0xcc build/src/main.o
                0x03803620                std::_Deque_base<std::__detail::_StateSeq<std::regex_traits<char> >, std::allocator<std::__detail::_StateSeq<std::regex_traits<char> > > >::_M_initialize_map(unsigned int)
 .text._ZNSt11_Deque_baseINSt8__detail9_StateSeqISt12regex_traitsIcEEESaIS4_EEC2EOS6_
                0x038036ec       0xa4 build/src/main.o
                0x038036ec                std::_Deque_base<std::__detail::_StateSeq<std::regex_traits<char> >, std::allocator<std::__detail::_StateSeq<std::regex_traits<char> > > >::_Deque_base(std::_Deque_base<std::__detail::_StateSeq<std::regex_traits<char> >, std::allocator<std::__detail::_StateSeq<std::regex_traits<char> > > >&&)
 .text._ZNSt11_Deque_baseINSt8__detail9_StateSeqISt12regex_traitsIcEEESaIS4_EED2Ev
                0x03803790       0x50 build/src/main.o
                0x03803790                std::_Deque_base<std::__detail::_StateSeq<std::regex_traits<char> >, std::allocator<std::__detail::_StateSeq<std::regex_traits<char> > > >::~_Deque_base()
 .text._ZNSt6vectorIjSaIjEE19_M_emplace_back_auxIJRKjEEEvDpOT_
                0x038037e0       0x80 build/src/main.o
                0x038037e0                void std::vector<unsigned int, std::allocator<unsigned int> >::_M_emplace_back_aux<unsigned int const&>(unsigned int const&)
 .text._ZNKSt6vectorIjSaIjEE12_M_check_lenEjPKc
                0x03803860       0x54 build/src/main.o
                0x03803860                std::vector<unsigned int, std::allocator<unsigned int> >::_M_check_len(unsigned int, char const*) const
 .text._ZNSt12_Vector_baseIjSaIjEE11_M_allocateEj
                0x038038b4       0x30 build/src/main.o
                0x038038b4                std::_Vector_base<unsigned int, std::allocator<unsigned int> >::_M_allocate(unsigned int)
 .text._ZNSt6vectorINSt8__detail6_StateISt12regex_traitsIcEEESaIS4_EE12emplace_backIJS4_EEEvDpOT_
                0x038038e4       0x8c build/src/main.o
                0x038038e4                void std::vector<std::__detail::_State<std::regex_traits<char> >, std::allocator<std::__detail::_State<std::regex_traits<char> > > >::emplace_back<std::__detail::_State<std::regex_traits<char> > >(std::__detail::_State<std::regex_traits<char> >&&)
 .text._ZNSt6vectorINSt8__detail6_StateISt12regex_traitsIcEEESaIS4_EE19_M_emplace_back_auxIJS4_EEEvDpOT_
                0x03803970      0x1a8 build/src/main.o
                0x03803970                void std::vector<std::__detail::_State<std::regex_traits<char> >, std::allocator<std::__detail::_State<std::regex_traits<char> > > >::_M_emplace_back_aux<std::__detail::_State<std::regex_traits<char> > >(std::__detail::_State<std::regex_traits<char> >&&)
 .text._ZNKSt6vectorINSt8__detail6_StateISt12regex_traitsIcEEESaIS4_EE12_M_check_lenEjPKc
                0x03803b18       0x64 build/src/main.o
                0x03803b18                std::vector<std::__detail::_State<std::regex_traits<char> >, std::allocator<std::__detail::_State<std::regex_traits<char> > > >::_M_check_len(unsigned int, char const*) const
 .text._ZNSt12_Vector_baseINSt8__detail6_StateISt12regex_traitsIcEEESaIS4_EE11_M_allocateEj
                0x03803b7c       0x3c build/src/main.o
                0x03803b7c                std::_Vector_base<std::__detail::_State<std::regex_traits<char> >, std::allocator<std::__detail::_State<std::regex_traits<char> > > >::_M_allocate(unsigned int)
 .text._ZNSt8__detail9_CompilerISt12regex_traitsIcEE14_M_alternativeEv
                0x03803bb8       0xe4 build/src/main.o
                0x03803bb8                std::__detail::_Compiler<std::regex_traits<char> >::_M_alternative()
 .text._ZNSt8__detail4_NFAISt12regex_traitsIcEE15_M_insert_dummyEv
                0x03803c9c       0x80 build/src/main.o
                0x03803c9c                std::__detail::_NFA<std::regex_traits<char> >::_M_insert_dummy()
 .text._ZNSt8__detail4_NFAISt12regex_traitsIcEE13_M_insert_altEllb
                0x03803d1c       0xd4 build/src/main.o
                0x03803d1c                std::__detail::_NFA<std::regex_traits<char> >::_M_insert_alt(long, long, bool)
 .text._ZNSt8__detail9_CompilerISt12regex_traitsIcEE7_M_termEv
                0x03803df0       0x48 build/src/main.o
                0x03803df0                std::__detail::_Compiler<std::regex_traits<char> >::_M_term()
 .text._ZNSt8__detail9_CompilerISt12regex_traitsIcEE12_M_assertionEv
                0x03803e38      0x1e4 build/src/main.o
                0x03803e38                std::__detail::_Compiler<std::regex_traits<char> >::_M_assertion()
 .text._ZNSt8__detail9_CompilerISt12regex_traitsIcEE7_M_atomEv
                0x0380401c      0x360 build/src/main.o
                0x0380401c                std::__detail::_Compiler<std::regex_traits<char> >::_M_atom()
 .text._ZNSt8__detail9_CompilerISt12regex_traitsIcEE13_M_quantifierEv
                0x0380437c      0x5e0 build/src/main.o
                0x0380437c                std::__detail::_Compiler<std::regex_traits<char> >::_M_quantifier()
 .text._ZNSt8__detail4_NFAISt12regex_traitsIcEE20_M_insert_line_beginEv
                0x0380495c       0x80 build/src/main.o
                0x0380495c                std::__detail::_NFA<std::regex_traits<char> >::_M_insert_line_begin()
 .text._ZNSt8__detail4_NFAISt12regex_traitsIcEE18_M_insert_line_endEv
                0x038049dc       0x80 build/src/main.o
                0x038049dc                std::__detail::_NFA<std::regex_traits<char> >::_M_insert_line_end()
 .text._ZNSt8__detail4_NFAISt12regex_traitsIcEE20_M_insert_word_boundEb
                0x03804a5c       0xc4 build/src/main.o
                0x03804a5c                std::__detail::_NFA<std::regex_traits<char> >::_M_insert_word_bound(bool)
 .text._ZNSt8__detail4_NFAISt12regex_traitsIcEE19_M_insert_lookaheadElb
                0x03804b20       0xc8 build/src/main.o
                0x03804b20                std::__detail::_NFA<std::regex_traits<char> >::_M_insert_lookahead(long, bool)
 .text._ZNSt8__detail9_CompilerISt12regex_traitsIcEE27_M_insert_any_matcher_posixILb0ELb0EEEvv
                0x03804be8       0xb4 build/src/main.o
                0x03804be8                void std::__detail::_Compiler<std::regex_traits<char> >::_M_insert_any_matcher_posix<false, false>()
 .text._ZNSt8__detail9_CompilerISt12regex_traitsIcEE27_M_insert_any_matcher_posixILb0ELb1EEEvv
                0x03804c9c       0xbc build/src/main.o
                0x03804c9c                void std::__detail::_Compiler<std::regex_traits<char> >::_M_insert_any_matcher_posix<false, true>()
 .text._ZNSt8__detail9_CompilerISt12regex_traitsIcEE27_M_insert_any_matcher_posixILb1ELb0EEEvv
                0x03804d58       0xbc build/src/main.o
                0x03804d58                void std::__detail::_Compiler<std::regex_traits<char> >::_M_insert_any_matcher_posix<true, false>()
 .text._ZNSt8__detail9_CompilerISt12regex_traitsIcEE27_M_insert_any_matcher_posixILb1ELb1EEEvv
                0x03804e14       0xbc build/src/main.o
                0x03804e14                void std::__detail::_Compiler<std::regex_traits<char> >::_M_insert_any_matcher_posix<true, true>()
 .text._ZNSt8__detail9_CompilerISt12regex_traitsIcEE26_M_insert_any_matcher_ecmaILb0ELb0EEEvv
                0x03804ed0       0xb4 build/src/main.o
                0x03804ed0                void std::__detail::_Compiler<std::regex_traits<char> >::_M_insert_any_matcher_ecma<false, false>()
 .text._ZNSt8__detail9_CompilerISt12regex_traitsIcEE26_M_insert_any_matcher_ecmaILb0ELb1EEEvv
                0x03804f84       0xbc build/src/main.o
                0x03804f84                void std::__detail::_Compiler<std::regex_traits<char> >::_M_insert_any_matcher_ecma<false, true>()
 .text._ZNSt8__detail9_CompilerISt12regex_traitsIcEE26_M_insert_any_matcher_ecmaILb1ELb0EEEvv
                0x03805040       0xbc build/src/main.o
                0x03805040                void std::__detail::_Compiler<std::regex_traits<char> >::_M_insert_any_matcher_ecma<true, false>()
 .text._ZNSt8__detail9_CompilerISt12regex_traitsIcEE26_M_insert_any_matcher_ecmaILb1ELb1EEEvv
                0x038050fc       0xbc build/src/main.o
                0x038050fc                void std::__detail::_Compiler<std::regex_traits<char> >::_M_insert_any_matcher_ecma<true, true>()
 .text._ZNSt8__detail9_CompilerISt12regex_traitsIcEE11_M_try_charEv
                0x038051b8       0x8c build/src/main.o
                0x038051b8                std::__detail::_Compiler<std::regex_traits<char> >::_M_try_char()
 .text._ZNSt8__detail9_CompilerISt12regex_traitsIcEE22_M_insert_char_matcherILb0ELb0EEEvv
                0x03805244       0xe0 build/src/main.o
                0x03805244                void std::__detail::_Compiler<std::regex_traits<char> >::_M_insert_char_matcher<false, false>()
 .text._ZNSt8__detail9_CompilerISt12regex_traitsIcEE22_M_insert_char_matcherILb0ELb1EEEvv
                0x03805324       0xe0 build/src/main.o
                0x03805324                void std::__detail::_Compiler<std::regex_traits<char> >::_M_insert_char_matcher<false, true>()
 .text._ZNSt8__detail9_CompilerISt12regex_traitsIcEE22_M_insert_char_matcherILb1ELb0EEEvv
                0x03805404       0xfc build/src/main.o
                0x03805404                void std::__detail::_Compiler<std::regex_traits<char> >::_M_insert_char_matcher<true, false>()
 .text._ZNSt8__detail9_CompilerISt12regex_traitsIcEE22_M_insert_char_matcherILb1ELb1EEEvv
                0x03805500       0xfc build/src/main.o
                0x03805500                void std::__detail::_Compiler<std::regex_traits<char> >::_M_insert_char_matcher<true, true>()
 .text._ZNSt8__detail4_NFAISt12regex_traitsIcEE17_M_insert_backrefEj
                0x038055fc      0x110 build/src/main.o
                0x038055fc                std::__detail::_NFA<std::regex_traits<char> >::_M_insert_backref(unsigned int)
 .text._ZNSt8__detail9_CompilerISt12regex_traitsIcEE16_M_cur_int_valueEi
                0x0380570c       0x80 build/src/main.o
                0x0380570c                std::__detail::_Compiler<std::regex_traits<char> >::_M_cur_int_value(int)
 .text._ZNSt8__detail9_CompilerISt12regex_traitsIcEE33_M_insert_character_class_matcherILb0ELb0EEEvv
                0x0380578c      0x258 build/src/main.o
                0x0380578c                void std::__detail::_Compiler<std::regex_traits<char> >::_M_insert_character_class_matcher<false, false>()
 .text._ZNSt8__detail9_CompilerISt12regex_traitsIcEE33_M_insert_character_class_matcherILb0ELb1EEEvv
                0x038059e4      0x260 build/src/main.o
                0x038059e4                void std::__detail::_Compiler<std::regex_traits<char> >::_M_insert_character_class_matcher<false, true>()
 .text._ZNSt8__detail9_CompilerISt12regex_traitsIcEE33_M_insert_character_class_matcherILb1ELb0EEEvv
                0x03805c44      0x264 build/src/main.o
                0x03805c44                void std::__detail::_Compiler<std::regex_traits<char> >::_M_insert_character_class_matcher<true, false>()
 .text._ZNSt8__detail9_CompilerISt12regex_traitsIcEE33_M_insert_character_class_matcherILb1ELb1EEEvv
                0x03805ea8      0x260 build/src/main.o
                0x03805ea8                void std::__detail::_Compiler<std::regex_traits<char> >::_M_insert_character_class_matcher<true, true>()
 .text._ZNSt8__detail9_CompilerISt12regex_traitsIcEE21_M_bracket_expressionEv
                0x03806108       0xa0 build/src/main.o
                0x03806108                std::__detail::_Compiler<std::regex_traits<char> >::_M_bracket_expression()
 .text._ZNSt8__detail4_NFAISt12regex_traitsIcEE17_M_insert_matcherESt8functionIFbcEE
                0x038061a8       0xdc build/src/main.o
                0x038061a8                std::__detail::_NFA<std::regex_traits<char> >::_M_insert_matcher(std::function<bool (char)>)
 .text._ZNSt17_Function_handlerIFbcENSt8__detail11_AnyMatcherISt12regex_traitsIcELb0ELb0ELb0EEEE9_M_invokeERKSt9_Any_datac
                0x03806284       0x48 build/src/main.o
                0x03806284                std::_Function_handler<bool (char), std::__detail::_AnyMatcher<std::regex_traits<char>, false, false, false> >::_M_invoke(std::_Any_data const&, char)
 .text._ZNSt14_Function_base13_Base_managerINSt8__detail11_AnyMatcherISt12regex_traitsIcELb0ELb0ELb0EEEE10_M_managerERSt9_Any_dataRKS7_St18_Manager_operation
                0x038062cc       0x64 build/src/main.o
                0x038062cc                std::_Function_base::_Base_manager<std::__detail::_AnyMatcher<std::regex_traits<char>, false, false, false> >::_M_manager(std::_Any_data&, std::_Any_data const&, std::_Manager_operation)
 .text._ZNSt17_Function_handlerIFbcENSt8__detail11_AnyMatcherISt12regex_traitsIcELb0ELb0ELb1EEEE9_M_invokeERKSt9_Any_datac
                0x03806330       0x48 build/src/main.o
                0x03806330                std::_Function_handler<bool (char), std::__detail::_AnyMatcher<std::regex_traits<char>, false, false, true> >::_M_invoke(std::_Any_data const&, char)
 .text._ZNSt14_Function_base13_Base_managerINSt8__detail11_AnyMatcherISt12regex_traitsIcELb0ELb0ELb1EEEE10_M_managerERSt9_Any_dataRKS7_St18_Manager_operation
                0x03806378       0x64 build/src/main.o
                0x03806378                std::_Function_base::_Base_manager<std::__detail::_AnyMatcher<std::regex_traits<char>, false, false, true> >::_M_manager(std::_Any_data&, std::_Any_data const&, std::_Manager_operation)
 .text._ZNSt17_Function_handlerIFbcENSt8__detail11_AnyMatcherISt12regex_traitsIcELb0ELb1ELb0EEEE9_M_invokeERKSt9_Any_datac
                0x038063dc        0x8 build/src/main.o
                0x038063dc                std::_Function_handler<bool (char), std::__detail::_AnyMatcher<std::regex_traits<char>, false, true, false> >::_M_invoke(std::_Any_data const&, char)
 .text._ZNSt14_Function_base13_Base_managerINSt8__detail11_AnyMatcherISt12regex_traitsIcELb0ELb1ELb0EEEE10_M_managerERSt9_Any_dataRKS7_St18_Manager_operation
                0x038063e4       0x64 build/src/main.o
                0x038063e4                std::_Function_base::_Base_manager<std::__detail::_AnyMatcher<std::regex_traits<char>, false, true, false> >::_M_manager(std::_Any_data&, std::_Any_data const&, std::_Manager_operation)
 .text._ZNKSt8__detail11_AnyMatcherISt12regex_traitsIcELb0ELb1ELb0EEclEc
                0x03806448       0x84 build/src/main.o
                0x03806448                std::__detail::_AnyMatcher<std::regex_traits<char>, false, true, false>::operator()(char) const
 .text._ZNSt17_Function_handlerIFbcENSt8__detail11_AnyMatcherISt12regex_traitsIcELb0ELb1ELb1EEEE9_M_invokeERKSt9_Any_datac
                0x038064cc        0x8 build/src/main.o
                0x038064cc                std::_Function_handler<bool (char), std::__detail::_AnyMatcher<std::regex_traits<char>, false, true, true> >::_M_invoke(std::_Any_data const&, char)
 .text._ZNSt14_Function_base13_Base_managerINSt8__detail11_AnyMatcherISt12regex_traitsIcELb0ELb1ELb1EEEE10_M_managerERSt9_Any_dataRKS7_St18_Manager_operation
                0x038064d4       0x64 build/src/main.o
                0x038064d4                std::_Function_base::_Base_manager<std::__detail::_AnyMatcher<std::regex_traits<char>, false, true, true> >::_M_manager(std::_Any_data&, std::_Any_data const&, std::_Manager_operation)
 .text._ZNKSt8__detail11_AnyMatcherISt12regex_traitsIcELb0ELb1ELb1EEclEc
                0x03806538       0x84 build/src/main.o
                0x03806538                std::__detail::_AnyMatcher<std::regex_traits<char>, false, true, true>::operator()(char) const
 .text._ZNSt17_Function_handlerIFbcENSt8__detail11_AnyMatcherISt12regex_traitsIcELb1ELb0ELb0EEEE9_M_invokeERKSt9_Any_datac
                0x038065bc       0x18 build/src/main.o
                0x038065bc                std::_Function_handler<bool (char), std::__detail::_AnyMatcher<std::regex_traits<char>, true, false, false> >::_M_invoke(std::_Any_data const&, char)
 .text._ZNSt14_Function_base13_Base_managerINSt8__detail11_AnyMatcherISt12regex_traitsIcELb1ELb0ELb0EEEE10_M_managerERSt9_Any_dataRKS7_St18_Manager_operation
                0x038065d4       0x64 build/src/main.o
                0x038065d4                std::_Function_base::_Base_manager<std::__detail::_AnyMatcher<std::regex_traits<char>, true, false, false> >::_M_manager(std::_Any_data&, std::_Any_data const&, std::_Manager_operation)
 .text._ZNSt17_Function_handlerIFbcENSt8__detail11_AnyMatcherISt12regex_traitsIcELb1ELb0ELb1EEEE9_M_invokeERKSt9_Any_datac
                0x03806638       0x18 build/src/main.o
                0x03806638                std::_Function_handler<bool (char), std::__detail::_AnyMatcher<std::regex_traits<char>, true, false, true> >::_M_invoke(std::_Any_data const&, char)
 .text._ZNSt14_Function_base13_Base_managerINSt8__detail11_AnyMatcherISt12regex_traitsIcELb1ELb0ELb1EEEE10_M_managerERSt9_Any_dataRKS7_St18_Manager_operation
                0x03806650       0x64 build/src/main.o
                0x03806650                std::_Function_base::_Base_manager<std::__detail::_AnyMatcher<std::regex_traits<char>, true, false, true> >::_M_manager(std::_Any_data&, std::_Any_data const&, std::_Manager_operation)
 .text._ZNSt17_Function_handlerIFbcENSt8__detail11_AnyMatcherISt12regex_traitsIcELb1ELb1ELb0EEEE9_M_invokeERKSt9_Any_datac
                0x038066b4        0x8 build/src/main.o
                0x038066b4                std::_Function_handler<bool (char), std::__detail::_AnyMatcher<std::regex_traits<char>, true, true, false> >::_M_invoke(std::_Any_data const&, char)
 .text._ZNSt14_Function_base13_Base_managerINSt8__detail11_AnyMatcherISt12regex_traitsIcELb1ELb1ELb0EEEE10_M_managerERSt9_Any_dataRKS7_St18_Manager_operation
                0x038066bc       0x64 build/src/main.o
                0x038066bc                std::_Function_base::_Base_manager<std::__detail::_AnyMatcher<std::regex_traits<char>, true, true, false> >::_M_manager(std::_Any_data&, std::_Any_data const&, std::_Manager_operation)
 .text._ZNKSt8__detail11_AnyMatcherISt12regex_traitsIcELb1ELb1ELb0EE8_M_applyEcSt17integral_constantIbLb1EE
                0x03806720       0x78 build/src/main.o
                0x03806720                std::__detail::_AnyMatcher<std::regex_traits<char>, true, true, false>::_M_apply(char, std::integral_constant<bool, true>) const
 .text._ZNSt17_Function_handlerIFbcENSt8__detail11_AnyMatcherISt12regex_traitsIcELb1ELb1ELb1EEEE9_M_invokeERKSt9_Any_datac
                0x03806798        0x8 build/src/main.o
                0x03806798                std::_Function_handler<bool (char), std::__detail::_AnyMatcher<std::regex_traits<char>, true, true, true> >::_M_invoke(std::_Any_data const&, char)
 .text._ZNSt14_Function_base13_Base_managerINSt8__detail11_AnyMatcherISt12regex_traitsIcELb1ELb1ELb1EEEE10_M_managerERSt9_Any_dataRKS7_St18_Manager_operation
                0x038067a0       0x64 build/src/main.o
                0x038067a0                std::_Function_base::_Base_manager<std::__detail::_AnyMatcher<std::regex_traits<char>, true, true, true> >::_M_manager(std::_Any_data&, std::_Any_data const&, std::_Manager_operation)
 .text._ZNKSt8__detail11_AnyMatcherISt12regex_traitsIcELb1ELb1ELb1EE8_M_applyEcSt17integral_constantIbLb1EE
                0x03806804       0x78 build/src/main.o
                0x03806804                std::__detail::_AnyMatcher<std::regex_traits<char>, true, true, true>::_M_apply(char, std::integral_constant<bool, true>) const
 .text._ZNSt17_Function_handlerIFbcENSt8__detail12_CharMatcherISt12regex_traitsIcELb0ELb0EEEE9_M_invokeERKSt9_Any_datac
                0x0380687c       0x18 build/src/main.o
                0x0380687c                std::_Function_handler<bool (char), std::__detail::_CharMatcher<std::regex_traits<char>, false, false> >::_M_invoke(std::_Any_data const&, char)
 .text._ZNSt14_Function_base13_Base_managerINSt8__detail12_CharMatcherISt12regex_traitsIcELb0ELb0EEEE10_M_managerERSt9_Any_dataRKS7_St18_Manager_operation
                0x03806894       0x6c build/src/main.o
                0x03806894                std::_Function_base::_Base_manager<std::__detail::_CharMatcher<std::regex_traits<char>, false, false> >::_M_manager(std::_Any_data&, std::_Any_data const&, std::_Manager_operation)
 .text._ZNSt17_Function_handlerIFbcENSt8__detail12_CharMatcherISt12regex_traitsIcELb0ELb1EEEE9_M_invokeERKSt9_Any_datac
                0x03806900       0x18 build/src/main.o
                0x03806900                std::_Function_handler<bool (char), std::__detail::_CharMatcher<std::regex_traits<char>, false, true> >::_M_invoke(std::_Any_data const&, char)
 .text._ZNSt14_Function_base13_Base_managerINSt8__detail12_CharMatcherISt12regex_traitsIcELb0ELb1EEEE10_M_managerERSt9_Any_dataRKS7_St18_Manager_operation
                0x03806918       0x64 build/src/main.o
                0x03806918                std::_Function_base::_Base_manager<std::__detail::_CharMatcher<std::regex_traits<char>, false, true> >::_M_manager(std::_Any_data&, std::_Any_data const&, std::_Manager_operation)
 .text._ZNSt17_Function_handlerIFbcENSt8__detail12_CharMatcherISt12regex_traitsIcELb1ELb0EEEE9_M_invokeERKSt9_Any_datac
                0x0380697c       0x3c build/src/main.o
                0x0380697c                std::_Function_handler<bool (char), std::__detail::_CharMatcher<std::regex_traits<char>, true, false> >::_M_invoke(std::_Any_data const&, char)
 .text._ZNSt14_Function_base13_Base_managerINSt8__detail12_CharMatcherISt12regex_traitsIcELb1ELb0EEEE10_M_managerERSt9_Any_dataRKS7_St18_Manager_operation
                0x038069b8       0x64 build/src/main.o
                0x038069b8                std::_Function_base::_Base_manager<std::__detail::_CharMatcher<std::regex_traits<char>, true, false> >::_M_manager(std::_Any_data&, std::_Any_data const&, std::_Manager_operation)
 .text._ZNSt17_Function_handlerIFbcENSt8__detail12_CharMatcherISt12regex_traitsIcELb1ELb1EEEE9_M_invokeERKSt9_Any_datac
                0x03806a1c       0x3c build/src/main.o
                0x03806a1c                std::_Function_handler<bool (char), std::__detail::_CharMatcher<std::regex_traits<char>, true, true> >::_M_invoke(std::_Any_data const&, char)
 .text._ZNSt14_Function_base13_Base_managerINSt8__detail12_CharMatcherISt12regex_traitsIcELb1ELb1EEEE10_M_managerERSt9_Any_dataRKS7_St18_Manager_operation
                0x03806a58       0x64 build/src/main.o
                0x03806a58                std::_Function_base::_Base_manager<std::__detail::_CharMatcher<std::regex_traits<char>, true, true> >::_M_manager(std::_Any_data&, std::_Any_data const&, std::_Manager_operation)
 .text._ZNKSt12regex_traitsIcE5valueEci
                0x03806abc       0xf4 build/src/main.o
                0x03806abc                std::regex_traits<char>::value(char, int) const
 .text._ZNSt8ios_base4setfESt13_Ios_FmtflagsS0_
                0x03806bb0       0x1c build/src/main.o
                0x03806bb0                std::ios_base::setf(std::_Ios_Fmtflags, std::_Ios_Fmtflags)
 .text._ZNSt8__detail15_BracketMatcherISt12regex_traitsIcELb0ELb0EE22_M_add_character_classERKSsb
                0x03806bcc       0xb4 build/src/main.o
                0x03806bcc                std::__detail::_BracketMatcher<std::regex_traits<char>, false, false>::_M_add_character_class(std::string const&, bool)
 .text._ZNKSt12regex_traitsIcE16lookup_classnameIPKcEENS0_10_RegexMaskET_S5_b
                0x03806c80      0x154 build/src/main.o
                0x03806c80                std::regex_traits<char>::_RegexMask std::regex_traits<char>::lookup_classname<char const*>(char const*, char const*, bool) const
 .text._ZNSt6vectorINSt12regex_traitsIcE10_RegexMaskESaIS2_EE19_M_emplace_back_auxIJRKS2_EEEvDpOT_
                0x03806dd4       0xa4 build/src/main.o
                0x03806dd4                void std::vector<std::regex_traits<char>::_RegexMask, std::allocator<std::regex_traits<char>::_RegexMask> >::_M_emplace_back_aux<std::regex_traits<char>::_RegexMask const&>(std::regex_traits<char>::_RegexMask const&)
 .text._ZNKSt6vectorINSt12regex_traitsIcE10_RegexMaskESaIS2_EE12_M_check_lenEjPKc
                0x03806e78       0x54 build/src/main.o
                0x03806e78                std::vector<std::regex_traits<char>::_RegexMask, std::allocator<std::regex_traits<char>::_RegexMask> >::_M_check_len(unsigned int, char const*) const
 .text._ZNSt12_Vector_baseINSt12regex_traitsIcE10_RegexMaskESaIS2_EE11_M_allocateEj
                0x03806ecc       0x30 build/src/main.o
                0x03806ecc                std::_Vector_base<std::regex_traits<char>::_RegexMask, std::allocator<std::regex_traits<char>::_RegexMask> >::_M_allocate(unsigned int)
 .text._ZNSt8__detail15_BracketMatcherISt12regex_traitsIcELb0ELb0EE13_M_make_cacheESt17integral_constantIbLb1EE
                0x03806efc       0x50 build/src/main.o
                0x03806efc                std::__detail::_BracketMatcher<std::regex_traits<char>, false, false>::_M_make_cache(std::integral_constant<bool, true>)
 .text._ZNKSt8__detail15_BracketMatcherISt12regex_traitsIcELb0ELb0EE8_M_applyEcSt17integral_constantIbLb0EE
                0x03806f4c      0x18c build/src/main.o
                0x03806f4c                std::__detail::_BracketMatcher<std::regex_traits<char>, false, false>::_M_apply(char, std::integral_constant<bool, false>) const
 .text._ZNKSt12regex_traitsIcE7isctypeEcNS0_10_RegexMaskE
                0x038070d8      0x100 build/src/main.o
                0x038070d8                std::regex_traits<char>::isctype(char, std::regex_traits<char>::_RegexMask) const
 .text._ZNKSt12regex_traitsIcE17transform_primaryIPcEESsT_S3_
                0x038071d8       0x94 build/src/main.o
                0x038071d8                std::string std::regex_traits<char>::transform_primary<char*>(char*, char*) const
 .text._ZSt9__find_ifIN9__gnu_cxx17__normal_iteratorIPKcSt6vectorIcSaIcEEEENS0_5__ops16_Iter_equals_valIS2_EEET_SB_SB_T0_St26random_access_iterator_tag
                0x0380726c       0xd4 build/src/main.o
                0x0380726c                __gnu_cxx::__normal_iterator<char const*, std::vector<char, std::allocator<char> > > std::__find_if<__gnu_cxx::__normal_iterator<char const*, std::vector<char, std::allocator<char> > >, __gnu_cxx::__ops::_Iter_equals_val<char const> >(__gnu_cxx::__normal_iterator<char const*, std::vector<char, std::allocator<char> > >, __gnu_cxx::__normal_iterator<char const*, std::vector<char, std::allocator<char> > >, __gnu_cxx::__ops::_Iter_equals_val<char const>, std::random_access_iterator_tag)
 .text._ZNKSt5ctypeIcE5widenEc
                0x03807340       0x48 build/src/main.o
                0x03807340                std::ctype<char>::widen(char) const
 .text._ZSt9__find_ifIN9__gnu_cxx17__normal_iteratorIPKSsSt6vectorISsSaISsEEEENS0_5__ops16_Iter_equals_valIS2_EEET_SB_SB_T0_St26random_access_iterator_tag
                0x03807388      0x19c build/src/main.o
                0x03807388                __gnu_cxx::__normal_iterator<std::string const*, std::vector<std::string, std::allocator<std::string> > > std::__find_if<__gnu_cxx::__normal_iterator<std::string const*, std::vector<std::string, std::allocator<std::string> > >, __gnu_cxx::__ops::_Iter_equals_val<std::string const> >(__gnu_cxx::__normal_iterator<std::string const*, std::vector<std::string, std::allocator<std::string> > >, __gnu_cxx::__normal_iterator<std::string const*, std::vector<std::string, std::allocator<std::string> > >, __gnu_cxx::__ops::_Iter_equals_val<std::string const>, std::random_access_iterator_tag)
 .text._ZNKSt12regex_traitsIcE9transformIPcEESsT_S3_
                0x03807524       0x98 build/src/main.o
                0x03807524                std::string std::regex_traits<char>::transform<char*>(char*, char*) const
 .text._ZNSt17_Function_handlerIFbcENSt8__detail15_BracketMatcherISt12regex_traitsIcELb0ELb0EEEE9_M_invokeERKSt9_Any_datac
                0x038075bc       0x24 build/src/main.o
                0x038075bc                std::_Function_handler<bool (char), std::__detail::_BracketMatcher<std::regex_traits<char>, false, false> >::_M_invoke(std::_Any_data const&, char)
 .text._ZNSt14_Function_base13_Base_managerINSt8__detail15_BracketMatcherISt12regex_traitsIcELb0ELb0EEEE10_M_managerERSt9_Any_dataRKS7_St18_Manager_operation
                0x038075e0       0xbc build/src/main.o
                0x038075e0                std::_Function_base::_Base_manager<std::__detail::_BracketMatcher<std::regex_traits<char>, false, false> >::_M_manager(std::_Any_data&, std::_Any_data const&, std::_Manager_operation)
 .text._ZNSt14_Function_base13_Base_managerINSt8__detail15_BracketMatcherISt12regex_traitsIcELb0ELb0EEEE10_M_destroyERSt9_Any_dataSt17integral_constantIbLb0EE
                0x0380769c       0x5c build/src/main.o
                0x0380769c                std::_Function_base::_Base_manager<std::__detail::_BracketMatcher<std::regex_traits<char>, false, false> >::_M_destroy(std::_Any_data&, std::integral_constant<bool, false>)
 .text._ZNSt6vectorIcSaIcEEC2ERKS1_
                0x038076f8       0x74 build/src/main.o
                0x038076f8                std::vector<char, std::allocator<char> >::vector(std::vector<char, std::allocator<char> > const&)
 .text._ZNSt6vectorISsSaISsEEC2ERKS1_
                0x0380776c       0x74 build/src/main.o
                0x0380776c                std::vector<std::string, std::allocator<std::string> >::vector(std::vector<std::string, std::allocator<std::string> > const&)
 .text._ZNSt6vectorISt4pairIccESaIS1_EEC2ERKS3_
                0x038077e0       0x78 build/src/main.o
                0x038077e0                std::vector<std::pair<char, char>, std::allocator<std::pair<char, char> > >::vector(std::vector<std::pair<char, char>, std::allocator<std::pair<char, char> > > const&)
 .text._ZNSt6vectorINSt12regex_traitsIcE10_RegexMaskESaIS2_EEC2ERKS4_
                0x03807858       0x78 build/src/main.o
                0x03807858                std::vector<std::regex_traits<char>::_RegexMask, std::allocator<std::regex_traits<char>::_RegexMask> >::vector(std::vector<std::regex_traits<char>::_RegexMask, std::allocator<std::regex_traits<char>::_RegexMask> > const&)
 .text._ZNSt12_Vector_baseISsSaISsEE11_M_allocateEj
                0x038078d0       0x30 build/src/main.o
                0x038078d0                std::_Vector_base<std::string, std::allocator<std::string> >::_M_allocate(unsigned int)
 .text._ZNSt12_Vector_baseISt4pairIccESaIS1_EE11_M_allocateEj
                0x03807900       0x30 build/src/main.o
                0x03807900                std::_Vector_base<std::pair<char, char>, std::allocator<std::pair<char, char> > >::_M_allocate(unsigned int)
 .text._ZNSt8__detail15_BracketMatcherISt12regex_traitsIcELb0ELb1EE22_M_add_character_classERKSsb
                0x03807930       0xb4 build/src/main.o
                0x03807930                std::__detail::_BracketMatcher<std::regex_traits<char>, false, true>::_M_add_character_class(std::string const&, bool)
 .text._ZNSt8__detail15_BracketMatcherISt12regex_traitsIcELb0ELb1EE13_M_make_cacheESt17integral_constantIbLb1EE
                0x038079e4       0x50 build/src/main.o
                0x038079e4                std::__detail::_BracketMatcher<std::regex_traits<char>, false, true>::_M_make_cache(std::integral_constant<bool, true>)
 .text._ZNKSt8__detail15_BracketMatcherISt12regex_traitsIcELb0ELb1EE8_M_applyEcSt17integral_constantIbLb0EE
                0x03807a34      0x22c build/src/main.o
                0x03807a34                std::__detail::_BracketMatcher<std::regex_traits<char>, false, true>::_M_apply(char, std::integral_constant<bool, false>) const
 .text._ZNKSt8__detail16_RegexTranslatorISt12regex_traitsIcELb0ELb1EE17_M_transform_implEcSt17integral_constantIbLb1EE
                0x03807c60       0xbc build/src/main.o
                0x03807c60                std::__detail::_RegexTranslator<std::regex_traits<char>, false, true>::_M_transform_impl(char, std::integral_constant<bool, true>) const
 .text._ZNKSt12regex_traitsIcE9transformIN9__gnu_cxx17__normal_iteratorIPcSsEEEESsT_S6_
                0x03807d1c       0x98 build/src/main.o
                0x03807d1c                std::string std::regex_traits<char>::transform<__gnu_cxx::__normal_iterator<char*, std::string> >(__gnu_cxx::__normal_iterator<char*, std::string>, __gnu_cxx::__normal_iterator<char*, std::string>) const
 .text._ZNSt17_Function_handlerIFbcENSt8__detail15_BracketMatcherISt12regex_traitsIcELb0ELb1EEEE9_M_invokeERKSt9_Any_datac
                0x03807db4       0x24 build/src/main.o
                0x03807db4                std::_Function_handler<bool (char), std::__detail::_BracketMatcher<std::regex_traits<char>, false, true> >::_M_invoke(std::_Any_data const&, char)
 .text._ZNSt14_Function_base13_Base_managerINSt8__detail15_BracketMatcherISt12regex_traitsIcELb0ELb1EEEE10_M_managerERSt9_Any_dataRKS7_St18_Manager_operation
                0x03807dd8       0xbc build/src/main.o
                0x03807dd8                std::_Function_base::_Base_manager<std::__detail::_BracketMatcher<std::regex_traits<char>, false, true> >::_M_manager(std::_Any_data&, std::_Any_data const&, std::_Manager_operation)
 .text._ZNSt14_Function_base13_Base_managerINSt8__detail15_BracketMatcherISt12regex_traitsIcELb0ELb1EEEE10_M_destroyERSt9_Any_dataSt17integral_constantIbLb0EE
                0x03807e94       0x54 build/src/main.o
                0x03807e94                std::_Function_base::_Base_manager<std::__detail::_BracketMatcher<std::regex_traits<char>, false, true> >::_M_destroy(std::_Any_data&, std::integral_constant<bool, false>)
 .text._ZNSt6vectorISt4pairISsSsESaIS1_EEC2ERKS3_
                0x03807ee8       0x60 build/src/main.o
                0x03807ee8                std::vector<std::pair<std::string, std::string>, std::allocator<std::pair<std::string, std::string> > >::vector(std::vector<std::pair<std::string, std::string>, std::allocator<std::pair<std::string, std::string> > > const&)
 .text._ZNSt12_Vector_baseISt4pairISsSsESaIS1_EE11_M_allocateEj
                0x03807f48       0x30 build/src/main.o
                0x03807f48                std::_Vector_base<std::pair<std::string, std::string>, std::allocator<std::pair<std::string, std::string> > >::_M_allocate(unsigned int)
 .text._ZNSt20__uninitialized_copyILb0EE13__uninit_copyIN9__gnu_cxx17__normal_iteratorIPKSt4pairISsSsESt6vectorIS5_SaIS5_EEEEPS5_EET0_T_SE_SD_
                0x03807f78       0x4c build/src/main.o
                0x03807f78                std::pair<std::string, std::string>* std::__uninitialized_copy<false>::__uninit_copy<__gnu_cxx::__normal_iterator<std::pair<std::string, std::string> const*, std::vector<std::pair<std::string, std::string>, std::allocator<std::pair<std::string, std::string> > > >, std::pair<std::string, std::string>*>(__gnu_cxx::__normal_iterator<std::pair<std::string, std::string> const*, std::vector<std::pair<std::string, std::string>, std::allocator<std::pair<std::string, std::string> > > >, __gnu_cxx::__normal_iterator<std::pair<std::string, std::string> const*, std::vector<std::pair<std::string, std::string>, std::allocator<std::pair<std::string, std::string> > > >, std::pair<std::string, std::string>*)
 .text._ZNSt6vectorISt4pairISsSsESaIS1_EED2Ev
                0x03807fc4       0x30 build/src/main.o
                0x03807fc4                std::vector<std::pair<std::string, std::string>, std::allocator<std::pair<std::string, std::string> > >::~vector()
 .text._ZNSt12_Destroy_auxILb0EE9__destroyIPSt4pairISsSsEEEvT_S5_
                0x03807ff4       0x38 build/src/main.o
                0x03807ff4                void std::_Destroy_aux<false>::__destroy<std::pair<std::string, std::string>*>(std::pair<std::string, std::string>*, std::pair<std::string, std::string>*)
 .text._ZNSt8__detail15_BracketMatcherISt12regex_traitsIcELb1ELb0EE22_M_add_character_classERKSsb
                0x0380802c       0xb4 build/src/main.o
                0x0380802c                std::__detail::_BracketMatcher<std::regex_traits<char>, true, false>::_M_add_character_class(std::string const&, bool)
 .text._ZNSt8__detail15_BracketMatcherISt12regex_traitsIcELb1ELb0EE13_M_make_cacheESt17integral_constantIbLb1EE
                0x038080e0       0x50 build/src/main.o
                0x038080e0                std::__detail::_BracketMatcher<std::regex_traits<char>, true, false>::_M_make_cache(std::integral_constant<bool, true>)
 .text._ZNKSt8__detail15_BracketMatcherISt12regex_traitsIcELb1ELb0EE8_M_applyEcSt17integral_constantIbLb0EE
                0x03808130      0x1ac build/src/main.o
                0x03808130                std::__detail::_BracketMatcher<std::regex_traits<char>, true, false>::_M_apply(char, std::integral_constant<bool, false>) const
 .text._ZNSt17_Function_handlerIFbcENSt8__detail15_BracketMatcherISt12regex_traitsIcELb1ELb0EEEE9_M_invokeERKSt9_Any_datac
                0x038082dc       0x24 build/src/main.o
                0x038082dc                std::_Function_handler<bool (char), std::__detail::_BracketMatcher<std::regex_traits<char>, true, false> >::_M_invoke(std::_Any_data const&, char)
 .text._ZNSt14_Function_base13_Base_managerINSt8__detail15_BracketMatcherISt12regex_traitsIcELb1ELb0EEEE10_M_managerERSt9_Any_dataRKS7_St18_Manager_operation
                0x03808300       0xbc build/src/main.o
                0x03808300                std::_Function_base::_Base_manager<std::__detail::_BracketMatcher<std::regex_traits<char>, true, false> >::_M_manager(std::_Any_data&, std::_Any_data const&, std::_Manager_operation)
 .text._ZNSt14_Function_base13_Base_managerINSt8__detail15_BracketMatcherISt12regex_traitsIcELb1ELb0EEEE10_M_destroyERSt9_Any_dataSt17integral_constantIbLb0EE
                0x038083bc       0x5c build/src/main.o
                0x038083bc                std::_Function_base::_Base_manager<std::__detail::_BracketMatcher<std::regex_traits<char>, true, false> >::_M_destroy(std::_Any_data&, std::integral_constant<bool, false>)
 .text._ZNSt8__detail15_BracketMatcherISt12regex_traitsIcELb1ELb1EE22_M_add_character_classERKSsb
                0x03808418       0xb4 build/src/main.o
                0x03808418                std::__detail::_BracketMatcher<std::regex_traits<char>, true, true>::_M_add_character_class(std::string const&, bool)
 .text._ZNSt8__detail15_BracketMatcherISt12regex_traitsIcELb1ELb1EE13_M_make_cacheESt17integral_constantIbLb1EE
                0x038084cc       0x50 build/src/main.o
                0x038084cc                std::__detail::_BracketMatcher<std::regex_traits<char>, true, true>::_M_make_cache(std::integral_constant<bool, true>)
 .text._ZNKSt8__detail15_BracketMatcherISt12regex_traitsIcELb1ELb1EE8_M_applyEcSt17integral_constantIbLb0EE
                0x0380851c      0x250 build/src/main.o
                0x0380851c                std::__detail::_BracketMatcher<std::regex_traits<char>, true, true>::_M_apply(char, std::integral_constant<bool, false>) const
 .text._ZNKSt8__detail16_RegexTranslatorISt12regex_traitsIcELb1ELb1EE17_M_transform_implEcSt17integral_constantIbLb1EE
                0x0380876c       0xdc build/src/main.o
                0x0380876c                std::__detail::_RegexTranslator<std::regex_traits<char>, true, true>::_M_transform_impl(char, std::integral_constant<bool, true>) const
 .text._ZNSt17_Function_handlerIFbcENSt8__detail15_BracketMatcherISt12regex_traitsIcELb1ELb1EEEE9_M_invokeERKSt9_Any_datac
                0x03808848       0x24 build/src/main.o
                0x03808848                std::_Function_handler<bool (char), std::__detail::_BracketMatcher<std::regex_traits<char>, true, true> >::_M_invoke(std::_Any_data const&, char)
 .text._ZNSt14_Function_base13_Base_managerINSt8__detail15_BracketMatcherISt12regex_traitsIcELb1ELb1EEEE10_M_managerERSt9_Any_dataRKS7_St18_Manager_operation
                0x0380886c       0xbc build/src/main.o
                0x0380886c                std::_Function_base::_Base_manager<std::__detail::_BracketMatcher<std::regex_traits<char>, true, true> >::_M_manager(std::_Any_data&, std::_Any_data const&, std::_Manager_operation)
 .text._ZNSt14_Function_base13_Base_managerINSt8__detail15_BracketMatcherISt12regex_traitsIcELb1ELb1EEEE10_M_destroyERSt9_Any_dataSt17integral_constantIbLb0EE
                0x03808928       0x54 build/src/main.o
                0x03808928                std::_Function_base::_Base_manager<std::__detail::_BracketMatcher<std::regex_traits<char>, true, true> >::_M_destroy(std::_Any_data&, std::integral_constant<bool, false>)
 .text._ZNSt8__detail9_CompilerISt12regex_traitsIcEE25_M_insert_bracket_matcherILb0ELb0EEEvb
                0x0380897c      0x250 build/src/main.o
                0x0380897c                void std::__detail::_Compiler<std::regex_traits<char> >::_M_insert_bracket_matcher<false, false>(bool)
 .text._ZNSt8__detail9_CompilerISt12regex_traitsIcEE25_M_insert_bracket_matcherILb0ELb1EEEvb
                0x03808bcc      0x258 build/src/main.o
                0x03808bcc                void std::__detail::_Compiler<std::regex_traits<char> >::_M_insert_bracket_matcher<false, true>(bool)
 .text._ZNSt8__detail9_CompilerISt12regex_traitsIcEE25_M_insert_bracket_matcherILb1ELb0EEEvb
                0x03808e24      0x25c build/src/main.o
                0x03808e24                void std::__detail::_Compiler<std::regex_traits<char> >::_M_insert_bracket_matcher<true, false>(bool)
 .text._ZNSt8__detail9_CompilerISt12regex_traitsIcEE25_M_insert_bracket_matcherILb1ELb1EEEvb
                0x03809080      0x258 build/src/main.o
                0x03809080                void std::__detail::_Compiler<std::regex_traits<char> >::_M_insert_bracket_matcher<true, true>(bool)
 .text._ZNSt8__detail9_CompilerISt12regex_traitsIcEE18_M_expression_termILb0ELb0EEEvRNS_15_BracketMatcherIS2_XT_EXT0_EEE
                0x038092d8      0x240 build/src/main.o
                0x038092d8                void std::__detail::_Compiler<std::regex_traits<char> >::_M_expression_term<false, false>(std::__detail::_BracketMatcher<std::regex_traits<char>, false, false>&)
 .text._ZNSt8__detail15_BracketMatcherISt12regex_traitsIcELb0ELb0EE24_M_add_collating_elementERKSs
                0x03809518       0xd4 build/src/main.o
                0x03809518                std::__detail::_BracketMatcher<std::regex_traits<char>, false, false>::_M_add_collating_element(std::string const&)
 .text._ZNSt8__detail15_BracketMatcherISt12regex_traitsIcELb0ELb0EE24_M_add_equivalence_classERKSs
                0x038095ec       0xe4 build/src/main.o
                0x038095ec                std::__detail::_BracketMatcher<std::regex_traits<char>, false, false>::_M_add_equivalence_class(std::string const&)
 .text._ZNSt8__detail15_BracketMatcherISt12regex_traitsIcELb0ELb0EE13_M_make_rangeEcc
                0x038096d0       0x54 build/src/main.o
                0x038096d0                std::__detail::_BracketMatcher<std::regex_traits<char>, false, false>::_M_make_range(char, char)
 .text._ZNKSt12regex_traitsIcE18lookup_collatenameIPKcEESsT_S4_
                0x03809724      0x130 build/src/main.o
                0x03809724                std::string std::regex_traits<char>::lookup_collatename<char const*>(char const*, char const*) const
 .text._ZNSt6vectorIcSaIcEE19_M_emplace_back_auxIJcEEEvDpOT_
                0x03809854       0xb4 build/src/main.o
                0x03809854                void std::vector<char, std::allocator<char> >::_M_emplace_back_aux<char>(char&&)
 .text._ZNKSt12regex_traitsIcE17transform_primaryIPKcEESsT_S4_
                0x03809908       0x94 build/src/main.o
                0x03809908                std::string std::regex_traits<char>::transform_primary<char const*>(char const*, char const*) const
 .text._ZNSt6vectorISsSaISsEE9push_backERKSs
                0x0380999c       0x3c build/src/main.o
                0x0380999c                std::vector<std::string, std::allocator<std::string> >::push_back(std::string const&)
 .text._ZNSt6vectorISsSaISsEE19_M_emplace_back_auxIJRKSsEEEvDpOT_
                0x038099d8       0xb0 build/src/main.o
                0x038099d8                void std::vector<std::string, std::allocator<std::string> >::_M_emplace_back_aux<std::string const&>(std::string const&)
 .text._ZNKSt6vectorISsSaISsEE12_M_check_lenEjPKc
                0x03809a88       0x54 build/src/main.o
                0x03809a88                std::vector<std::string, std::allocator<std::string> >::_M_check_len(unsigned int, char const*) const
 .text._ZNSt6vectorISt4pairIccESaIS1_EE19_M_emplace_back_auxIJS1_EEEvDpOT_
                0x03809adc       0xa4 build/src/main.o
                0x03809adc                void std::vector<std::pair<char, char>, std::allocator<std::pair<char, char> > >::_M_emplace_back_aux<std::pair<char, char> >(std::pair<char, char>&&)
 .text._ZNKSt6vectorISt4pairIccESaIS1_EE12_M_check_lenEjPKc
                0x03809b80       0x54 build/src/main.o
                0x03809b80                std::vector<std::pair<char, char>, std::allocator<std::pair<char, char> > >::_M_check_len(unsigned int, char const*) const
 .text._ZNSt8__detail9_CompilerISt12regex_traitsIcEE18_M_expression_termILb0ELb1EEEvRNS_15_BracketMatcherIS2_XT_EXT0_EEE
                0x03809bd4      0x240 build/src/main.o
                0x03809bd4                void std::__detail::_Compiler<std::regex_traits<char> >::_M_expression_term<false, true>(std::__detail::_BracketMatcher<std::regex_traits<char>, false, true>&)
 .text._ZNSt8__detail15_BracketMatcherISt12regex_traitsIcELb0ELb1EE24_M_add_collating_elementERKSs
                0x03809e14       0xd4 build/src/main.o
                0x03809e14                std::__detail::_BracketMatcher<std::regex_traits<char>, false, true>::_M_add_collating_element(std::string const&)
 .text._ZNSt8__detail15_BracketMatcherISt12regex_traitsIcELb0ELb1EE24_M_add_equivalence_classERKSs
                0x03809ee8       0xe4 build/src/main.o
                0x03809ee8                std::__detail::_BracketMatcher<std::regex_traits<char>, false, true>::_M_add_equivalence_class(std::string const&)
 .text._ZNSt8__detail15_BracketMatcherISt12regex_traitsIcELb0ELb1EE13_M_make_rangeEcc
                0x03809fcc      0x12c build/src/main.o
                0x03809fcc                std::__detail::_BracketMatcher<std::regex_traits<char>, false, true>::_M_make_range(char, char)
 .text._ZNSt6vectorISt4pairISsSsESaIS1_EE12emplace_backIJS1_EEEvDpOT_
                0x0380a0f8       0x48 build/src/main.o
                0x0380a0f8                void std::vector<std::pair<std::string, std::string>, std::allocator<std::pair<std::string, std::string> > >::emplace_back<std::pair<std::string, std::string> >(std::pair<std::string, std::string>&&)
 .text._ZNSt6vectorISt4pairISsSsESaIS1_EE19_M_emplace_back_auxIJS1_EEEvDpOT_
                0x0380a140       0xc4 build/src/main.o
                0x0380a140                void std::vector<std::pair<std::string, std::string>, std::allocator<std::pair<std::string, std::string> > >::_M_emplace_back_aux<std::pair<std::string, std::string> >(std::pair<std::string, std::string>&&)
 .text._ZNKSt6vectorISt4pairISsSsESaIS1_EE12_M_check_lenEjPKc
                0x0380a204       0x54 build/src/main.o
                0x0380a204                std::vector<std::pair<std::string, std::string>, std::allocator<std::pair<std::string, std::string> > >::_M_check_len(unsigned int, char const*) const
 .text._ZNSt8__detail9_CompilerISt12regex_traitsIcEE18_M_expression_termILb1ELb0EEEvRNS_15_BracketMatcherIS2_XT_EXT0_EEE
                0x0380a258      0x1d4 build/src/main.o
                0x0380a258                void std::__detail::_Compiler<std::regex_traits<char> >::_M_expression_term<true, false>(std::__detail::_BracketMatcher<std::regex_traits<char>, true, false>&)
 .text._ZNSt8__detail15_BracketMatcherISt12regex_traitsIcELb1ELb0EE24_M_add_collating_elementERKSs
                0x0380a42c       0xec build/src/main.o
                0x0380a42c                std::__detail::_BracketMatcher<std::regex_traits<char>, true, false>::_M_add_collating_element(std::string const&)
 .text._ZNSt8__detail15_BracketMatcherISt12regex_traitsIcELb1ELb0EE24_M_add_equivalence_classERKSs
                0x0380a518       0xe4 build/src/main.o
                0x0380a518                std::__detail::_BracketMatcher<std::regex_traits<char>, true, false>::_M_add_equivalence_class(std::string const&)
 .text._ZNSt8__detail15_BracketMatcherISt12regex_traitsIcELb1ELb0EE13_M_make_rangeEcc
                0x0380a5fc       0x54 build/src/main.o
                0x0380a5fc                std::__detail::_BracketMatcher<std::regex_traits<char>, true, false>::_M_make_range(char, char)
 .text._ZNSt8__detail15_BracketMatcherISt12regex_traitsIcELb1ELb0EE11_M_add_charEc
                0x0380a650       0x68 build/src/main.o
                0x0380a650                std::__detail::_BracketMatcher<std::regex_traits<char>, true, false>::_M_add_char(char)
 .text._ZNSt8__detail9_CompilerISt12regex_traitsIcEE18_M_expression_termILb1ELb1EEEvRNS_15_BracketMatcherIS2_XT_EXT0_EEE
                0x0380a6b8      0x1d4 build/src/main.o
                0x0380a6b8                void std::__detail::_Compiler<std::regex_traits<char> >::_M_expression_term<true, true>(std::__detail::_BracketMatcher<std::regex_traits<char>, true, true>&)
 .text._ZNSt8__detail15_BracketMatcherISt12regex_traitsIcELb1ELb1EE24_M_add_collating_elementERKSs
                0x0380a88c       0xec build/src/main.o
                0x0380a88c                std::__detail::_BracketMatcher<std::regex_traits<char>, true, true>::_M_add_collating_element(std::string const&)
 .text._ZNSt8__detail15_BracketMatcherISt12regex_traitsIcELb1ELb1EE24_M_add_equivalence_classERKSs
                0x0380a978       0xe4 build/src/main.o
                0x0380a978                std::__detail::_BracketMatcher<std::regex_traits<char>, true, true>::_M_add_equivalence_class(std::string const&)
 .text._ZNSt8__detail15_BracketMatcherISt12regex_traitsIcELb1ELb1EE13_M_make_rangeEcc
                0x0380aa5c      0x12c build/src/main.o
                0x0380aa5c                std::__detail::_BracketMatcher<std::regex_traits<char>, true, true>::_M_make_range(char, char)
 .text._ZNSt8__detail15_BracketMatcherISt12regex_traitsIcELb1ELb1EE11_M_add_charEc
                0x0380ab88       0x68 build/src/main.o
                0x0380ab88                std::__detail::_BracketMatcher<std::regex_traits<char>, true, true>::_M_add_char(char)
 .text._ZNSt8__detail9_StateSeqISt12regex_traitsIcEE8_M_cloneEv
                0x0380abf0      0x414 build/src/main.o
                0x0380abf0                std::__detail::_StateSeq<std::regex_traits<char> >::_M_clone()
 .text._ZNSt6vectorIlSaIlEEC2EjRKlRKS0_
                0x0380b004       0x5c build/src/main.o
                0x0380b004                std::vector<long, std::allocator<long> >::vector(unsigned int, long const&, std::allocator<long> const&)
 .text._ZNSt12_Vector_baseIlSaIlEE11_M_allocateEj
                0x0380b060       0x30 build/src/main.o
                0x0380b060                std::_Vector_base<long, std::allocator<long> >::_M_allocate(unsigned int)
 .text._ZNSt11_Deque_baseIlSaIlEE17_M_initialize_mapEj
                0x0380b090       0xac build/src/main.o
                0x0380b090                std::_Deque_base<long, std::allocator<long> >::_M_initialize_map(unsigned int)
 .text._ZNSt11_Deque_baseIlSaIlEEC2EOS1_
                0x0380b13c       0xa4 build/src/main.o
                0x0380b13c                std::_Deque_base<long, std::allocator<long> >::_Deque_base(std::_Deque_base<long, std::allocator<long> >&&)
 .text._ZNSt11_Deque_baseIlSaIlEED2Ev
                0x0380b1e0       0x50 build/src/main.o
                0x0380b1e0                std::_Deque_base<long, std::allocator<long> >::~_Deque_base()
 .text._ZNSt5dequeIlSaIlEE16_M_push_back_auxIJRKlEEEvDpOT_
                0x0380b230       0x7c build/src/main.o
                0x0380b230                void std::deque<long, std::allocator<long> >::_M_push_back_aux<long const&>(long const&)
 .text._ZNSt5dequeIlSaIlEE17_M_reallocate_mapEjb
                0x0380b2ac      0x12c build/src/main.o
                0x0380b2ac                std::deque<long, std::allocator<long> >::_M_reallocate_map(unsigned int, bool)
 .text._ZNSt5dequeINSt8__detail9_StateSeqISt12regex_traitsIcEEESaIS4_EE16_M_push_back_auxIJRKS4_EEEvDpOT_
                0x0380b3d8       0x84 build/src/main.o
                0x0380b3d8                void std::deque<std::__detail::_StateSeq<std::regex_traits<char> >, std::allocator<std::__detail::_StateSeq<std::regex_traits<char> > > >::_M_push_back_aux<std::__detail::_StateSeq<std::regex_traits<char> > const&>(std::__detail::_StateSeq<std::regex_traits<char> > const&)
 .text._ZNSt5dequeINSt8__detail9_StateSeqISt12regex_traitsIcEEESaIS4_EE17_M_reallocate_mapEjb
                0x0380b45c      0x12c build/src/main.o
                0x0380b45c                std::deque<std::__detail::_StateSeq<std::regex_traits<char> >, std::allocator<std::__detail::_StateSeq<std::regex_traits<char> > > >::_M_reallocate_map(unsigned int, bool)
 .text._ZNSt5dequeINSt8__detail9_StateSeqISt12regex_traitsIcEEESaIS4_EE16_M_push_back_auxIJS4_EEEvDpOT_
                0x0380b588       0x84 build/src/main.o
                0x0380b588                void std::deque<std::__detail::_StateSeq<std::regex_traits<char> >, std::allocator<std::__detail::_StateSeq<std::regex_traits<char> > > >::_M_push_back_aux<std::__detail::_StateSeq<std::regex_traits<char> > >(std::__detail::_StateSeq<std::regex_traits<char> >&&)
 .text._ZNSt12__shared_ptrINSt8__detail4_NFAISt12regex_traitsIcEEELN9__gnu_cxx12_Lock_policyE0EEC2ISaIS4_EJS4_EEESt19_Sp_make_shared_tagRKT_DpOT0_
                0x0380b60c       0xb4 build/src/main.o
                0x0380b60c                std::__shared_ptr<std::__detail::_NFA<std::regex_traits<char> >, (__gnu_cxx::_Lock_policy)0>::__shared_ptr<std::allocator<std::__detail::_NFA<std::regex_traits<char> > >, std::__detail::_NFA<std::regex_traits<char> > >(std::_Sp_make_shared_tag, std::allocator<std::__detail::_NFA<std::regex_traits<char> > > const&, std::__detail::_NFA<std::regex_traits<char> >&&)
 .text._ZNSt8__detail4_NFAISt12regex_traitsIcEEC2EOS3_
                0x0380b6c0       0x90 build/src/main.o
                0x0380b6c0                std::__detail::_NFA<std::regex_traits<char> >::_NFA(std::__detail::_NFA<std::regex_traits<char> >&&)
 .text._ZNSt19_Sp_counted_deleterIPNSt8__detail4_NFAISt12regex_traitsIcEEENSt12__shared_ptrIS4_LN9__gnu_cxx12_Lock_policyE0EE8_DeleterISaIS4_EEESB_LS8_0EED2Ev
                0x0380b750        0x4 build/src/main.o
                0x0380b750                std::_Sp_counted_deleter<std::__detail::_NFA<std::regex_traits<char> >*, std::__shared_ptr<std::__detail::_NFA<std::regex_traits<char> >, (__gnu_cxx::_Lock_policy)0>::_Deleter<std::allocator<std::__detail::_NFA<std::regex_traits<char> > > >, std::allocator<std::__detail::_NFA<std::regex_traits<char> > >, (__gnu_cxx::_Lock_policy)0>::~_Sp_counted_deleter()
 .text._ZNSt19_Sp_counted_deleterIPNSt8__detail4_NFAISt12regex_traitsIcEEENSt12__shared_ptrIS4_LN9__gnu_cxx12_Lock_policyE0EE8_DeleterISaIS4_EEESB_LS8_0EED0Ev
                0x0380b754        0x4 build/src/main.o
                0x0380b754                std::_Sp_counted_deleter<std::__detail::_NFA<std::regex_traits<char> >*, std::__shared_ptr<std::__detail::_NFA<std::regex_traits<char> >, (__gnu_cxx::_Lock_policy)0>::_Deleter<std::allocator<std::__detail::_NFA<std::regex_traits<char> > > >, std::allocator<std::__detail::_NFA<std::regex_traits<char> > >, (__gnu_cxx::_Lock_policy)0>::~_Sp_counted_deleter()
 .text._ZNSt19_Sp_counted_deleterIPNSt8__detail4_NFAISt12regex_traitsIcEEENSt12__shared_ptrIS4_LN9__gnu_cxx12_Lock_policyE0EE8_DeleterISaIS4_EEESB_LS8_0EE10_M_disposeEv
                0x0380b758        0xc build/src/main.o
                0x0380b758                std::_Sp_counted_deleter<std::__detail::_NFA<std::regex_traits<char> >*, std::__shared_ptr<std::__detail::_NFA<std::regex_traits<char> >, (__gnu_cxx::_Lock_policy)0>::_Deleter<std::allocator<std::__detail::_NFA<std::regex_traits<char> > > >, std::allocator<std::__detail::_NFA<std::regex_traits<char> > >, (__gnu_cxx::_Lock_policy)0>::_M_dispose()
 .text._ZNSt19_Sp_counted_deleterIPNSt8__detail4_NFAISt12regex_traitsIcEEENSt12__shared_ptrIS4_LN9__gnu_cxx12_Lock_policyE0EE8_DeleterISaIS4_EEESB_LS8_0EE10_M_destroyEv
                0x0380b764        0x4 build/src/main.o
                0x0380b764                std::_Sp_counted_deleter<std::__detail::_NFA<std::regex_traits<char> >*, std::__shared_ptr<std::__detail::_NFA<std::regex_traits<char> >, (__gnu_cxx::_Lock_policy)0>::_Deleter<std::allocator<std::__detail::_NFA<std::regex_traits<char> > > >, std::allocator<std::__detail::_NFA<std::regex_traits<char> > >, (__gnu_cxx::_Lock_policy)0>::_M_destroy()
 .text._ZNSt19_Sp_counted_deleterIPNSt8__detail4_NFAISt12regex_traitsIcEEENSt12__shared_ptrIS4_LN9__gnu_cxx12_Lock_policyE0EE8_DeleterISaIS4_EEESB_LS8_0EE14_M_get_deleterERKSt9type_info
                0x0380b768        0x8 build/src/main.o
                0x0380b768                std::_Sp_counted_deleter<std::__detail::_NFA<std::regex_traits<char> >*, std::__shared_ptr<std::__detail::_NFA<std::regex_traits<char> >, (__gnu_cxx::_Lock_policy)0>::_Deleter<std::allocator<std::__detail::_NFA<std::regex_traits<char> > > >, std::allocator<std::__detail::_NFA<std::regex_traits<char> > >, (__gnu_cxx::_Lock_policy)0>::_M_get_deleter(std::type_info const&)
 .text._ZNSt12__shared_ptrINSt8__detail4_NFAISt12regex_traitsIcEEELN9__gnu_cxx12_Lock_policyE0EE8_DeleterISaIS4_EEclEPS4_
                0x0380b770       0x30 build/src/main.o
                0x0380b770                std::__shared_ptr<std::__detail::_NFA<std::regex_traits<char> >, (__gnu_cxx::_Lock_policy)0>::_Deleter<std::allocator<std::__detail::_NFA<std::regex_traits<char> > > >::operator()(std::__detail::_NFA<std::regex_traits<char> >*)
 .text._ZNSt6vectorINSt8__detail6_StateISt12regex_traitsIcEEESaIS4_EED2Ev
                0x0380b7a0       0x5c build/src/main.o
                0x0380b7a0                std::vector<std::__detail::_State<std::regex_traits<char> >, std::allocator<std::__detail::_State<std::regex_traits<char> > > >::~vector()
 .text._ZNSt14regex_iteratorIN9__gnu_cxx17__normal_iteratorIPKcSsEEcSt12regex_traitsIcEEC2ES4_S4_RKSt11basic_regexIcS6_ENSt15regex_constants15match_flag_typeE
                0x0380b7fc       0xa8 build/src/main.o
                0x0380b7fc                std::regex_iterator<__gnu_cxx::__normal_iterator<char const*, std::string>, char, std::regex_traits<char> >::regex_iterator(__gnu_cxx::__normal_iterator<char const*, std::string>, __gnu_cxx::__normal_iterator<char const*, std::string>, std::basic_regex<char, std::regex_traits<char> > const&, std::regex_constants::match_flag_type)
 .text._ZNSt20regex_token_iteratorIN9__gnu_cxx17__normal_iteratorIPKcSsEEcSt12regex_traitsIcEE7_M_initES4_S4_
                0x0380b8a4       0xcc build/src/main.o
                0x0380b8a4                std::regex_token_iterator<__gnu_cxx::__normal_iterator<char const*, std::string>, char, std::regex_traits<char> >::_M_init(__gnu_cxx::__normal_iterator<char const*, std::string>, __gnu_cxx::__normal_iterator<char const*, std::string>)
 .text._ZNSt8__detail17__regex_algo_implIN9__gnu_cxx17__normal_iteratorIPKcSsEESaISt9sub_matchIS5_EEcSt12regex_traitsIcELNS_20_RegexExecutorPolicyE0ELb0EEEbT_SC_RSt13match_resultsISC_T0_ERKSt11basic_regexIT1_T2_ENSt15regex_constants15match_flag_typeE
                0x0380b970      0x1fc build/src/main.o
                0x0380b970                bool std::__detail::__regex_algo_impl<__gnu_cxx::__normal_iterator<char const*, std::string>, std::allocator<std::sub_match<__gnu_cxx::__normal_iterator<char const*, std::string> > >, char, std::regex_traits<char>, (std::__detail::_RegexExecutorPolicy)0, false>(__gnu_cxx::__normal_iterator<char const*, std::string>, __gnu_cxx::__normal_iterator<char const*, std::string>, std::match_results<__gnu_cxx::__normal_iterator<char const*, std::string>, std::allocator<std::sub_match<__gnu_cxx::__normal_iterator<char const*, std::string> > > >&, std::basic_regex<char, std::regex_traits<char> > const&, std::regex_constants::match_flag_type)
 .text._ZNSt6vectorISt9sub_matchIN9__gnu_cxx17__normal_iteratorIPKcSsEEESaIS6_EE6resizeEj
                0x0380bb6c       0x3c build/src/main.o
                0x0380bb6c                std::vector<std::sub_match<__gnu_cxx::__normal_iterator<char const*, std::string> >, std::allocator<std::sub_match<__gnu_cxx::__normal_iterator<char const*, std::string> > > >::resize(unsigned int)
 .text._ZNSt8__detail9_ExecutorIN9__gnu_cxx17__normal_iteratorIPKcSsEESaISt9sub_matchIS5_EESt12regex_traitsIcELb0EEC2ES5_S5_RSt6vectorIS7_S8_ERKSt11basic_regexIcSA_ENSt15regex_constants15match_flag_typeE
                0x0380bba8       0xe4 build/src/main.o
                0x0380bba8                std::__detail::_Executor<__gnu_cxx::__normal_iterator<char const*, std::string>, std::allocator<std::sub_match<__gnu_cxx::__normal_iterator<char const*, std::string> > >, std::regex_traits<char>, false>::_Executor(__gnu_cxx::__normal_iterator<char const*, std::string>, __gnu_cxx::__normal_iterator<char const*, std::string>, std::vector<std::sub_match<__gnu_cxx::__normal_iterator<char const*, std::string> >, std::allocator<std::sub_match<__gnu_cxx::__normal_iterator<char const*, std::string> > > >&, std::basic_regex<char, std::regex_traits<char> > const&, std::regex_constants::match_flag_type)
 .text._ZNSt8__detail9_ExecutorIN9__gnu_cxx17__normal_iteratorIPKcSsEESaISt9sub_matchIS5_EESt12regex_traitsIcELb0EE9_M_searchEv
                0x0380bc8c       0x68 build/src/main.o
                0x0380bc8c                std::__detail::_Executor<__gnu_cxx::__normal_iterator<char const*, std::string>, std::allocator<std::sub_match<__gnu_cxx::__normal_iterator<char const*, std::string> > >, std::regex_traits<char>, false>::_M_search()
 .text._ZNSt8__detail9_ExecutorIN9__gnu_cxx17__normal_iteratorIPKcSsEESaISt9sub_matchIS5_EESt12regex_traitsIcELb1EE9_M_searchEv
                0x0380bcf4       0xa8 build/src/main.o
                0x0380bcf4                std::__detail::_Executor<__gnu_cxx::__normal_iterator<char const*, std::string>, std::allocator<std::sub_match<__gnu_cxx::__normal_iterator<char const*, std::string> > >, std::regex_traits<char>, true>::_M_search()
 .text._ZNSt6vectorISt9sub_matchIN9__gnu_cxx17__normal_iteratorIPKcSsEEESaIS6_EE17_M_default_appendEj
                0x0380bd9c      0x128 build/src/main.o
                0x0380bd9c                std::vector<std::sub_match<__gnu_cxx::__normal_iterator<char const*, std::string> >, std::allocator<std::sub_match<__gnu_cxx::__normal_iterator<char const*, std::string> > > >::_M_default_append(unsigned int)
 .text._ZNKSt6vectorISt9sub_matchIN9__gnu_cxx17__normal_iteratorIPKcSsEEESaIS6_EE12_M_check_lenEjS4_
                0x0380bec4       0x64 build/src/main.o
                0x0380bec4                std::vector<std::sub_match<__gnu_cxx::__normal_iterator<char const*, std::string> >, std::allocator<std::sub_match<__gnu_cxx::__normal_iterator<char const*, std::string> > > >::_M_check_len(unsigned int, char const*) const
 .text._ZNSt12_Vector_baseISt9sub_matchIN9__gnu_cxx17__normal_iteratorIPKcSsEEESaIS6_EE11_M_allocateEj
                0x0380bf28       0x3c build/src/main.o
                0x0380bf28                std::_Vector_base<std::sub_match<__gnu_cxx::__normal_iterator<char const*, std::string> >, std::allocator<std::sub_match<__gnu_cxx::__normal_iterator<char const*, std::string> > > >::_M_allocate(unsigned int)
 .text._ZNSt6vectorIbSaIbEE13_M_initializeEj
                0x0380bf64       0x64 build/src/main.o
                0x0380bf64                std::vector<bool, std::allocator<bool> >::_M_initialize(unsigned int)
 .text._ZNSt8__detail9_ExecutorIN9__gnu_cxx17__normal_iteratorIPKcSsEESaISt9sub_matchIS5_EESt12regex_traitsIcELb0EE7_M_mainILb0EEEbv
                0x0380bfc8      0x154 build/src/main.o
                0x0380bfc8                bool std::__detail::_Executor<__gnu_cxx::__normal_iterator<char const*, std::string>, std::allocator<std::sub_match<__gnu_cxx::__normal_iterator<char const*, std::string> > >, std::regex_traits<char>, false>::_M_main<false>()
 .text._ZNSt8__detail9_ExecutorIN9__gnu_cxx17__normal_iteratorIPKcSsEESaISt9sub_matchIS5_EESt12regex_traitsIcELb0EE6_M_dfsILb0EEEvl
                0x0380c11c      0x530 build/src/main.o
                0x0380c11c                void std::__detail::_Executor<__gnu_cxx::__normal_iterator<char const*, std::string>, std::allocator<std::sub_match<__gnu_cxx::__normal_iterator<char const*, std::string> > >, std::regex_traits<char>, false>::_M_dfs<false>(long)
 .text._ZNSt6vectorISt4pairIlS_ISt9sub_matchIN9__gnu_cxx17__normal_iteratorIPKcSsEEESaIS7_EEESaISA_EED2Ev
                0x0380c64c       0x50 build/src/main.o
                0x0380c64c                std::vector<std::pair<long, std::vector<std::sub_match<__gnu_cxx::__normal_iterator<char const*, std::string> >, std::allocator<std::sub_match<__gnu_cxx::__normal_iterator<char const*, std::string> > > > >, std::allocator<std::pair<long, std::vector<std::sub_match<__gnu_cxx::__normal_iterator<char const*, std::string> >, std::allocator<std::sub_match<__gnu_cxx::__normal_iterator<char const*, std::string> > > > > > >::~vector()
 .text._ZNSt6vectorISt4pairIlS_ISt9sub_matchIN9__gnu_cxx17__normal_iteratorIPKcSsEEESaIS7_EEESaISA_EE12emplace_backIJSA_EEEvDpOT_
                0x0380c69c       0x68 build/src/main.o
                0x0380c69c                void std::vector<std::pair<long, std::vector<std::sub_match<__gnu_cxx::__normal_iterator<char const*, std::string> >, std::allocator<std::sub_match<__gnu_cxx::__normal_iterator<char const*, std::string> > > > >, std::allocator<std::pair<long, std::vector<std::sub_match<__gnu_cxx::__normal_iterator<char const*, std::string> >, std::allocator<std::sub_match<__gnu_cxx::__normal_iterator<char const*, std::string> > > > > > >::emplace_back<std::pair<long, std::vector<std::sub_match<__gnu_cxx::__normal_iterator<char const*, std::string> >, std::allocator<std::sub_match<__gnu_cxx::__normal_iterator<char const*, std::string> > > > > >(std::pair<long, std::vector<std::sub_match<__gnu_cxx::__normal_iterator<char const*, std::string> >, std::allocator<std::sub_match<__gnu_cxx::__normal_iterator<char const*, std::string> > > > >&&)
 .text._ZNSt6vectorISt4pairIlS_ISt9sub_matchIN9__gnu_cxx17__normal_iteratorIPKcSsEEESaIS7_EEESaISA_EE19_M_emplace_back_auxIJSA_EEEvDpOT_
                0x0380c704       0xec build/src/main.o
                0x0380c704                void std::vector<std::pair<long, std::vector<std::sub_match<__gnu_cxx::__normal_iterator<char const*, std::string> >, std::allocator<std::sub_match<__gnu_cxx::__normal_iterator<char const*, std::string> > > > >, std::allocator<std::pair<long, std::vector<std::sub_match<__gnu_cxx::__normal_iterator<char const*, std::string> >, std::allocator<std::sub_match<__gnu_cxx::__normal_iterator<char const*, std::string> > > > > > >::_M_emplace_back_aux<std::pair<long, std::vector<std::sub_match<__gnu_cxx::__normal_iterator<char const*, std::string> >, std::allocator<std::sub_match<__gnu_cxx::__normal_iterator<char const*, std::string> > > > > >(std::pair<long, std::vector<std::sub_match<__gnu_cxx::__normal_iterator<char const*, std::string> >, std::allocator<std::sub_match<__gnu_cxx::__normal_iterator<char const*, std::string> > > > >&&)
 .text._ZNKSt6vectorISt4pairIlS_ISt9sub_matchIN9__gnu_cxx17__normal_iteratorIPKcSsEEESaIS7_EEESaISA_EE12_M_check_lenEjS5_
                0x0380c7f0       0x54 build/src/main.o
                0x0380c7f0                std::vector<std::pair<long, std::vector<std::sub_match<__gnu_cxx::__normal_iterator<char const*, std::string> >, std::allocator<std::sub_match<__gnu_cxx::__normal_iterator<char const*, std::string> > > > >, std::allocator<std::pair<long, std::vector<std::sub_match<__gnu_cxx::__normal_iterator<char const*, std::string> >, std::allocator<std::sub_match<__gnu_cxx::__normal_iterator<char const*, std::string> > > > > > >::_M_check_len(unsigned int, char const*) const
 .text._ZNSt12_Vector_baseISt4pairIlSt6vectorISt9sub_matchIN9__gnu_cxx17__normal_iteratorIPKcSsEEESaIS8_EEESaISB_EE11_M_allocateEj
                0x0380c844       0x30 build/src/main.o
                0x0380c844                std::_Vector_base<std::pair<long, std::vector<std::sub_match<__gnu_cxx::__normal_iterator<char const*, std::string> >, std::allocator<std::sub_match<__gnu_cxx::__normal_iterator<char const*, std::string> > > > >, std::allocator<std::pair<long, std::vector<std::sub_match<__gnu_cxx::__normal_iterator<char const*, std::string> >, std::allocator<std::sub_match<__gnu_cxx::__normal_iterator<char const*, std::string> > > > > > >::_M_allocate(unsigned int)
 .text._ZNSt20__uninitialized_copyILb0EE13__uninit_copyISt13move_iteratorIPSt4pairIlSt6vectorISt9sub_matchIN9__gnu_cxx17__normal_iteratorIPKcSsEEESaISB_EEEESF_EET0_T_SI_SH_
                0x0380c874       0x6c build/src/main.o
                0x0380c874                std::pair<long, std::vector<std::sub_match<__gnu_cxx::__normal_iterator<char const*, std::string> >, std::allocator<std::sub_match<__gnu_cxx::__normal_iterator<char const*, std::string> > > > >* std::__uninitialized_copy<false>::__uninit_copy<std::move_iterator<std::pair<long, std::vector<std::sub_match<__gnu_cxx::__normal_iterator<char const*, std::string> >, std::allocator<std::sub_match<__gnu_cxx::__normal_iterator<char const*, std::string> > > > >*>, std::pair<long, std::vector<std::sub_match<__gnu_cxx::__normal_iterator<char const*, std::string> >, std::allocator<std::sub_match<__gnu_cxx::__normal_iterator<char const*, std::string> > > > >*>(std::move_iterator<std::pair<long, std::vector<std::sub_match<__gnu_cxx::__normal_iterator<char const*, std::string> >, std::allocator<std::sub_match<__gnu_cxx::__normal_iterator<char const*, std::string> > > > >*>, std::move_iterator<std::pair<long, std::vector<std::sub_match<__gnu_cxx::__normal_iterator<char const*, std::string> >, std::allocator<std::sub_match<__gnu_cxx::__normal_iterator<char const*, std::string> > > > >*>, std::pair<long, std::vector<std::sub_match<__gnu_cxx::__normal_iterator<char const*, std::string> >, std::allocator<std::sub_match<__gnu_cxx::__normal_iterator<char const*, std::string> > > > >*)
 .text._ZNSt6vectorISt9sub_matchIN9__gnu_cxx17__normal_iteratorIPKcSsEEESaIS6_EEC2ERKS8_
                0x0380c8e0       0x80 build/src/main.o
                0x0380c8e0                std::vector<std::sub_match<__gnu_cxx::__normal_iterator<char const*, std::string> >, std::allocator<std::sub_match<__gnu_cxx::__normal_iterator<char const*, std::string> > > >::vector(std::vector<std::sub_match<__gnu_cxx::__normal_iterator<char const*, std::string> >, std::allocator<std::sub_match<__gnu_cxx::__normal_iterator<char const*, std::string> > > > const&)
 .text._ZNSt6vectorIbSaIbEE14_M_fill_assignEjb
                0x0380c960       0xd8 build/src/main.o
                0x0380c960                std::vector<bool, std::allocator<bool> >::_M_fill_assign(unsigned int, bool)
 .text._ZNSt6vectorIbSaIbEE6insertESt19_Bit_const_iteratorjRKb
                0x0380ca38       0x8c build/src/main.o
                0x0380ca38                std::vector<bool, std::allocator<bool> >::insert(std::_Bit_const_iterator, unsigned int, bool const&)
 .text._ZNSt6vectorIbSaIbEE14_M_fill_insertESt13_Bit_iteratorjb
                0x0380cac4      0x4bc build/src/main.o
                0x0380cac4                std::vector<bool, std::allocator<bool> >::_M_fill_insert(std::_Bit_iterator, unsigned int, bool)
 .text._ZNKSt6vectorIbSaIbEE12_M_check_lenEjPKc
                0x0380cf80       0x60 build/src/main.o
                0x0380cf80                std::vector<bool, std::allocator<bool> >::_M_check_len(unsigned int, char const*) const
 .text._ZNSt6vectorIbSaIbEE15_M_copy_alignedESt19_Bit_const_iteratorS2_St13_Bit_iterator
                0x0380cfe0       0x68 build/src/main.o
                0x0380cfe0                std::vector<bool, std::allocator<bool> >::_M_copy_aligned(std::_Bit_const_iterator, std::_Bit_const_iterator, std::_Bit_iterator)
 .text._ZNSt20__copy_move_backwardILb0ELb0ESt26random_access_iterator_tagE13__copy_move_bISt13_Bit_iteratorS3_EET0_T_S5_S4_
                0x0380d048       0x90 build/src/main.o
                0x0380d048                std::_Bit_iterator std::__copy_move_backward<false, false, std::random_access_iterator_tag>::__copy_move_b<std::_Bit_iterator, std::_Bit_iterator>(std::_Bit_iterator, std::_Bit_iterator, std::_Bit_iterator)
 .text._ZNSt11__copy_moveILb0ELb0ESt26random_access_iterator_tagE8__copy_mISt19_Bit_const_iteratorSt13_Bit_iteratorEET0_T_S6_S5_
                0x0380d0d8       0x8c build/src/main.o
                0x0380d0d8                std::_Bit_iterator std::__copy_move<false, false, std::random_access_iterator_tag>::__copy_m<std::_Bit_const_iterator, std::_Bit_iterator>(std::_Bit_const_iterator, std::_Bit_const_iterator, std::_Bit_iterator)
 .text._ZNSt11__copy_moveILb0ELb0ESt26random_access_iterator_tagE8__copy_mISt13_Bit_iteratorS3_EET0_T_S5_S4_
                0x0380d164       0x8c build/src/main.o
                0x0380d164                std::_Bit_iterator std::__copy_move<false, false, std::random_access_iterator_tag>::__copy_m<std::_Bit_iterator, std::_Bit_iterator>(std::_Bit_iterator, std::_Bit_iterator, std::_Bit_iterator)
 .text._ZNSt6vectorISt9sub_matchIN9__gnu_cxx17__normal_iteratorIPKcSsEEESaIS6_EE14_M_move_assignEOS8_St17integral_constantIbLb1EE
                0x0380d1f0       0x5c build/src/main.o
                0x0380d1f0                std::vector<std::sub_match<__gnu_cxx::__normal_iterator<char const*, std::string> >, std::allocator<std::sub_match<__gnu_cxx::__normal_iterator<char const*, std::string> > > >::_M_move_assign(std::vector<std::sub_match<__gnu_cxx::__normal_iterator<char const*, std::string> >, std::allocator<std::sub_match<__gnu_cxx::__normal_iterator<char const*, std::string> > > >&&, std::integral_constant<bool, true>)
 .text._ZNKSt8__detail9_ExecutorIN9__gnu_cxx17__normal_iteratorIPKcSsEESaISt9sub_matchIS5_EESt12regex_traitsIcELb0EE16_M_word_boundaryENS_6_StateISA_EE
                0x0380d24c      0x10c build/src/main.o
                0x0380d24c                std::__detail::_Executor<__gnu_cxx::__normal_iterator<char const*, std::string>, std::allocator<std::sub_match<__gnu_cxx::__normal_iterator<char const*, std::string> > >, std::regex_traits<char>, false>::_M_word_boundary(std::__detail::_State<std::regex_traits<char> >) const
 .text._ZNSt8__detail9_ExecutorIN9__gnu_cxx17__normal_iteratorIPKcSsEESaISt9sub_matchIS5_EESt12regex_traitsIcELb0EE12_M_lookaheadENS_6_StateISA_EE
                0x0380d358      0x114 build/src/main.o
                0x0380d358                std::__detail::_Executor<__gnu_cxx::__normal_iterator<char const*, std::string>, std::allocator<std::sub_match<__gnu_cxx::__normal_iterator<char const*, std::string> > >, std::regex_traits<char>, false>::_M_lookahead(std::__detail::_State<std::regex_traits<char> >)
 .text._ZNKSt12regex_traitsIcE9transformIN9__gnu_cxx17__normal_iteratorIPKcSsEEEESsT_S7_
                0x0380d46c       0x98 build/src/main.o
                0x0380d46c                std::string std::regex_traits<char>::transform<__gnu_cxx::__normal_iterator<char const*, std::string> >(__gnu_cxx::__normal_iterator<char const*, std::string>, __gnu_cxx::__normal_iterator<char const*, std::string>) const
 .text._ZNSt6vectorISt9sub_matchIN9__gnu_cxx17__normal_iteratorIPKcSsEEESaIS6_EEaSERKS8_
                0x0380d504      0x1a0 build/src/main.o
                0x0380d504                std::vector<std::sub_match<__gnu_cxx::__normal_iterator<char const*, std::string> >, std::allocator<std::sub_match<__gnu_cxx::__normal_iterator<char const*, std::string> > > >::operator=(std::vector<std::sub_match<__gnu_cxx::__normal_iterator<char const*, std::string> >, std::allocator<std::sub_match<__gnu_cxx::__normal_iterator<char const*, std::string> > > > const&)
 .text._ZNSt6vectorISt9sub_matchIN9__gnu_cxx17__normal_iteratorIPKcSsEEESaIS6_EEC2EjRKS7_
                0x0380d6a4       0x60 build/src/main.o
                0x0380d6a4                std::vector<std::sub_match<__gnu_cxx::__normal_iterator<char const*, std::string> >, std::allocator<std::sub_match<__gnu_cxx::__normal_iterator<char const*, std::string> > > >::vector(unsigned int, std::allocator<std::sub_match<__gnu_cxx::__normal_iterator<char const*, std::string> > > const&)
 .text._ZNSt10unique_ptrINSt8__detail9_ExecutorIN9__gnu_cxx17__normal_iteratorIPKcSsEESaISt9sub_matchIS6_EESt12regex_traitsIcELb0EEESt14default_deleteISC_EED2Ev
                0x0380d704       0x74 build/src/main.o
                0x0380d704                std::unique_ptr<std::__detail::_Executor<__gnu_cxx::__normal_iterator<char const*, std::string>, std::allocator<std::sub_match<__gnu_cxx::__normal_iterator<char const*, std::string> > >, std::regex_traits<char>, false>, std::default_delete<std::__detail::_Executor<__gnu_cxx::__normal_iterator<char const*, std::string>, std::allocator<std::sub_match<__gnu_cxx::__normal_iterator<char const*, std::string> > >, std::regex_traits<char>, false> > >::~unique_ptr()
 .text._ZNSt10unique_ptrISt6vectorISt4pairIlS0_ISt9sub_matchIN9__gnu_cxx17__normal_iteratorIPKcSsEEESaIS8_EEESaISB_EESt14default_deleteISD_EED2Ev
                0x0380d778       0x30 build/src/main.o
                0x0380d778                std::unique_ptr<std::vector<std::pair<long, std::vector<std::sub_match<__gnu_cxx::__normal_iterator<char const*, std::string> >, std::allocator<std::sub_match<__gnu_cxx::__normal_iterator<char const*, std::string> > > > >, std::allocator<std::pair<long, std::vector<std::sub_match<__gnu_cxx::__normal_iterator<char const*, std::string> >, std::allocator<std::sub_match<__gnu_cxx::__normal_iterator<char const*, std::string> > > > > > >, std::default_delete<std::vector<std::pair<long, std::vector<std::sub_match<__gnu_cxx::__normal_iterator<char const*, std::string> >, std::allocator<std::sub_match<__gnu_cxx::__normal_iterator<char const*, std::string> > > > >, std::allocator<std::pair<long, std::vector<std::sub_match<__gnu_cxx::__normal_iterator<char const*, std::string> >, std::allocator<std::sub_match<__gnu_cxx::__normal_iterator<char const*, std::string> > > > > > > > >::~unique_ptr()
 .text._ZNSt8__detail9_ExecutorIN9__gnu_cxx17__normal_iteratorIPKcSsEESaISt9sub_matchIS5_EESt12regex_traitsIcELb1EE6_M_dfsILb0EEEvl
                0x0380d7a8      0x4ec build/src/main.o
                0x0380d7a8                void std::__detail::_Executor<__gnu_cxx::__normal_iterator<char const*, std::string>, std::allocator<std::sub_match<__gnu_cxx::__normal_iterator<char const*, std::string> > >, std::regex_traits<char>, true>::_M_dfs<false>(long)
 .text._ZNKSt8__detail9_ExecutorIN9__gnu_cxx17__normal_iteratorIPKcSsEESaISt9sub_matchIS5_EESt12regex_traitsIcELb1EE16_M_word_boundaryENS_6_StateISA_EE
                0x0380dc94      0x10c build/src/main.o
                0x0380dc94                std::__detail::_Executor<__gnu_cxx::__normal_iterator<char const*, std::string>, std::allocator<std::sub_match<__gnu_cxx::__normal_iterator<char const*, std::string> > >, std::regex_traits<char>, true>::_M_word_boundary(std::__detail::_State<std::regex_traits<char> >) const
 .text._ZNSt8__detail9_ExecutorIN9__gnu_cxx17__normal_iteratorIPKcSsEESaISt9sub_matchIS5_EESt12regex_traitsIcELb1EE12_M_lookaheadENS_6_StateISA_EE
                0x0380dda0      0x15c build/src/main.o